Component: ARM Compiler 5.06 update 4 (build 422) Tool: armlink [4d35d2]

==============================================================================

Section Cross References

    uart_2.o(i.CopeSerial2Data) refers to uart_2.o(.data) for ucRxCnt
    uart_2.o(i.CopeSerial2Data) refers to uart_2.o(.bss) for ucRxBuffer
    uart_2.o(i.Initial_UART2) refers to misc.o(i.NVIC_PriorityGroupConfig) for NVIC_PriorityGroupConfig
    uart_2.o(i.Initial_UART2) refers to stm32f10x_rcc.o(i.RCC_APB1PeriphClockCmd) for RCC_APB1PeriphClockCmd
    uart_2.o(i.Initial_UART2) refers to stm32f10x_gpio.o(i.GPIO_Init) for GPIO_Init
    uart_2.o(i.Initial_UART2) refers to stm32f10x_usart.o(i.USART_Init) for USART_Init
    uart_2.o(i.Initial_UART2) refers to stm32f10x_usart.o(i.USART_ITConfig) for USART_ITConfig
    uart_2.o(i.Initial_UART2) refers to stm32f10x_usart.o(i.USART_ClearFlag) for USART_ClearFlag
    uart_2.o(i.Initial_UART2) refers to stm32f10x_usart.o(i.USART_Cmd) for USART_Cmd
    uart_2.o(i.Initial_UART2) refers to misc.o(i.NVIC_Init) for NVIC_Init
    uart_2.o(i.UART2_Put_Char) refers to stm32f10x_usart.o(i.USART_ITConfig) for USART_ITConfig
    uart_2.o(i.UART2_Put_Char) refers to uart_2.o(.data) for count
    uart_2.o(i.UART2_Put_Char) refers to uart_2.o(.bss) for TxBuffer
    uart_2.o(i.UART2_Put_String) refers to uart_2.o(i.UART2_Put_Char) for UART2_Put_Char
    uart_2.o(i.USART2_IRQHandler) refers to stm32f10x_usart.o(i.USART_GetITStatus) for USART_GetITStatus
    uart_2.o(i.USART2_IRQHandler) refers to stm32f10x_usart.o(i.USART_SendData) for USART_SendData
    uart_2.o(i.USART2_IRQHandler) refers to stm32f10x_usart.o(i.USART_ClearITPendingBit) for USART_ClearITPendingBit
    uart_2.o(i.USART2_IRQHandler) refers to stm32f10x_usart.o(i.USART_ITConfig) for USART_ITConfig
    uart_2.o(i.USART2_IRQHandler) refers to uart_2.o(i.CopeSerial2Data) for CopeSerial2Data
    uart_2.o(i.USART2_IRQHandler) refers to uart_2.o(.data) for TxCounter
    uart_2.o(i.USART2_IRQHandler) refers to uart_2.o(.bss) for TxBuffer
    uart_2.o(i.sendcmd) refers to uart_2.o(i.UART2_Put_Char) for UART2_Put_Char
    tim.o(i.GPIO_motor_EN_and_dir) refers to stm32f10x_rcc.o(i.RCC_APB2PeriphClockCmd) for RCC_APB2PeriphClockCmd
    tim.o(i.GPIO_motor_EN_and_dir) refers to stm32f10x_gpio.o(i.GPIO_Init) for GPIO_Init
    tim.o(i.GPIO_motor_EN_and_dir) refers to stm32f10x_gpio.o(i.GPIO_ResetBits) for GPIO_ResetBits
    tim.o(i.GPIO_motor_EN_and_dir) refers to stm32f10x_gpio.o(i.GPIO_SetBits) for GPIO_SetBits
    tim.o(i.Mode_array) refers to cfcmple.o(.text) for __aeabi_cfcmpeq
    tim.o(i.TIMER6_Init) refers to stm32f10x_rcc.o(i.RCC_APB1PeriphClockCmd) for RCC_APB1PeriphClockCmd
    tim.o(i.TIMER6_Init) refers to stm32f10x_tim.o(i.TIM_TimeBaseInit) for TIM_TimeBaseInit
    tim.o(i.TIMER6_Init) refers to stm32f10x_tim.o(i.TIM_ITConfig) for TIM_ITConfig
    tim.o(i.TIMER6_Init) refers to misc.o(i.NVIC_Init) for NVIC_Init
    tim.o(i.TIMER6_Init) refers to stm32f10x_tim.o(i.TIM_Cmd) for TIM_Cmd
    tim.o(i.TIME_8_PWM_Init) refers to stm32f10x_rcc.o(i.RCC_APB2PeriphClockCmd) for RCC_APB2PeriphClockCmd
    tim.o(i.TIME_8_PWM_Init) refers to stm32f10x_gpio.o(i.GPIO_Init) for GPIO_Init
    tim.o(i.TIME_8_PWM_Init) refers to stm32f10x_gpio.o(i.GPIO_ResetBits) for GPIO_ResetBits
    tim.o(i.TIME_8_PWM_Init) refers to stm32f10x_tim.o(i.TIM_TimeBaseInit) for TIM_TimeBaseInit
    tim.o(i.TIME_8_PWM_Init) refers to stm32f10x_tim.o(i.TIM_OC1Init) for TIM_OC1Init
    tim.o(i.TIME_8_PWM_Init) refers to stm32f10x_tim.o(i.TIM_OC2Init) for TIM_OC2Init
    tim.o(i.TIME_8_PWM_Init) refers to stm32f10x_tim.o(i.TIM_OC3Init) for TIM_OC3Init
    tim.o(i.TIME_8_PWM_Init) refers to stm32f10x_tim.o(i.TIM_OC4Init) for TIM_OC4Init
    tim.o(i.TIME_8_PWM_Init) refers to stm32f10x_tim.o(i.TIM_CtrlPWMOutputs) for TIM_CtrlPWMOutputs
    tim.o(i.TIME_8_PWM_Init) refers to stm32f10x_tim.o(i.TIM_OC1PreloadConfig) for TIM_OC1PreloadConfig
    tim.o(i.TIME_8_PWM_Init) refers to stm32f10x_tim.o(i.TIM_OC2PreloadConfig) for TIM_OC2PreloadConfig
    tim.o(i.TIME_8_PWM_Init) refers to stm32f10x_tim.o(i.TIM_OC3PreloadConfig) for TIM_OC3PreloadConfig
    tim.o(i.TIME_8_PWM_Init) refers to stm32f10x_tim.o(i.TIM_OC4PreloadConfig) for TIM_OC4PreloadConfig
    tim.o(i.TIME_8_PWM_Init) refers to stm32f10x_tim.o(i.TIM_ARRPreloadConfig) for TIM_ARRPreloadConfig
    tim.o(i.TIME_8_PWM_Init) refers to stm32f10x_tim.o(i.TIM_ClearITPendingBit) for TIM_ClearITPendingBit
    tim.o(i.TIME_8_PWM_Init) refers to stm32f10x_tim.o(i.TIM_ITConfig) for TIM_ITConfig
    tim.o(i.TIME_8_PWM_Init) refers to misc.o(i.NVIC_Init) for NVIC_Init
    tim.o(i.TIME_8_PWM_Init) refers to stm32f10x_tim.o(i.TIM_Cmd) for TIM_Cmd
    delay.o(i.delay_init) refers to delay.o(.data) for fac_us
    delay.o(i.delay_ms) refers to delay.o(.data) for fac_ms
    delay.o(i.delay_us) refers to delay.o(.data) for fac_us
    usart_init.o(i.uart_1_init) refers to stm32f10x_rcc.o(i.RCC_APB2PeriphClockCmd) for RCC_APB2PeriphClockCmd
[...]
    Removing stm32f10x_tim.o(i.TIM_BDTRConfig), (32 bytes).
    Removing stm32f10x_tim.o(i.TIM_BDTRStructInit), (18 bytes).
    Removing stm32f10x_tim.o(i.TIM_CCPreloadControl), (24 bytes).
    Removing stm32f10x_tim.o(i.TIM_CCxCmd), (30 bytes).
    Removing stm32f10x_tim.o(i.TIM_CCxNCmd), (30 bytes).
    Removing stm32f10x_tim.o(i.TIM_ClearFlag), (6 bytes).
    Removing stm32f10x_tim.o(i.TIM_ClearOC1Ref), (18 bytes).
    Removing stm32f10x_tim.o(i.TIM_ClearOC2Ref), (24 bytes).
    Removing stm32f10x_tim.o(i.TIM_ClearOC3Ref), (18 bytes).
    Removing stm32f10x_tim.o(i.TIM_ClearOC4Ref), (24 bytes).
    Removing stm32f10x_tim.o(i.TIM_CounterModeConfig), (18 bytes).
    Removing stm32f10x_tim.o(i.TIM_DMACmd), (18 bytes).
    Removing stm32f10x_tim.o(i.TIM_DMAConfig), (10 bytes).
    Removing stm32f10x_tim.o(i.TIM_DeInit), (488 bytes).
    Removing stm32f10x_tim.o(i.TIM_ETRClockMode1Config), (54 bytes).
    Removing stm32f10x_tim.o(i.TIM_ETRClockMode2Config), (32 bytes).
    Removing stm32f10x_tim.o(i.TIM_ETRConfig), (28 bytes).
    Removing stm32f10x_tim.o(i.TIM_EncoderInterfaceConfig), (66 bytes).
    Removing stm32f10x_tim.o(i.TIM_ForcedOC1Config), (18 bytes).
    Removing stm32f10x_tim.o(i.TIM_ForcedOC2Config), (26 bytes).
    Removing stm32f10x_tim.o(i.TIM_ForcedOC3Config), (18 bytes).
    Removing stm32f10x_tim.o(i.TIM_ForcedOC4Config), (26 bytes).
    Removing stm32f10x_tim.o(i.TIM_GenerateEvent), (4 bytes).
    Removing stm32f10x_tim.o(i.TIM_GetCapture1), (6 bytes).
    Removing stm32f10x_tim.o(i.TIM_GetCapture2), (6 bytes).
    Removing stm32f10x_tim.o(i.TIM_GetCapture3), (6 bytes).
    Removing stm32f10x_tim.o(i.TIM_GetCapture4), (8 bytes).
    Removing stm32f10x_tim.o(i.TIM_GetCounter), (6 bytes).
    Removing stm32f10x_tim.o(i.TIM_GetFlagStatus), (18 bytes).
    Removing stm32f10x_tim.o(i.TIM_GetPrescaler), (6 bytes).
    Removing stm32f10x_tim.o(i.TIM_ICInit), (172 bytes).
    Removing stm32f10x_tim.o(i.TIM_ICStructInit), (18 bytes).
    Removing stm32f10x_tim.o(i.TIM_ITRxExternalClockConfig), (24 bytes).
    Removing stm32f10x_tim.o(i.TIM_InternalClockConfig), (12 bytes).
    Removing stm32f10x_tim.o(i.TIM_OC1FastConfig), (18 bytes).
    Removing stm32f10x_tim.o(i.TIM_OC1NPolarityConfig), (18 bytes).
    Removing stm32f10x_tim.o(i.TIM_OC1PolarityConfig), (18 bytes).
    Removing stm32f10x_tim.o(i.TIM_OC2FastConfig), (26 bytes).
    Removing stm32f10x_tim.o(i.TIM_OC2NPolarityConfig), (26 bytes).
    Removing stm32f10x_tim.o(i.TIM_OC2PolarityConfig), (26 bytes).
    Removing stm32f10x_tim.o(i.TIM_OC3FastConfig), (18 bytes).
    Removing stm32f10x_tim.o(i.TIM_OC3NPolarityConfig), (26 bytes).
    Removing stm32f10x_tim.o(i.TIM_OC3PolarityConfig), (26 bytes).
    Removing stm32f10x_tim.o(i.TIM_OC4FastConfig), (26 bytes).
    Removing stm32f10x_tim.o(i.TIM_OC4PolarityConfig), (26 bytes).
    Removing stm32f10x_tim.o(i.TIM_OCStructInit), (20 bytes).
    Removing stm32f10x_tim.o(i.TIM_PWMIConfig), (124 bytes).
    Removing stm32f10x_tim.o(i.TIM_PrescalerConfig), (6 bytes).
    Removing stm32f10x_tim.o(i.TIM_SelectCCDMA), (24 bytes).
    Removing stm32f10x_tim.o(i.TIM_SelectCOM), (24 bytes).
    Removing stm32f10x_tim.o(i.TIM_SelectHallSensor), (24 bytes).
    Removing stm32f10x_tim.o(i.TIM_SelectInputTrigger), (18 bytes).
    Removing stm32f10x_tim.o(i.TIM_SelectMasterSlaveMode), (18 bytes).
    Removing stm32f10x_tim.o(i.TIM_SelectOCxM), (82 bytes).
    Removing stm32f10x_tim.o(i.TIM_SelectOnePulseMode), (18 bytes).
    Removing stm32f10x_tim.o(i.TIM_SelectOutputTrigger), (18 bytes).
    Removing stm32f10x_tim.o(i.TIM_SelectSlaveMode), (18 bytes).
    Removing stm32f10x_tim.o(i.TIM_SetAutoreload), (4 bytes).
    Removing stm32f10x_tim.o(i.TIM_SetClockDivision), (18 bytes).
    Removing stm32f10x_tim.o(i.TIM_SetCompare1), (4 bytes).
    Removing stm32f10x_tim.o(i.TIM_SetCompare2), (4 bytes).
    Removing stm32f10x_tim.o(i.TIM_SetCompare3), (4 bytes).
    Removing stm32f10x_tim.o(i.TIM_SetCompare4), (6 bytes).
    Removing stm32f10x_tim.o(i.TIM_SetCounter), (4 bytes).
    Removing stm32f10x_tim.o(i.TIM_SetIC1Prescaler), (18 bytes).
    Removing stm32f10x_tim.o(i.TIM_SetIC2Prescaler), (26 bytes).
    Removing stm32f10x_tim.o(i.TIM_SetIC3Prescaler), (18 bytes).
    Removing stm32f10x_tim.o(i.TIM_SetIC4Prescaler), (26 bytes).
    Removing stm32f10x_tim.o(i.TIM_TIxExternalClockConfig), (62 bytes).
    Removing stm32f10x_tim.o(i.TIM_TimeBaseStructInit), (18 bytes).
    Removing stm32f10x_tim.o(i.TIM_UpdateDisableConfig), (24 bytes).
    Removing stm32f10x_tim.o(i.TIM_UpdateRequestConfig), (24 bytes).
    Removing stm32f10x_usart.o(i.USART_ClockInit), (34 bytes).
    Removing stm32f10x_usart.o(i.USART_ClockStructInit), (12 bytes).
    Removing stm32f10x_usart.o(i.USART_DMACmd), (18 bytes).
    Removing stm32f10x_usart.o(i.USART_DeInit), (156 bytes).
    Removing stm32f10x_usart.o(i.USART_HalfDuplexCmd), (24 bytes).
    Removing stm32f10x_usart.o(i.USART_IrDACmd), (24 bytes).
    Removing stm32f10x_usart.o(i.USART_IrDAConfig), (18 bytes).
    Removing stm32f10x_usart.o(i.USART_LINBreakDetectLengthConfig), (18 bytes).
    Removing stm32f10x_usart.o(i.USART_LINCmd), (24 bytes).
    Removing stm32f10x_usart.o(i.USART_OneBitMethodCmd), (24 bytes).
    Removing stm32f10x_usart.o(i.USART_OverSampling8Cmd), (22 bytes).
    Removing stm32f10x_usart.o(i.USART_ReceiverWakeUpCmd), (24 bytes).
    Removing stm32f10x_usart.o(i.USART_SendBreak), (10 bytes).
    Removing stm32f10x_usart.o(i.USART_SetAddress), (18 bytes).
    Removing stm32f10x_usart.o(i.USART_SetGuardTime), (16 bytes).
    Removing stm32f10x_usart.o(i.USART_SetPrescaler), (16 bytes).
    Removing stm32f10x_usart.o(i.USART_SmartCardCmd), (24 bytes).
    Removing stm32f10x_usart.o(i.USART_SmartCardNACKCmd), (24 bytes).
    Removing stm32f10x_usart.o(i.USART_StructInit), (24 bytes).
    Removing stm32f10x_usart.o(i.USART_WakeUpConfig), (18 bytes).
    Removing stm32f10x_wwdg.o(i.WWDG_ClearFlag), (12 bytes).
    Removing stm32f10x_wwdg.o(i.WWDG_DeInit), (22 bytes).
    Removing stm32f10x_wwdg.o(i.WWDG_Enable), (16 bytes).
    Removing stm32f10x_wwdg.o(i.WWDG_EnableIT), (12 bytes).
    Removing stm32f10x_wwdg.o(i.WWDG_GetFlagStatus), (12 bytes).
    Removing stm32f10x_wwdg.o(i.WWDG_SetCounter), (16 bytes).
    Removing stm32f10x_wwdg.o(i.WWDG_SetPrescaler), (24 bytes).
    Removing stm32f10x_wwdg.o(i.WWDG_SetWindowValue), (40 bytes).
    Removing ffixui.o(.text), (40 bytes).

476 unused section(s) (total 24870 bytes) removed from the image.

==============================================================================

Image Symbol Table

    Local Symbols

    Symbol Name                              Value     Ov Type        Size  Object(Section)

    ../clib/../cmprslib/zerorunl2.c          0x00000000   Number         0  __dczerorl2.o ABSOLUTE
    ../clib/microlib/ctype/ctype.c           0x00000000   Number         0  ctype_c.o ABSOLUTE
    ../clib/microlib/ctype/ctype.c           0x00000000   Number         0  isspace_c.o ABSOLUTE
    ../clib/microlib/division.c              0x00000000   Number         0  uidiv.o ABSOLUTE
    ../clib/microlib/division.c              0x00000000   Number         0  uldiv.o ABSOLUTE
    ../clib/microlib/init/entry.s            0x00000000   Number         0  entry10b.o ABSOLUTE
    ../clib/microlib/init/entry.s            0x00000000   Number         0  entry.o ABSOLUTE
    ../clib/microlib/init/entry.s            0x00000000   Number         0  entry5.o ABSOLUTE
    ../clib/microlib/init/entry.s            0x00000000   Number         0  entry8b.o ABSOLUTE
    ../clib/microlib/init/entry.s            0x00000000   Number         0  entry11a.o ABSOLUTE
    ../clib/microlib/init/entry.s            0x00000000   Number         0  entry2.o ABSOLUTE
    ../clib/microlib/init/entry.s            0x00000000   Number         0  entry11b.o ABSOLUTE
    ../clib/microlib/init/entry.s            0x00000000   Number         0  entry7a.o ABSOLUTE
    ../clib/microlib/init/entry.s            0x00000000   Number         0  entry7b.o ABSOLUTE
    ../clib/microlib/init/entry.s            0x00000000   Number         0  entry8a.o ABSOLUTE
    ../clib/microlib/init/entry.s            0x00000000   Number         0  entry10a.o ABSOLUTE
    ../clib/microlib/init/entry.s            0x00000000   Number         0  entry9a.o ABSOLUTE
    ../clib/microlib/init/entry.s            0x00000000   Number         0  entry9b.o ABSOLUTE
    ../clib/microlib/longlong.c              0x00000000   Number         0  llushr.o ABSOLUTE
    ../clib/microlib/longlong.c              0x00000000   Number         0  llsshr.o ABSOLUTE
    ../clib/microlib/longlong.c              0x00000000   Number         0  llshl.o ABSOLUTE
    ../clib/microlib/printf/printf.c         0x00000000   Number         0  printf1.o ABSOLUTE
    ../clib/microlib/printf/printf.c         0x00000000   Number         0  printf0.o ABSOLUTE
    ../clib/microlib/printf/printf.c         0x00000000   Number         0  printfb.o ABSOLUTE
    ../clib/microlib/printf/printf.c         0x00000000   Number         0  printf7.o ABSOLUTE
    ../clib/microlib/printf/printf.c         0x00000000   Number         0  printf6.o ABSOLUTE
    ../clib/microlib/printf/printf.c         0x00000000   Number         0  printf5.o ABSOLUTE
    ../clib/microlib/printf/printf.c         0x00000000   Number         0  printf4.o ABSOLUTE
    ../clib/microlib/printf/printf.c         0x00000000   Number         0  printf3.o ABSOLUTE
    ../clib/microlib/printf/printf.c         0x00000000   Number         0  printf2.o ABSOLUTE
    ../clib/microlib/printf/printf.c         0x00000000   Number         0  printf8.o ABSOLUTE
    ../clib/microlib/printf/printf.c         0x00000000   Number         0  printfa.o ABSOLUTE
    ../clib/microlib/printf/stubs.s          0x00000000   Number         0  stubs.o ABSOLUTE
    ../clib/microlib/stdio/fputc.c           0x00000000   Number         0  fputc.o ABSOLUTE
    ../clib/microlib/stdio/semi.s            0x00000000   Number         0  semi.o ABSOLUTE
    ../clib/microlib/stdio/streams.c         0x00000000   Number         0  stdout.o ABSOLUTE
    ../clib/microlib/string/strcmp.c         0x00000000   Number         0  strcmp.o ABSOLUTE
    ../clib/microlib/string/strcpy.c         0x00000000   Number         0  strcpy.o ABSOLUTE
    ../clib/microlib/stubs.s                 0x00000000   Number         0  iusefp.o ABSOLUTE
    ../clib/microlib/stubs.s                 0x00000000   Number         0  iusesemip.o ABSOLUTE
    ../clib/scanf.c                          0x00000000   Number         0  scanf_char.o ABSOLUTE
    ../clib/scanf.c                          0x00000000   Number         0  _scanf.o ABSOLUTE
    ../clib/scanf.c                          0x00000000   Number         0  _scanf_int.o ABSOLUTE
    ../clib/scanf.c                          0x00000000   Number         0  __0sscanf.o ABSOLUTE
    ../clib/scanf.c                          0x00000000   Number         0  _sgetc.o ABSOLUTE
    ../clib/scanf.c                          0x00000000   Number         0  _scanf_str.o ABSOLUTE
    ../clib/scanf.c                          0x00000000   Number         0  _chval.o ABSOLUTE
    ../fplib/microlib/d2f.c                  0x00000000   Number         0  d2f.o ABSOLUTE
    ../fplib/microlib/f2d.c                  0x00000000   Number         0  f2d.o ABSOLUTE
    ../fplib/microlib/fpadd.c                0x00000000   Number         0  fadd.o ABSOLUTE
    ../fplib/microlib/fpadd.c                0x00000000   Number         0  dadd.o ABSOLUTE
    ../fplib/microlib/fpdiv.c                0x00000000   Number         0  fdiv.o ABSOLUTE
    ../fplib/microlib/fpdiv.c                0x00000000   Number         0  ddiv.o ABSOLUTE
    ../fplib/microlib/fpepilogue.c           0x00000000   Number         0  depilogue.o ABSOLUTE
    ../fplib/microlib/fpepilogue.c           0x00000000   Number         0  fepilogue.o ABSOLUTE
    ../fplib/microlib/fpfix.c                0x00000000   Number         0  ffixui.o ABSOLUTE
    ../fplib/microlib/fpfix.c                0x00000000   Number         0  ffixi.o ABSOLUTE
    ../fplib/microlib/fpfix.c                0x00000000   Number         0  dfixul.o ABSOLUTE
    ../fplib/microlib/fpfix.c                0x00000000   Number         0  dfixi.o ABSOLUTE
    ../fplib/microlib/fpflt.c                0x00000000   Number         0  ffltui.o ABSOLUTE
    ../fplib/microlib/fpflt.c                0x00000000   Number         0  fflti.o ABSOLUTE
    ../fplib/microlib/fpmul.c                0x00000000   Number         0  fmul.o ABSOLUTE
    ../fplib/microlib/fpmul.c                0x00000000   Number         0  dmul.o ABSOLUTE
    CORE\\core_cm3.c                         0x00000000   Number         0  core_cm3.o ABSOLUTE
    CORE\core_cm3.c                          0x00000000   Number         0  core_cm3.o ABSOLUTE
    CORE\startup_stm32f10x_hd.s              0x00000000   Number         0  startup_stm32f10x_hd.o ABSOLUTE
    HARDWARE\1.69LCD\lcd_fonts.c             0x00000000   Number         0  lcd_fonts.o ABSOLUTE
    HARDWARE\1.69LCD\lcd_image.c             0x00000000   Number         0  lcd_image.o ABSOLUTE
    HARDWARE\1.69LCD\lcd_spi_169.c           0x00000000   Number         0  lcd_spi_169.o ABSOLUTE
    HARDWARE\24CXX\24cxx.c                   0x00000000   Number         0  24cxx.o ABSOLUTE
    HARDWARE\TIM\TIM.C                       0x00000000   Number         0  tim.o ABSOLUTE
    HARDWARE\motor\motor.c                   0x00000000   Number         0  motor.o ABSOLUTE
    HARDWARE\uart\blue.c                     0x00000000   Number         0  blue.o ABSOLUTE
    HARDWARE\uart\uart_2.c                   0x00000000   Number         0  uart_2.o ABSOLUTE
    HARDWARE\uart\usart_3.c                  0x00000000   Number         0  usart_3.o ABSOLUTE
    HARDWARE\usart_init\usart_init.c         0x00000000   Number         0  usart_init.o ABSOLUTE
    STM32F10x_FWLib\src\misc.c               0x00000000   Number         0  misc.o ABSOLUTE
    STM32F10x_FWLib\src\stm32f10x_adc.c      0x00000000   Number         0  stm32f10x_adc.o ABSOLUTE
    STM32F10x_FWLib\src\stm32f10x_bkp.c      0x00000000   Number         0  stm32f10x_bkp.o ABSOLUTE
    STM32F10x_FWLib\src\stm32f10x_can.c      0x00000000   Number         0  stm32f10x_can.o ABSOLUTE
    STM32F10x_FWLib\src\stm32f10x_cec.c      0x00000000   Number         0  stm32f10x_cec.o ABSOLUTE
    STM32F10x_FWLib\src\stm32f10x_crc.c      0x00000000   Number         0  stm32f10x_crc.o ABSOLUTE
    STM32F10x_FWLib\src\stm32f10x_dac.c      0x00000000   Number         0  stm32f10x_dac.o ABSOLUTE
    STM32F10x_FWLib\src\stm32f10x_dbgmcu.c   0x00000000   Number         0  stm32f10x_dbgmcu.o ABSOLUTE
    STM32F10x_FWLib\src\stm32f10x_dma.c      0x00000000   Number         0  stm32f10x_dma.o ABSOLUTE
    STM32F10x_FWLib\src\stm32f10x_exti.c     0x00000000   Number         0  stm32f10x_exti.o ABSOLUTE
    STM32F10x_FWLib\src\stm32f10x_flash.c    0x00000000   Number         0  stm32f10x_flash.o ABSOLUTE
    STM32F10x_FWLib\src\stm32f10x_fsmc.c     0x00000000   Number         0  stm32f10x_fsmc.o ABSOLUTE
    STM32F10x_FWLib\src\stm32f10x_gpio.c     0x00000000   Number         0  stm32f10x_gpio.o ABSOLUTE
    STM32F10x_FWLib\src\stm32f10x_i2c.c      0x00000000   Number         0  stm32f10x_i2c.o ABSOLUTE
    STM32F10x_FWLib\src\stm32f10x_iwdg.c     0x00000000   Number         0  stm32f10x_iwdg.o ABSOLUTE
    STM32F10x_FWLib\src\stm32f10x_pwr.c      0x00000000   Number         0  stm32f10x_pwr.o ABSOLUTE
    STM32F10x_FWLib\src\stm32f10x_rcc.c      0x00000000   Number         0  stm32f10x_rcc.o ABSOLUTE
    STM32F10x_FWLib\src\stm32f10x_rtc.c      0x00000000   Number         0  stm32f10x_rtc.o ABSOLUTE
    STM32F10x_FWLib\src\stm32f10x_sdio.c     0x00000000   Number         0  stm32f10x_sdio.o ABSOLUTE
    STM32F10x_FWLib\src\stm32f10x_spi.c      0x00000000   Number         0  stm32f10x_spi.o ABSOLUTE
    STM32F10x_FWLib\src\stm32f10x_tim.c      0x00000000   Number         0  stm32f10x_tim.o ABSOLUTE
    STM32F10x_FWLib\src\stm32f10x_usart.c    0x00000000   Number         0  stm32f10x_usart.o ABSOLUTE
    STM32F10x_FWLib\src\stm32f10x_wwdg.c     0x00000000   Number         0  stm32f10x_wwdg.o ABSOLUTE
    SYSTEM\\sys\\sys.c                       0x00000000   Number         0  sys.o ABSOLUTE
    SYSTEM\delay\delay.c                     0x00000000   Number         0  delay.o ABSOLUTE
    SYSTEM\sys\sys.c                         0x00000000   Number         0  sys.o ABSOLUTE
    USER\main.c                              0x00000000   Number         0  main.o ABSOLUTE
    USER\stm32f10x_it.c                      0x00000000   Number         0  stm32f10x_it.o ABSOLUTE
    USER\system_stm32f10x.c                  0x00000000   Number         0  system_stm32f10x.o ABSOLUTE
    cdcmple.s                                0x00000000   Number         0  cdcmple.o ABSOLUTE
    cdrcmple.s                               0x00000000   Number         0  cdrcmple.o ABSOLUTE
    cfcmple.s                                0x00000000   Number         0  cfcmple.o ABSOLUTE
    cfrcmple.s                               0x00000000   Number         0  cfrcmple.o ABSOLUTE
    dc.s                                     0x00000000   Number         0  dc.o ABSOLUTE
    handlers.s                               0x00000000   Number         0  handlers.o ABSOLUTE
    init.s                                   0x00000000   Number         0  init.o ABSOLUTE
    RESET                                    0x08000000   Section      304  startup_stm32f10x_hd.o(RESET)
    .ARM.Collect$$$$00000000                 0x08000130   Section        0  entry.o(.ARM.Collect$$$$00000000)
    .ARM.Collect$$$$00000001                 0x08000130   Section        4  entry2.o(.ARM.Collect$$$$00000001)
    .ARM.Collect$$$$00000004                 0x08000134   Section        4  entry5.o(.ARM.Collect$$$$00000004)
    .ARM.Collect$$$$00000008                 0x08000138   Section        0  entry7b.o(.ARM.Collect$$$$00000008)
    .ARM.Collect$$$$0000000A                 0x08000138   Section        0  entry8b.o(.ARM.Collect$$$$0000000A)
    .ARM.Collect$$$$0000000B                 0x08000138   Section        8  entry9a.o(.ARM.Collect$$$$0000000B)
    .ARM.Collect$$$$0000000D                 0x08000140   Section        0  entry10a.o(.ARM.Collect$$$$0000000D)
    .ARM.Collect$$$$0000000F                 0x08000140   Section        0  entry11a.o(.ARM.Collect$$$$0000000F)
    .ARM.Collect$$$$00002712                 0x08000140   Section        4  entry2.o(.ARM.Collect$$$$00002712)
    __lit__00000000                          0x08000140   Data           4  entry2.o(.ARM.Collect$$$$00002712)
    .text                                    0x08000144   Section       36  startup_stm32f10x_hd.o(.text)
    .text                                    0x08000168   Section        0  strcmp.o(.text)
    .text                                    0x08000184   Section        0  strcpy.o(.text)
    .text                                    0x08000198   Section        0  __0sscanf.o(.text)
    .text                                    0x080001d0   Section        0  _scanf_int.o(.text)
    .text                                    0x0800031c   Section        0  _scanf_str.o(.text)
    .text                                    0x080003fc   Section        0  fadd.o(.text)
    .text                                    0x080004ac   Section        0  fmul.o(.text)
    .text                                    0x08000510   Section        0  fdiv.o(.text)
    .text                                    0x0800058c   Section        0  dadd.o(.text)
    .text                                    0x080006da   Section        0  dmul.o(.text)
    .text                                    0x080007be   Section        0  ddiv.o(.text)
    .text                                    0x0800089c   Section        0  fflti.o(.text)
    .text                                    0x080008ae   Section        0  ffltui.o(.text)
    .text                                    0x080008b8   Section        0  ffixi.o(.text)
    .text                                    0x080008ea   Section        0  dfixi.o(.text)
    .text                                    0x08000928   Section        0  f2d.o(.text)
    .text                                    0x08000950   Section       48  cdcmple.o(.text)
    .text                                    0x08000980   Section       48  cdrcmple.o(.text)
    .text                                    0x080009b0   Section        0  d2f.o(.text)
    .text                                    0x080009e8   Section       20  cfcmple.o(.text)
    .text                                    0x080009fc   Section       20  cfrcmple.o(.text)
    .text                                    0x08000a10   Section        0  uidiv.o(.text)
    .text                                    0x08000a3c   Section        0  uldiv.o(.text)
    .text                                    0x08000a9e   Section        0  llshl.o(.text)
    .text                                    0x08000abc   Section        0  llushr.o(.text)
    .text                                    0x08000adc   Section        0  llsshr.o(.text)
    .text                                    0x08000b00   Section        0  _chval.o(.text)
    .text                                    0x08000b1c   Section        0  scanf_char.o(.text)
    _scanf_char_input                        0x08000b1d   Thumb Code    12  scanf_char.o(.text)
    .text                                    0x08000b44   Section        0  _sgetc.o(.text)
    .text                                    0x08000b84   Section        0  iusefp.o(.text)
    .text                                    0x08000b84   Section        0  fepilogue.o(.text)
    .text                                    0x08000bf2   Section        0  depilogue.o(.text)
    .text                                    0x08000cac   Section        0  dfixul.o(.text)
    .text                                    0x08000cdc   Section       36  init.o(.text)
    .text                                    0x08000d00   Section        0  isspace_c.o(.text)
    .text                                    0x08000d0c   Section        0  _scanf.o(.text)
    .text                                    0x08001038   Section        0  ctype_c.o(.text)
    .text                                    0x08001060   Section        0  __dczerorl2.o(.text)
    i.BusFault_Handler                       0x080010b6   Section        0  stm32f10x_it.o(i.BusFault_Handler)
    i.CopeSerial2Data                        0x080010bc   Section        0  uart_2.o(i.CopeSerial2Data)
    i.DebugMon_Handler                       0x08001110   Section        0  stm32f10x_it.o(i.DebugMon_Handler)
    i.GPIO_Init                              0x08001112   Section        0  stm32f10x_gpio.o(i.GPIO_Init)
    i.GPIO_PinRemapConfig                    0x08001228   Section        0  stm32f10x_gpio.o(i.GPIO_PinRemapConfig)
    i.GPIO_ResetBits                         0x080012b8   Section        0  stm32f10x_gpio.o(i.GPIO_ResetBits)
    i.GPIO_SetBits                           0x080012bc   Section        0  stm32f10x_gpio.o(i.GPIO_SetBits)
    i.GPIO_motor_EN_and_dir                  0x080012c0   Section        0  tim.o(i.GPIO_motor_EN_and_dir)
    i.HardFault_Handler                      0x08001324   Section        0  stm32f10x_it.o(i.HardFault_Handler)
    i.INTX_DISABLE                           0x08001328   Section        0  sys.o(i.INTX_DISABLE)
    i.Initial_UART2                          0x0800132c   Section        0  uart_2.o(i.Initial_UART2)
    i.LCD_Clear                              0x080013e8   Section        0  lcd_spi_169.o(i.LCD_Clear)
    i.LCD_Delay                              0x080014a0   Section        0  lcd_spi_169.o(i.LCD_Delay)
    i.LCD_DisplayChar                        0x080014cc   Section        0  lcd_spi_169.o(i.LCD_DisplayChar)
    i.LCD_DisplayNumber                      0x080015ac   Section        0  lcd_spi_169.o(i.LCD_DisplayNumber)
    i.LCD_DisplayString                      0x080015f8   Section        0  lcd_spi_169.o(i.LCD_DisplayString)
    i.LCD_GPIO_Config                        0x08001630   Section        0  lcd_spi_169.o(i.LCD_GPIO_Config)
    i.LCD_SPI_Config                         0x080016d4   Section        0  lcd_spi_169.o(i.LCD_SPI_Config)
    i.LCD_SetAddress                         0x08001730   Section        0  lcd_spi_169.o(i.LCD_SetAddress)
    i.LCD_SetAsciiFont                       0x080017ac   Section        0  lcd_spi_169.o(i.LCD_SetAsciiFont)
    i.LCD_SetBackColor                       0x080017b8   Section        0  lcd_spi_169.o(i.LCD_SetBackColor)
    i.LCD_SetColor                           0x080017e0   Section        0  lcd_spi_169.o(i.LCD_SetColor)
    i.LCD_SetDirection                       0x08001808   Section        0  lcd_spi_169.o(i.LCD_SetDirection)
    i.LCD_ShowNumMode                        0x080018d0   Section        0  lcd_spi_169.o(i.LCD_ShowNumMode)
    i.LCD_WriteBuff                          0x080018dc   Section        0  lcd_spi_169.o(i.LCD_WriteBuff)
    i.LCD_WriteCommand                       0x08001970   Section        0  lcd_spi_169.o(i.LCD_WriteCommand)
    i.LCD_WriteData_16bit                    0x080019bc   Section        0  lcd_spi_169.o(i.LCD_WriteData_16bit)
    i.LCD_WriteData_8bit                     0x080019e8   Section        0  lcd_spi_169.o(i.LCD_WriteData_8bit)
    i.MemManage_Handler                      0x08001a00   Section        0  stm32f10x_it.o(i.MemManage_Handler)
    i.Mode_array                             0x08001a04   Section        0  tim.o(i.Mode_array)
    i.NMI_Handler                            0x08001ac6   Section        0  stm32f10x_it.o(i.NMI_Handler)
    i.NVIC_Init                              0x08001ac8   Section        0  misc.o(i.NVIC_Init)
    i.NVIC_PriorityGroupConfig               0x08001b38   Section        0  misc.o(i.NVIC_PriorityGroupConfig)
    i.PendSV_Handler                         0x08001b4c   Section        0  stm32f10x_it.o(i.PendSV_Handler)
    i.RCC_APB1PeriphClockCmd                 0x08001b50   Section        0  stm32f10x_rcc.o(i.RCC_APB1PeriphClockCmd)
    i.RCC_APB2PeriphClockCmd                 0x08001b70   Section        0  stm32f10x_rcc.o(i.RCC_APB2PeriphClockCmd)
    i.RCC_GetClocksFreq                      0x08001b90   Section        0  stm32f10x_rcc.o(i.RCC_GetClocksFreq)
    i.SPI_Cmd                                0x08001c64   Section        0  stm32f10x_spi.o(i.SPI_Cmd)
    i.SPI_Init                               0x08001c7c   Section        0  stm32f10x_spi.o(i.SPI_Init)
    i.SPI_LCD_Init                           0x08001cb8   Section        0  lcd_spi_169.o(i.SPI_LCD_Init)
    i.SVC_Handler                            0x08001e90   Section        0  stm32f10x_it.o(i.SVC_Handler)
    i.S_go                                   0x08001e94   Section        0  motor.o(i.S_go)
    i.SetSysClock                            0x08001ff8   Section        0  system_stm32f10x.o(i.SetSysClock)
    SetSysClock                              0x08001ff9   Thumb Code     8  system_stm32f10x.o(i.SetSysClock)
    i.SetSysClockTo72                        0x08002000   Section        0  system_stm32f10x.o(i.SetSysClockTo72)
    SetSysClockTo72                          0x08002001   Thumb Code   214  system_stm32f10x.o(i.SetSysClockTo72)
    i.SysTick_Handler                        0x080020e0   Section        0  stm32f10x_it.o(i.SysTick_Handler)
    i.SystemInit                             0x080020e4   Section        0  system_stm32f10x.o(i.SystemInit)
    i.TIM6_IRQHandler                        0x08002144   Section        0  main.o(i.TIM6_IRQHandler)
    i.TIM8_UP_IRQHandler                     0x0800224c   Section        0  main.o(i.TIM8_UP_IRQHandler)
    i.TIMER6_Init                            0x080022b4   Section        0  tim.o(i.TIMER6_Init)
    i.TIME_8_PWM_Init                        0x0800231c   Section        0  tim.o(i.TIME_8_PWM_Init)
    i.TIM_ARRPreloadConfig                   0x08002428   Section        0  stm32f10x_tim.o(i.TIM_ARRPreloadConfig)
    i.TIM_ClearITPendingBit                  0x08002440   Section        0  stm32f10x_tim.o(i.TIM_ClearITPendingBit)
    i.TIM_Cmd                                0x08002446   Section        0  stm32f10x_tim.o(i.TIM_Cmd)
    i.TIM_CtrlPWMOutputs                     0x0800245e   Section        0  stm32f10x_tim.o(i.TIM_CtrlPWMOutputs)
    i.TIM_GetITStatus                        0x0800247c   Section        0  stm32f10x_tim.o(i.TIM_GetITStatus)
    i.TIM_ITConfig                           0x0800249e   Section        0  stm32f10x_tim.o(i.TIM_ITConfig)
    i.TIM_OC1Init                            0x080024b0   Section        0  stm32f10x_tim.o(i.TIM_OC1Init)
    i.TIM_OC1PreloadConfig                   0x08002548   Section        0  stm32f10x_tim.o(i.TIM_OC1PreloadConfig)
    i.TIM_OC2Init                            0x0800255c   Section        0  stm32f10x_tim.o(i.TIM_OC2Init)
    i.TIM_OC2PreloadConfig                   0x08002600   Section        0  stm32f10x_tim.o(i.TIM_OC2PreloadConfig)
    i.TIM_OC3Init                            0x0800261c   Section        0  stm32f10x_tim.o(i.TIM_OC3Init)
    i.TIM_OC3PreloadConfig                   0x080026bc   Section        0  stm32f10x_tim.o(i.TIM_OC3PreloadConfig)
    i.TIM_OC4Init                            0x080026d0   Section        0  stm32f10x_tim.o(i.TIM_OC4Init)
    i.TIM_OC4PreloadConfig                   0x0800274c   Section        0  stm32f10x_tim.o(i.TIM_OC4PreloadConfig)
    i.TIM_TimeBaseInit                       0x08002768   Section        0  stm32f10x_tim.o(i.TIM_TimeBaseInit)
    i.UART4_IRQHandler                       0x0800280c   Section        0  blue.o(i.UART4_IRQHandler)
    i.USART1_IRQHandler                      0x08002a0c   Section        0  usart_3.o(i.USART1_IRQHandler)
    i.USART2_IRQHandler                      0x08002aa4   Section        0  uart_2.o(i.USART2_IRQHandler)
    i.USART3_IRQHandler                      0x08002b2c   Section        0  usart_3.o(i.USART3_IRQHandler)
    i.USART_ClearFlag                        0x08002bb4   Section        0  stm32f10x_usart.o(i.USART_ClearFlag)
    i.USART_ClearITPendingBit                0x08002bc6   Section        0  stm32f10x_usart.o(i.USART_ClearITPendingBit)
    i.USART_Cmd                              0x08002be4   Section        0  stm32f10x_usart.o(i.USART_Cmd)
    i.USART_GetFlagStatus                    0x08002bfc   Section        0  stm32f10x_usart.o(i.USART_GetFlagStatus)
    i.USART_GetITStatus                      0x08002c16   Section        0  stm32f10x_usart.o(i.USART_GetITStatus)
    i.USART_ITConfig                         0x08002c6a   Section        0  stm32f10x_usart.o(i.USART_ITConfig)
    i.USART_Init                             0x08002cb4   Section        0  stm32f10x_usart.o(i.USART_Init)
    i.USART_ReceiveData                      0x08002d8c   Section        0  stm32f10x_usart.o(i.USART_ReceiveData)
    i.USART_SendData                         0x08002d96   Section        0  stm32f10x_usart.o(i.USART_SendData)
    i.USART_SendString                       0x08002da0   Section        0  blue.o(i.USART_SendString)
    i.UsageFault_Handler                     0x08002df4   Section        0  stm32f10x_it.o(i.UsageFault_Handler)
    i.__0sprintf                             0x08002df8   Section        0  printfa.o(i.__0sprintf)
    i.__scatterload_copy                     0x08002e20   Section       14  handlers.o(i.__scatterload_copy)
    i.__scatterload_null                     0x08002e2e   Section        2  handlers.o(i.__scatterload_null)
    i.__scatterload_zeroinit                 0x08002e30   Section       14  handlers.o(i.__scatterload_zeroinit)
    i._fp_digits                             0x08002e40   Section        0  printfa.o(i._fp_digits)
    _fp_digits                               0x08002e41   Thumb Code   366  printfa.o(i._fp_digits)
    i._printf_core                           0x08002fc4   Section        0  printfa.o(i._printf_core)
    _printf_core                             0x08002fc5   Thumb Code  1744  printfa.o(i._printf_core)
    i._printf_post_padding                   0x080036a0   Section        0  printfa.o(i._printf_post_padding)
    _printf_post_padding                     0x080036a1   Thumb Code    36  printfa.o(i._printf_post_padding)
    i._printf_pre_padding                    0x080036c4   Section        0  printfa.o(i._printf_pre_padding)
    _printf_pre_padding                      0x080036c5   Thumb Code    46  printfa.o(i._printf_pre_padding)
    i._sputc                                 0x080036f2   Section        0  printfa.o(i._sputc)
    _sputc                                   0x080036f3   Thumb Code    10  printfa.o(i._sputc)
    i.delay_init                             0x080036fc   Section        0  delay.o(i.delay_init)
    i.delay_ms                               0x0800373c   Section        0  delay.o(i.delay_ms)
    i.dir_control                            0x08003778   Section        0  motor.o(i.dir_control)
    i.get_host_cmd                           0x080038a8   Section        0  usart_3.o(i.get_host_cmd)
    i.gui_0_yaw                              0x080039d4   Section        0  motor.o(i.gui_0_yaw)
    i.main                                   0x08003b18   Section        0  main.o(i.main)
    i.motion_control                         0x080045c0   Section        0  motor.o(i.motion_control)
    i.pos_cal                                0x08004628   Section        0  motor.o(i.pos_cal)
    i.pos_compensate                         0x08004818   Section        0  motor.o(i.pos_compensate)
    i.pos_motion_control                     0x080049d4   Section        0  motor.o(i.pos_motion_control)
    i.read_axis                              0x08004a54   Section        0  24cxx.o(i.read_axis)
    i.spin                                   0x08004ab0   Section        0  motor.o(i.spin)
    i.to_axis                                0x08004bf4   Section        0  motor.o(i.to_axis)
    i.uart_1_init                            0x08004d6c   Section        0  usart_init.o(i.uart_1_init)
    i.uart_4_Init                            0x08004e14   Section        0  usart_init.o(i.uart_4_Init)
    i.usart_3_Init                           0x08004ee0   Section        0  usart_init.o(i.usart_3_Init)
    .constdata                               0x08004f90   Section    34660  lcd_fonts.o(.constdata)
    .constdata                               0x0800d6f4   Section       64  ctype_c.o(.constdata)
    .conststring                             0x0800d734   Section      275  main.o(.conststring)
    .data                                    0x20000000   Section       11  uart_2.o(.data)
    TxCounter                                0x20000000   Data           1  uart_2.o(.data)
    count                                    0x20000001   Data           1  uart_2.o(.data)
    ucRxCnt                                  0x2000000a   Data           1  uart_2.o(.data)
    .data                                    0x2000000c   Section        4  delay.o(.data)
    fac_us                                   0x2000000c   Data           1  delay.o(.data)
    fac_ms                                   0x2000000e   Data           2  delay.o(.data)
    .data                                    0x20000010   Section        9  blue.o(.data)
    ucRxCnt                                  0x20000018   Data           1  blue.o(.data)
    .data                                    0x20000019   Section        2  usart_3.o(.data)
    ucRxCnt                                  0x20000019   Data           1  usart_3.o(.data)
    ucRxCnt                                  0x2000001a   Data           1  usart_3.o(.data)
    .data                                    0x2000001c   Section       36  motor.o(.data)
    old_yaw                                  0x2000003c   Data           4  motor.o(.data)
    .data                                    0x20000040   Section      140  main.o(.data)
    cnt                                      0x200000c4   Data           1  main.o(.data)
    step                                     0x200000c8   Data           4  main.o(.data)
    .data                                    0x200000cc   Section      120  lcd_fonts.o(.data)
    .data                                    0x20000144   Section        8  lcd_spi_169.o(.data)
    LCD_AsciiFonts                           0x20000144   Data           4  lcd_spi_169.o(.data)
    LCD_CHFonts                              0x20000148   Data           4  lcd_spi_169.o(.data)
    .data                                    0x2000014c   Section       20  stm32f10x_rcc.o(.data)
    APBAHBPrescTable                         0x2000014c   Data          16  stm32f10x_rcc.o(.data)
    ADCPrescTable                            0x2000015c   Data           4  stm32f10x_rcc.o(.data)
    .bss                                     0x20000160   Section      286  uart_2.o(.bss)
    TxBuffer                                 0x20000160   Data         256  uart_2.o(.bss)
    ucRxBuffer                               0x20000260   Data          30  uart_2.o(.bss)
    .bss                                     0x2000027e   Section       30  blue.o(.bss)
    ucRxBuffer                               0x2000027e   Data          30  blue.o(.bss)
    .bss                                     0x2000029c   Section       40  usart_3.o(.bss)
    ucRxBuffer_1                             0x2000029c   Data          20  usart_3.o(.bss)
    ucRxBuffer                               0x200002b0   Data          20  usart_3.o(.bss)
    .bss                                     0x200002c4   Section       74  main.o(.bss)
    .bss                                     0x20000310   Section     2064  lcd_spi_169.o(.bss)
    STACK                                    0x20000b20   Section     1024  startup_stm32f10x_hd.o(STACK)

    Global Symbols

    Symbol Name                              Value     Ov Type        Size  Object(Section)

    BuildAttributes$$THM_ISAv4$P$D$K$B$S$PE$A:L22UL41UL21$X:L11$S22US41US21$IEEE1$IW$USESV6$~STKCKD$USESV7$~SHL$OTIME$ROPI$EBA8$MICROLIB$REQ8$PRES8$EABIv2 0x00000000   Number         0  anon$$obj.o ABSOLUTE
    __ARM_use_no_argv                        0x00000000   Number         0  main.o ABSOLUTE
    _printf_a                                0x00000000   Number         0  stubs.o ABSOLUTE
    _printf_c                                0x00000000   Number         0  stubs.o ABSOLUTE
    _printf_charcount                        0x00000000   Number         0  stubs.o ABSOLUTE
    _printf_d                                0x00000000   Number         0  stubs.o ABSOLUTE
    _printf_e                                0x00000000   Number         0  stubs.o ABSOLUTE
    _printf_f                                0x00000000   Number         0  stubs.o ABSOLUTE
    _printf_flags                            0x00000000   Number         0  stubs.o ABSOLUTE
    _printf_fp_dec                           0x00000000   Number         0  stubs.o ABSOLUTE
    _printf_fp_hex                           0x00000000   Number         0  stubs.o ABSOLUTE
    _printf_g                                0x00000000   Number         0  stubs.o ABSOLUTE
    _printf_i                                0x00000000   Number         0  stubs.o ABSOLUTE
    _printf_int_dec                          0x00000000   Number         0  stubs.o ABSOLUTE
    _printf_l                                0x00000000   Number         0  stubs.o ABSOLUTE
    _printf_lc                               0x00000000   Number         0  stubs.o ABSOLUTE
    _printf_ll                               0x00000000   Number         0  stubs.o ABSOLUTE
    _printf_lld                              0x00000000   Number         0  stubs.o ABSOLUTE
    _printf_lli                              0x00000000   Number         0  stubs.o ABSOLUTE
    _printf_llo                              0x00000000   Number         0  stubs.o ABSOLUTE
    _printf_llu                              0x00000000   Number         0  stubs.o ABSOLUTE
    _printf_llx                              0x00000000   Number         0  stubs.o ABSOLUTE
    _printf_longlong_dec                     0x00000000   Number         0  stubs.o ABSOLUTE
    _printf_longlong_hex                     0x00000000   Number         0  stubs.o ABSOLUTE
    _printf_longlong_oct                     0x00000000   Number         0  stubs.o ABSOLUTE
    _printf_ls                               0x00000000   Number         0  stubs.o ABSOLUTE
    _printf_mbtowc                           0x00000000   Number         0  stubs.o ABSOLUTE
    _printf_n                                0x00000000   Number         0  stubs.o ABSOLUTE
    _printf_o                                0x00000000   Number         0  stubs.o ABSOLUTE
    _printf_p                                0x00000000   Number         0  stubs.o ABSOLUTE
    _printf_percent                          0x00000000   Number         0  stubs.o ABSOLUTE
    _printf_pre_padding                      0x00000000   Number         0  stubs.o ABSOLUTE
    _printf_return_value                     0x00000000   Number         0  stubs.o ABSOLUTE
    _printf_s                                0x00000000   Number         0  stubs.o ABSOLUTE
    _printf_sizespec                         0x00000000   Number         0  stubs.o ABSOLUTE
    _printf_str                              0x00000000   Number         0  stubs.o ABSOLUTE
    _printf_truncate_signed                  0x00000000   Number         0  stubs.o ABSOLUTE
    _printf_truncate_unsigned                0x00000000   Number         0  stubs.o ABSOLUTE
    _printf_u                                0x00000000   Number         0  stubs.o ABSOLUTE
    _printf_wc                               0x00000000   Number         0  stubs.o ABSOLUTE
    _printf_wctomb                           0x00000000   Number         0  stubs.o ABSOLUTE
    _printf_widthprec                        0x00000000   Number         0  stubs.o ABSOLUTE
    _printf_x                                0x00000000   Number         0  stubs.o ABSOLUTE
    __cpp_initialize__aeabi_                  - Undefined Weak Reference
    __cxa_finalize                            - Undefined Weak Reference
    _clock_init                               - Undefined Weak Reference
    _microlib_exit                            - Undefined Weak Reference
    _scanf_longlong                           - Undefined Weak Reference
    _scanf_real                               - Undefined Weak Reference
    __Vectors_Size                           0x00000130   Number         0  startup_stm32f10x_hd.o ABSOLUTE
    __Vectors                                0x08000000   Data           4  startup_stm32f10x_hd.o(RESET)
    __Vectors_End                            0x08000130   Data           0  startup_stm32f10x_hd.o(RESET)
    __main                                   0x08000131   Thumb Code     0  entry.o(.ARM.Collect$$$$00000000)
    _main_stk                                0x08000131   Thumb Code     0  entry2.o(.ARM.Collect$$$$00000001)
    _main_scatterload                        0x08000135   Thumb Code     0  entry5.o(.ARM.Collect$$$$00000004)
    __main_after_scatterload                 0x08000139   Thumb Code     0  entry5.o(.ARM.Collect$$$$00000004)
    _main_clock                              0x08000139   Thumb Code     0  entry7b.o(.ARM.Collect$$$$00000008)
    _main_cpp_init                           0x08000139   Thumb Code     0  entry8b.o(.ARM.Collect$$$$0000000A)
    _main_init                               0x08000139   Thumb Code     0  entry9a.o(.ARM.Collect$$$$0000000B)
    __rt_final_cpp                           0x08000141   Thumb Code     0  entry10a.o(.ARM.Collect$$$$0000000D)
    __rt_final_exit                          0x08000141   Thumb Code     0  entry11a.o(.ARM.Collect$$$$0000000F)
    Reset_Handler                            0x08000145   Thumb Code     8  startup_stm32f10x_hd.o(.text)
    ADC1_2_IRQHandler                        0x0800015f   Thumb Code     0  startup_stm32f10x_hd.o(.text)
    ADC3_IRQHandler                          0x0800015f   Thumb Code     0  startup_stm32f10x_hd.o(.text)
    CAN1_RX1_IRQHandler                      0x0800015f   Thumb Code     0  startup_stm32f10x_hd.o(.text)
    CAN1_SCE_IRQHandler                      0x0800015f   Thumb Code     0  startup_stm32f10x_hd.o(.text)
    DMA1_Channel1_IRQHandler                 0x0800015f   Thumb Code     0  startup_stm32f10x_hd.o(.text)
    DMA1_Channel2_IRQHandler                 0x0800015f   Thumb Code     0  startup_stm32f10x_hd.o(.text)
    DMA1_Channel3_IRQHandler                 0x0800015f   Thumb Code     0  startup_stm32f10x_hd.o(.text)
    DMA1_Channel4_IRQHandler                 0x0800015f   Thumb Code     0  startup_stm32f10x_hd.o(.text)
    DMA1_Channel5_IRQHandler                 0x0800015f   Thumb Code     0  startup_stm32f10x_hd.o(.text)
    DMA1_Channel6_IRQHandler                 0x0800015f   Thumb Code     0  startup_stm32f10x_hd.o(.text)
    DMA1_Channel7_IRQHandler                 0x0800015f   Thumb Code     0  startup_stm32f10x_hd.o(.text)
    DMA2_Channel1_IRQHandler                 0x0800015f   Thumb Code     0  startup_stm32f10x_hd.o(.text)
    DMA2_Channel2_IRQHandler                 0x0800015f   Thumb Code     0  startup_stm32f10x_hd.o(.text)
    DMA2_Channel3_IRQHandler                 0x0800015f   Thumb Code     0  startup_stm32f10x_hd.o(.text)
    DMA2_Channel4_5_IRQHandler               0x0800015f   Thumb Code     0  startup_stm32f10x_hd.o(.text)
    EXTI0_IRQHandler                         0x0800015f   Thumb Code     0  startup_stm32f10x_hd.o(.text)
    EXTI15_10_IRQHandler                     0x0800015f   Thumb Code     0  startup_stm32f10x_hd.o(.text)
    EXTI1_IRQHandler                         0x0800015f   Thumb Code     0  startup_stm32f10x_hd.o(.text)
    EXTI2_IRQHandler                         0x0800015f   Thumb Code     0  startup_stm32f10x_hd.o(.text)
    EXTI3_IRQHandler                         0x0800015f   Thumb Code     0  startup_stm32f10x_hd.o(.text)
    EXTI4_IRQHandler                         0x0800015f   Thumb Code     0  startup_stm32f10x_hd.o(.text)
    EXTI9_5_IRQHandler                       0x0800015f   Thumb Code     0  startup_stm32f10x_hd.o(.text)
    FLASH_IRQHandler                         0x0800015f   Thumb Code     0  startup_stm32f10x_hd.o(.text)
    FSMC_IRQHandler                          0x0800015f   Thumb Code     0  startup_stm32f10x_hd.o(.text)
    I2C1_ER_IRQHandler                       0x0800015f   Thumb Code     0  startup_stm32f10x_hd.o(.text)
    I2C1_EV_IRQHandler                       0x0800015f   Thumb Code     0  startup_stm32f10x_hd.o(.text)
    I2C2_ER_IRQHandler                       0x0800015f   Thumb Code     0  startup_stm32f10x_hd.o(.text)
    I2C2_EV_IRQHandler                       0x0800015f   Thumb Code     0  startup_stm32f10x_hd.o(.text)
    PVD_IRQHandler                           0x0800015f   Thumb Code     0  startup_stm32f10x_hd.o(.text)
    RCC_IRQHandler                           0x0800015f   Thumb Code     0  startup_stm32f10x_hd.o(.text)
    RTCAlarm_IRQHandler                      0x0800015f   Thumb Code     0  startup_stm32f10x_hd.o(.text)
    RTC_IRQHandler                           0x0800015f   Thumb Code     0  startup_stm32f10x_hd.o(.text)
    SDIO_IRQHandler                          0x0800015f   Thumb Code     0  startup_stm32f10x_hd.o(.text)
    SPI1_IRQHandler                          0x0800015f   Thumb Code     0  startup_stm32f10x_hd.o(.text)
    SPI2_IRQHandler                          0x0800015f   Thumb Code     0  startup_stm32f10x_hd.o(.text)
    SPI3_IRQHandler                          0x0800015f   Thumb Code     0  startup_stm32f10x_hd.o(.text)
    TAMPER_IRQHandler                        0x0800015f   Thumb Code     0  startup_stm32f10x_hd.o(.text)
    TIM1_BRK_IRQHandler                      0x0800015f   Thumb Code     0  startup_stm32f10x_hd.o(.text)
    TIM1_CC_IRQHandler                       0x0800015f   Thumb Code     0  startup_stm32f10x_hd.o(.text)
    TIM1_TRG_COM_IRQHandler                  0x0800015f   Thumb Code     0  startup_stm32f10x_hd.o(.text)
    TIM1_UP_IRQHandler                       0x0800015f   Thumb Code     0  startup_stm32f10x_hd.o(.text)
    TIM2_IRQHandler                          0x0800015f   Thumb Code     0  startup_stm32f10x_hd.o(.text)
    TIM3_IRQHandler                          0x0800015f   Thumb Code     0  startup_stm32f10x_hd.o(.text)
    TIM4_IRQHandler                          0x0800015f   Thumb Code     0  startup_stm32f10x_hd.o(.text)
    TIM5_IRQHandler                          0x0800015f   Thumb Code     0  startup_stm32f10x_hd.o(.text)
    TIM7_IRQHandler                          0x0800015f   Thumb Code     0  startup_stm32f10x_hd.o(.text)
    TIM8_BRK_IRQHandler                      0x0800015f   Thumb Code     0  startup_stm32f10x_hd.o(.text)
    TIM8_CC_IRQHandler                       0x0800015f   Thumb Code     0  startup_stm32f10x_hd.o(.text)
    TIM8_TRG_COM_IRQHandler                  0x0800015f   Thumb Code     0  startup_stm32f10x_hd.o(.text)
    UART5_IRQHandler                         0x0800015f   Thumb Code     0  startup_stm32f10x_hd.o(.text)
    USBWakeUp_IRQHandler                     0x0800015f   Thumb Code     0  startup_stm32f10x_hd.o(.text)
    USB_HP_CAN1_TX_IRQHandler                0x0800015f   Thumb Code     0  startup_stm32f10x_hd.o(.text)
    USB_LP_CAN1_RX0_IRQHandler               0x0800015f   Thumb Code     0  startup_stm32f10x_hd.o(.text)
    WWDG_IRQHandler                          0x0800015f   Thumb Code     0  startup_stm32f10x_hd.o(.text)
    strcmp                                   0x08000169   Thumb Code    28  strcmp.o(.text)
    strcpy                                   0x08000185   Thumb Code    18  strcpy.o(.text)
    __0sscanf                                0x08000199   Thumb Code    48  __0sscanf.o(.text)
    _scanf_int                               0x080001d1   Thumb Code   332  _scanf_int.o(.text)
    _scanf_string                            0x0800031d   Thumb Code   224  _scanf_str.o(.text)
    __aeabi_fadd                             0x080003fd   Thumb Code   164  fadd.o(.text)
    __aeabi_fsub                             0x080004a1   Thumb Code     6  fadd.o(.text)
    __aeabi_frsub                            0x080004a7   Thumb Code     6  fadd.o(.text)
    __aeabi_fmul                             0x080004ad   Thumb Code   100  fmul.o(.text)
    __aeabi_fdiv                             0x08000511   Thumb Code   124  fdiv.o(.text)
    __aeabi_dadd                             0x0800058d   Thumb Code   322  dadd.o(.text)
    __aeabi_dsub                             0x080006cf   Thumb Code     6  dadd.o(.text)
    __aeabi_drsub                            0x080006d5   Thumb Code     6  dadd.o(.text)
    __aeabi_dmul                             0x080006db   Thumb Code   228  dmul.o(.text)
    __aeabi_ddiv                             0x080007bf   Thumb Code   222  ddiv.o(.text)
    __aeabi_i2f                              0x0800089d   Thumb Code    18  fflti.o(.text)
    __aeabi_ui2f                             0x080008af   Thumb Code    10  ffltui.o(.text)
    __aeabi_f2iz                             0x080008b9   Thumb Code    50  ffixi.o(.text)
    __aeabi_d2iz                             0x080008eb   Thumb Code    62  dfixi.o(.text)
    __aeabi_f2d                              0x08000929   Thumb Code    38  f2d.o(.text)
    __aeabi_cdcmpeq                          0x08000951   Thumb Code     0  cdcmple.o(.text)
    __aeabi_cdcmple                          0x08000951   Thumb Code    48  cdcmple.o(.text)
    __aeabi_cdrcmple                         0x08000981   Thumb Code    48  cdrcmple.o(.text)
    __aeabi_d2f                              0x080009b1   Thumb Code    56  d2f.o(.text)
    __aeabi_cfcmpeq                          0x080009e9   Thumb Code     0  cfcmple.o(.text)
    __aeabi_cfcmple                          0x080009e9   Thumb Code    20  cfcmple.o(.text)
    __aeabi_cfrcmple                         0x080009fd   Thumb Code    20  cfrcmple.o(.text)
    __aeabi_uidiv                            0x08000a11   Thumb Code     0  uidiv.o(.text)
    __aeabi_uidivmod                         0x08000a11   Thumb Code    44  uidiv.o(.text)
    __aeabi_uldivmod                         0x08000a3d   Thumb Code    98  uldiv.o(.text)
    __aeabi_llsl                             0x08000a9f   Thumb Code    30  llshl.o(.text)
    _ll_shift_l                              0x08000a9f   Thumb Code     0  llshl.o(.text)
    __aeabi_llsr                             0x08000abd   Thumb Code    32  llushr.o(.text)
    _ll_ushift_r                             0x08000abd   Thumb Code     0  llushr.o(.text)
    __aeabi_lasr                             0x08000add   Thumb Code    36  llsshr.o(.text)
    _ll_sshift_r                             0x08000add   Thumb Code     0  llsshr.o(.text)
    _chval                                   0x08000b01   Thumb Code    28  _chval.o(.text)
    __vfscanf_char                           0x08000b29   Thumb Code    20  scanf_char.o(.text)
    _sgetc                                   0x08000b45   Thumb Code    30  _sgetc.o(.text)
    _sbackspace                              0x08000b63   Thumb Code    34  _sgetc.o(.text)
    __I$use$fp                               0x08000b85   Thumb Code     0  iusefp.o(.text)
    _float_round                             0x08000b85   Thumb Code    18  fepilogue.o(.text)
    _float_epilogue                          0x08000b97   Thumb Code    92  fepilogue.o(.text)
    _double_round                            0x08000bf3   Thumb Code    30  depilogue.o(.text)
    _double_epilogue                         0x08000c11   Thumb Code   156  depilogue.o(.text)
    __aeabi_d2ulz                            0x08000cad   Thumb Code    48  dfixul.o(.text)
    __scatterload                            0x08000cdd   Thumb Code    28  init.o(.text)
    __scatterload_rt2                        0x08000cdd   Thumb Code     0  init.o(.text)
    isspace                                  0x08000d01   Thumb Code    10  isspace_c.o(.text)
    __vfscanf                                0x08000d0d   Thumb Code   808  _scanf.o(.text)
    __ctype_lookup                           0x08001039   Thumb Code    34  ctype_c.o(.text)
    __decompress                             0x08001061   Thumb Code     0  __dczerorl2.o(.text)
    __decompress1                            0x08001061   Thumb Code    86  __dczerorl2.o(.text)
    BusFault_Handler                         0x080010b7   Thumb Code     4  stm32f10x_it.o(i.BusFault_Handler)
    CopeSerial2Data                          0x080010bd   Thumb Code    72  uart_2.o(i.CopeSerial2Data)
    DebugMon_Handler                         0x08001111   Thumb Code     2  stm32f10x_it.o(i.DebugMon_Handler)
    GPIO_Init                                0x08001113   Thumb Code   278  stm32f10x_gpio.o(i.GPIO_Init)
    GPIO_PinRemapConfig                      0x08001229   Thumb Code   138  stm32f10x_gpio.o(i.GPIO_PinRemapConfig)
    GPIO_ResetBits                           0x080012b9   Thumb Code     4  stm32f10x_gpio.o(i.GPIO_ResetBits)
    GPIO_SetBits                             0x080012bd   Thumb Code     4  stm32f10x_gpio.o(i.GPIO_SetBits)
    GPIO_motor_EN_and_dir                    0x080012c1   Thumb Code    92  tim.o(i.GPIO_motor_EN_and_dir)
    HardFault_Handler                        0x08001325   Thumb Code     4  stm32f10x_it.o(i.HardFault_Handler)
    INTX_DISABLE                             0x08001329   Thumb Code     4  sys.o(i.INTX_DISABLE)
    Initial_UART2                            0x0800132d   Thumb Code   176  uart_2.o(i.Initial_UART2)
    LCD_Clear                                0x080013e9   Thumb Code   170  lcd_spi_169.o(i.LCD_Clear)
    LCD_Delay                                0x080014a1   Thumb Code    42  lcd_spi_169.o(i.LCD_Delay)
    LCD_DisplayChar                          0x080014cd   Thumb Code   208  lcd_spi_169.o(i.LCD_DisplayChar)
    LCD_DisplayNumber                        0x080015ad   Thumb Code    58  lcd_spi_169.o(i.LCD_DisplayNumber)
    LCD_DisplayString                        0x080015f9   Thumb Code    48  lcd_spi_169.o(i.LCD_DisplayString)
    LCD_GPIO_Config                          0x08001631   Thumb Code   154  lcd_spi_169.o(i.LCD_GPIO_Config)
    LCD_SPI_Config                           0x080016d5   Thumb Code    88  lcd_spi_169.o(i.LCD_SPI_Config)
    LCD_SetAddress                           0x08001731   Thumb Code   110  lcd_spi_169.o(i.LCD_SetAddress)
    LCD_SetAsciiFont                         0x080017ad   Thumb Code     6  lcd_spi_169.o(i.LCD_SetAsciiFont)
    LCD_SetBackColor                         0x080017b9   Thumb Code    36  lcd_spi_169.o(i.LCD_SetBackColor)
    LCD_SetColor                             0x080017e1   Thumb Code    36  lcd_spi_169.o(i.LCD_SetColor)
    LCD_SetDirection                         0x08001809   Thumb Code   186  lcd_spi_169.o(i.LCD_SetDirection)
    LCD_ShowNumMode                          0x080018d1   Thumb Code     6  lcd_spi_169.o(i.LCD_ShowNumMode)
    LCD_WriteBuff                            0x080018dd   Thumb Code   138  lcd_spi_169.o(i.LCD_WriteBuff)
    LCD_WriteCommand                         0x08001971   Thumb Code    68  lcd_spi_169.o(i.LCD_WriteCommand)
    LCD_WriteData_16bit                      0x080019bd   Thumb Code    40  lcd_spi_169.o(i.LCD_WriteData_16bit)
    LCD_WriteData_8bit                       0x080019e9   Thumb Code    20  lcd_spi_169.o(i.LCD_WriteData_8bit)
    MemManage_Handler                        0x08001a01   Thumb Code     4  stm32f10x_it.o(i.MemManage_Handler)
    Mode_array                               0x08001a05   Thumb Code   194  tim.o(i.Mode_array)
    NMI_Handler                              0x08001ac7   Thumb Code     2  stm32f10x_it.o(i.NMI_Handler)
    NVIC_Init                                0x08001ac9   Thumb Code   100  misc.o(i.NVIC_Init)
    NVIC_PriorityGroupConfig                 0x08001b39   Thumb Code    10  misc.o(i.NVIC_PriorityGroupConfig)
    PendSV_Handler                           0x08001b4d   Thumb Code     2  stm32f10x_it.o(i.PendSV_Handler)
    RCC_APB1PeriphClockCmd                   0x08001b51   Thumb Code    26  stm32f10x_rcc.o(i.RCC_APB1PeriphClockCmd)
    RCC_APB2PeriphClockCmd                   0x08001b71   Thumb Code    26  stm32f10x_rcc.o(i.RCC_APB2PeriphClockCmd)
    RCC_GetClocksFreq                        0x08001b91   Thumb Code   192  stm32f10x_rcc.o(i.RCC_GetClocksFreq)
    SPI_Cmd                                  0x08001c65   Thumb Code    24  stm32f10x_spi.o(i.SPI_Cmd)
    SPI_Init                                 0x08001c7d   Thumb Code    60  stm32f10x_spi.o(i.SPI_Init)
    SPI_LCD_Init                             0x08001cb9   Thumb Code   458  lcd_spi_169.o(i.SPI_LCD_Init)
    SVC_Handler                              0x08001e91   Thumb Code     2  stm32f10x_it.o(i.SVC_Handler)
    S_go                                     0x08001e95   Thumb Code   338  motor.o(i.S_go)
    SysTick_Handler                          0x080020e1   Thumb Code     2  stm32f10x_it.o(i.SysTick_Handler)
    SystemInit                               0x080020e5   Thumb Code    78  system_stm32f10x.o(i.SystemInit)
    TIM6_IRQHandler                          0x08002145   Thumb Code   200  main.o(i.TIM6_IRQHandler)
    TIM8_UP_IRQHandler                       0x0800224d   Thumb Code    90  main.o(i.TIM8_UP_IRQHandler)
    TIMER6_Init                              0x080022b5   Thumb Code    98  tim.o(i.TIMER6_Init)
    TIME_8_PWM_Init                          0x0800231d   Thumb Code   260  tim.o(i.TIME_8_PWM_Init)
    TIM_ARRPreloadConfig                     0x08002429   Thumb Code    24  stm32f10x_tim.o(i.TIM_ARRPreloadConfig)
    TIM_ClearITPendingBit                    0x08002441   Thumb Code     6  stm32f10x_tim.o(i.TIM_ClearITPendingBit)
    TIM_Cmd                                  0x08002447   Thumb Code    24  stm32f10x_tim.o(i.TIM_Cmd)
    TIM_CtrlPWMOutputs                       0x0800245f   Thumb Code    30  stm32f10x_tim.o(i.TIM_CtrlPWMOutputs)
    TIM_GetITStatus                          0x0800247d   Thumb Code    34  stm32f10x_tim.o(i.TIM_GetITStatus)
    TIM_ITConfig                             0x0800249f   Thumb Code    18  stm32f10x_tim.o(i.TIM_ITConfig)
    TIM_OC1Init                              0x080024b1   Thumb Code   132  stm32f10x_tim.o(i.TIM_OC1Init)
    TIM_OC1PreloadConfig                     0x08002549   Thumb Code    18  stm32f10x_tim.o(i.TIM_OC1PreloadConfig)
    TIM_OC2Init                              0x0800255d   Thumb Code   154  stm32f10x_tim.o(i.TIM_OC2Init)
    TIM_OC2PreloadConfig                     0x08002601   Thumb Code    26  stm32f10x_tim.o(i.TIM_OC2PreloadConfig)
    TIM_OC3Init                              0x0800261d   Thumb Code   150  stm32f10x_tim.o(i.TIM_OC3Init)
    TIM_OC3PreloadConfig                     0x080026bd   Thumb Code    18  stm32f10x_tim.o(i.TIM_OC3PreloadConfig)
    TIM_OC4Init                              0x080026d1   Thumb Code   114  stm32f10x_tim.o(i.TIM_OC4Init)
    TIM_OC4PreloadConfig                     0x0800274d   Thumb Code    26  stm32f10x_tim.o(i.TIM_OC4PreloadConfig)
    TIM_TimeBaseInit                         0x08002769   Thumb Code   122  stm32f10x_tim.o(i.TIM_TimeBaseInit)
    UART4_IRQHandler                         0x0800280d   Thumb Code   458  blue.o(i.UART4_IRQHandler)
    USART1_IRQHandler                        0x08002a0d   Thumb Code   136  usart_3.o(i.USART1_IRQHandler)
    USART2_IRQHandler                        0x08002aa5   Thumb Code   118  uart_2.o(i.USART2_IRQHandler)
    USART3_IRQHandler                        0x08002b2d   Thumb Code   104  usart_3.o(i.USART3_IRQHandler)
    USART_ClearFlag                          0x08002bb5   Thumb Code    18  stm32f10x_usart.o(i.USART_ClearFlag)
    USART_ClearITPendingBit                  0x08002bc7   Thumb Code    30  stm32f10x_usart.o(i.USART_ClearITPendingBit)
    USART_Cmd                                0x08002be5   Thumb Code    24  stm32f10x_usart.o(i.USART_Cmd)
    USART_GetFlagStatus                      0x08002bfd   Thumb Code    26  stm32f10x_usart.o(i.USART_GetFlagStatus)
    USART_GetITStatus                        0x08002c17   Thumb Code    84  stm32f10x_usart.o(i.USART_GetITStatus)
    USART_ITConfig                           0x08002c6b   Thumb Code    74  stm32f10x_usart.o(i.USART_ITConfig)
    USART_Init                               0x08002cb5   Thumb Code   210  stm32f10x_usart.o(i.USART_Init)
    USART_ReceiveData                        0x08002d8d   Thumb Code    10  stm32f10x_usart.o(i.USART_ReceiveData)
    USART_SendData                           0x08002d97   Thumb Code     8  stm32f10x_usart.o(i.USART_SendData)
    USART_SendString                         0x08002da1   Thumb Code    80  blue.o(i.USART_SendString)
    UsageFault_Handler                       0x08002df5   Thumb Code     4  stm32f10x_it.o(i.UsageFault_Handler)
    __0sprintf                               0x08002df9   Thumb Code    34  printfa.o(i.__0sprintf)
    __1sprintf                               0x08002df9   Thumb Code     0  printfa.o(i.__0sprintf)
    __2sprintf                               0x08002df9   Thumb Code     0  printfa.o(i.__0sprintf)
    __c89sprintf                             0x08002df9   Thumb Code     0  printfa.o(i.__0sprintf)
    sprintf                                  0x08002df9   Thumb Code     0  printfa.o(i.__0sprintf)
    __scatterload_copy                       0x08002e21   Thumb Code    14  handlers.o(i.__scatterload_copy)
    __scatterload_null                       0x08002e2f   Thumb Code     2  handlers.o(i.__scatterload_null)
    __scatterload_zeroinit                   0x08002e31   Thumb Code    14  handlers.o(i.__scatterload_zeroinit)
    delay_init                               0x080036fd   Thumb Code    56  delay.o(i.delay_init)
    delay_ms                                 0x0800373d   Thumb Code    56  delay.o(i.delay_ms)
    dir_control                              0x08003779   Thumb Code   280  motor.o(i.dir_control)
    get_host_cmd                             0x080038a9   Thumb Code   288  usart_3.o(i.get_host_cmd)
    gui_0_yaw                                0x080039d5   Thumb Code   278  motor.o(i.gui_0_yaw)
    main                                     0x08003b19   Thumb Code  2694  main.o(i.main)
    motion_control                           0x080045c1   Thumb Code    84  motor.o(i.motion_control)
    pos_cal                                  0x08004629   Thumb Code   458  motor.o(i.pos_cal)
    pos_compensate                           0x08004819   Thumb Code   398  motor.o(i.pos_compensate)
    pos_motion_control                       0x080049d5   Thumb Code   104  motor.o(i.pos_motion_control)
    read_axis                                0x08004a55   Thumb Code    86  24cxx.o(i.read_axis)
    spin                                     0x08004ab1   Thumb Code   288  motor.o(i.spin)
    to_axis                                  0x08004bf5   Thumb Code   342  motor.o(i.to_axis)
    uart_1_init                              0x08004d6d   Thumb Code   160  usart_init.o(i.uart_1_init)
    uart_4_Init                              0x08004e15   Thumb Code   190  usart_init.o(i.uart_4_Init)
    usart_3_Init                             0x08004ee1   Thumb Code   168  usart_init.o(i.usart_3_Init)
    Chinese_1212                             0x08004f90   Data         480  lcd_fonts.o(.constdata)
    Chinese_1616                             0x08005170   Data         640  lcd_fonts.o(.constdata)
    Chinese_2020                             0x080053f0   Data        1200  lcd_fonts.o(.constdata)
    Chinese_2424                             0x080058a0   Data        4680  lcd_fonts.o(.constdata)
    Chinese_3232                             0x08006ae8   Data        2560  lcd_fonts.o(.constdata)
    ASCII_3216_Table                         0x080074e8   Data        6080  lcd_fonts.o(.constdata)
    ASCII_2412_Table                         0x08008ca8   Data        4560  lcd_fonts.o(.constdata)
    ASCII_2010_Table                         0x08009e78   Data        3800  lcd_fonts.o(.constdata)
    ASCII_1608_Table                         0x0800ad50   Data        1520  lcd_fonts.o(.constdata)
    ASCII_1206_Table                         0x0800b340   Data        1140  lcd_fonts.o(.constdata)
    z_TIM_ARR                                0x0800b7b4   Data        6400  lcd_fonts.o(.constdata)
    z_TIM_ARR_2                              0x0800d0b4   Data        1600  lcd_fonts.o(.constdata)
    __ctype_categories                       0x0800d6f4   Data          64  ctype_c.o(.constdata)
    Region$$Table$$Base                      0x0800d848   Number         0  anon$$obj.o(Region$$Table)
    Region$$Table$$Limit                     0x0800d868   Number         0  anon$$obj.o(Region$$Table)
    stcAngle                                 0x20000002   Data           8  uart_2.o(.data)
    distance_blue                            0x20000010   Data           4  blue.o(.data)
    dir_blue                                 0x20000014   Data           4  blue.o(.data)
    motor                                    0x2000001c   Data          24  motor.o(.data)
    dir_order                                0x20000034   Data           4  motor.o(.data)
    length                                   0x20000038   Data           2  motor.o(.data)
    Task_Process                             0x20000040   Data           1  main.o(.data)
    sign_c_to_rgb                            0x20000041   Data           1  main.o(.data)
    combined_string                          0x20000042   Data           3  main.o(.data)
    compensate_axis                          0x20000048   Data           8  main.o(.data)
    c_rgb                                    0x20000050   Data           1  main.o(.data)
    Receive_host                             0x20000051   Data           1  main.o(.data)
    yaw                                      0x20000054   Data           4  main.o(.data)
    target_yaw                               0x20000058   Data           4  main.o(.data)
    yaw_0_com                                0x2000005c   Data           4  main.o(.data)
    first_byte                               0x20000060   Data           1  main.o(.data)
    first_r                                  0x20000061   Data           1  main.o(.data)
    first_g                                  0x20000062   Data           1  main.o(.data)
    first_b                                  0x20000063   Data           1  main.o(.data)
    Task_set_strings                         0x20000064   Data          96  main.o(.data)
    CH_Font12                                0x200000cc   Data          12  lcd_fonts.o(.data)
    CH_Font16                                0x200000d8   Data          12  lcd_fonts.o(.data)
    CH_Font20                                0x200000e4   Data          12  lcd_fonts.o(.data)
    CH_Font24                                0x200000f0   Data          12  lcd_fonts.o(.data)
    CH_Font32                                0x200000fc   Data          12  lcd_fonts.o(.data)
    ASCII_Font32                             0x20000108   Data          12  lcd_fonts.o(.data)
    ASCII_Font24                             0x20000114   Data          12  lcd_fonts.o(.data)
    ASCII_Font20                             0x20000120   Data          12  lcd_fonts.o(.data)
    ASCII_Font16                             0x2000012c   Data          12  lcd_fonts.o(.data)
    ASCII_Font12                             0x20000138   Data          12  lcd_fonts.o(.data)
    axis                                     0x200002c4   Data          24  main.o(.bss)
    my_TX                                    0x200002dc   Data          50  main.o(.bss)
    LCD_Buff                                 0x20000310   Data        2048  lcd_spi_169.o(.bss)
    LCD                                      0x20000b10   Data          16  lcd_spi_169.o(.bss)
    __initial_sp                             0x20000f20   Data           0  startup_stm32f10x_hd.o(STACK)



==============================================================================

Memory Map of the image

  Image Entry point : 0x08000131

  Load Region LR_IROM1 (Base: 0x08000000, Size: 0x0000d9c8, Max: 0x00040000, ABSOLUTE, COMPRESSED[0x0000d938])

    Execution Region ER_IROM1 (Base: 0x08000000, Size: 0x0000d868, Max: 0x00040000, ABSOLUTE)

    Base Addr    Size         Type   Attr      Idx    E Section Name        Object

    0x08000000   0x00000130   Data   RO         1029    RESET               startup_stm32f10x_hd.o
    0x08000130   0x00000000   Code   RO         4001  * .ARM.Collect$$$$00000000  mc_w.l(entry.o)
    0x08000130   0x00000004   Code   RO         4309    .ARM.Collect$$$$00000001  mc_w.l(entry2.o)
    0x08000134   0x00000004   Code   RO         4312    .ARM.Collect$$$$00000004  mc_w.l(entry5.o)
    0x08000138   0x00000000   Code   RO         4314    .ARM.Collect$$$$00000008  mc_w.l(entry7b.o)
    0x08000138   0x00000000   Code   RO         4316    .ARM.Collect$$$$0000000A  mc_w.l(entry8b.o)
    0x08000138   0x00000008   Code   RO         4317    .ARM.Collect$$$$0000000B  mc_w.l(entry9a.o)
    0x08000140   0x00000000   Code   RO         4319    .ARM.Collect$$$$0000000D  mc_w.l(entry10a.o)
    0x08000140   0x00000000   Code   RO         4321    .ARM.Collect$$$$0000000F  mc_w.l(entry11a.o)
    0x08000140   0x00000004   Code   RO         4310    .ARM.Collect$$$$00002712  mc_w.l(entry2.o)
    0x08000144   0x00000024   Code   RO         1030    .text               startup_stm32f10x_hd.o
    0x08000168   0x0000001c   Code   RO         4004    .text               mc_w.l(strcmp.o)
    0x08000184   0x00000012   Code   RO         4006    .text               mc_w.l(strcpy.o)
    0x08000196   0x00000002   PAD
    0x08000198   0x00000038   Code   RO         4269    .text               mc_w.l(__0sscanf.o)
    0x080001d0   0x0000014c   Code   RO         4271    .text               mc_w.l(_scanf_int.o)
    0x0800031c   0x000000e0   Code   RO         4273    .text               mc_w.l(_scanf_str.o)
    0x080003fc   0x000000b0   Code   RO         4275    .text               mf_w.l(fadd.o)
    0x080004ac   0x00000064   Code   RO         4277    .text               mf_w.l(fmul.o)
    0x08000510   0x0000007c   Code   RO         4279    .text               mf_w.l(fdiv.o)
    0x0800058c   0x0000014e   Code   RO         4281    .text               mf_w.l(dadd.o)
    0x080006da   0x000000e4   Code   RO         4283    .text               mf_w.l(dmul.o)
    0x080007be   0x000000de   Code   RO         4285    .text               mf_w.l(ddiv.o)
    0x0800089c   0x00000012   Code   RO         4287    .text               mf_w.l(fflti.o)
    0x080008ae   0x0000000a   Code   RO         4289    .text               mf_w.l(ffltui.o)
    0x080008b8   0x00000032   Code   RO         4291    .text               mf_w.l(ffixi.o)
    0x080008ea   0x0000003e   Code   RO         4295    .text               mf_w.l(dfixi.o)
    0x08000928   0x00000026   Code   RO         4297    .text               mf_w.l(f2d.o)
    0x0800094e   0x00000002   PAD
    0x08000950   0x00000030   Code   RO         4299    .text               mf_w.l(cdcmple.o)
    0x08000980   0x00000030   Code   RO         4301    .text               mf_w.l(cdrcmple.o)
    0x080009b0   0x00000038   Code   RO         4303    .text               mf_w.l(d2f.o)
    0x080009e8   0x00000014   Code   RO         4305    .text               mf_w.l(cfcmple.o)
    0x080009fc   0x00000014   Code   RO         4307    .text               mf_w.l(cfrcmple.o)
    0x08000a10   0x0000002c   Code   RO         4326    .text               mc_w.l(uidiv.o)
    0x08000a3c   0x00000062   Code   RO         4328    .text               mc_w.l(uldiv.o)
    0x08000a9e   0x0000001e   Code   RO         4330    .text               mc_w.l(llshl.o)
    0x08000abc   0x00000020   Code   RO         4332    .text               mc_w.l(llushr.o)
    0x08000adc   0x00000024   Code   RO         4334    .text               mc_w.l(llsshr.o)
    0x08000b00   0x0000001c   Code   RO         4336    .text               mc_w.l(_chval.o)
    0x08000b1c   0x00000028   Code   RO         4338    .text               mc_w.l(scanf_char.o)
    0x08000b44   0x00000040   Code   RO         4340    .text               mc_w.l(_sgetc.o)
    0x08000b84   0x00000000   Code   RO         4342    .text               mc_w.l(iusefp.o)
    0x08000b84   0x0000006e   Code   RO         4343    .text               mf_w.l(fepilogue.o)
    0x08000bf2   0x000000ba   Code   RO         4345    .text               mf_w.l(depilogue.o)
    0x08000cac   0x00000030   Code   RO         4347    .text               mf_w.l(dfixul.o)
    0x08000cdc   0x00000024   Code   RO         4349    .text               mc_w.l(init.o)
    0x08000d00   0x0000000a   Code   RO         4352    .text               mc_w.l(isspace_c.o)
    0x08000d0a   0x00000002   PAD
    0x08000d0c   0x0000032c   Code   RO         4354    .text               mc_w.l(_scanf.o)
    0x08001038   0x00000028   Code   RO         4357    .text               mc_w.l(ctype_c.o)
    0x08001060   0x00000056   Code   RO         4368    .text               mc_w.l(__dczerorl2.o)
    0x080010b6   0x00000004   Code   RO          551    i.BusFault_Handler  stm32f10x_it.o
    0x080010ba   0x00000002   PAD
    0x080010bc   0x00000054   Code   RO            1    i.CopeSerial2Data   uart_2.o
    0x08001110   0x00000002   Code   RO          552    i.DebugMon_Handler  stm32f10x_it.o
    0x08001112   0x00000116   Code   RO         2185    i.GPIO_Init         stm32f10x_gpio.o
    0x08001228   0x00000090   Code   RO         2187    i.GPIO_PinRemapConfig  stm32f10x_gpio.o
    0x080012b8   0x00000004   Code   RO         2192    i.GPIO_ResetBits    stm32f10x_gpio.o
    0x080012bc   0x00000004   Code   RO         2193    i.GPIO_SetBits      stm32f10x_gpio.o
    0x080012c0   0x00000064   Code   RO          159    i.GPIO_motor_EN_and_dir  tim.o
    0x08001324   0x00000004   Code   RO          553    i.HardFault_Handler  stm32f10x_it.o
    0x08001328   0x00000004   Code   RO          321    i.INTX_DISABLE      sys.o
    0x0800132c   0x000000bc   Code   RO            2    i.Initial_UART2     uart_2.o
    0x080013e8   0x000000b8   Code   RO          772    i.LCD_Clear         lcd_spi_169.o
    0x080014a0   0x0000002a   Code   RO          774    i.LCD_Delay         lcd_spi_169.o
    0x080014ca   0x00000002   PAD
    0x080014cc   0x000000e0   Code   RO          775    i.LCD_DisplayChar   lcd_spi_169.o
    0x080015ac   0x0000004c   Code   RO          778    i.LCD_DisplayNumber  lcd_spi_169.o
    0x080015f8   0x00000038   Code   RO          779    i.LCD_DisplayString  lcd_spi_169.o
    0x08001630   0x000000a4   Code   RO          791    i.LCD_GPIO_Config   lcd_spi_169.o
    0x080016d4   0x0000005c   Code   RO          792    i.LCD_SPI_Config    lcd_spi_169.o
    0x08001730   0x0000007c   Code   RO          793    i.LCD_SetAddress    lcd_spi_169.o
    0x080017ac   0x0000000c   Code   RO          794    i.LCD_SetAsciiFont  lcd_spi_169.o
    0x080017b8   0x00000028   Code   RO          795    i.LCD_SetBackColor  lcd_spi_169.o
    0x080017e0   0x00000028   Code   RO          796    i.LCD_SetColor      lcd_spi_169.o
    0x08001808   0x000000c8   Code   RO          797    i.LCD_SetDirection  lcd_spi_169.o
    0x080018d0   0x0000000c   Code   RO          799    i.LCD_ShowNumMode   lcd_spi_169.o
    0x080018dc   0x00000094   Code   RO          800    i.LCD_WriteBuff     lcd_spi_169.o
    0x08001970   0x0000004c   Code   RO          801    i.LCD_WriteCommand  lcd_spi_169.o
    0x080019bc   0x0000002c   Code   RO          802    i.LCD_WriteData_16bit  lcd_spi_169.o
    0x080019e8   0x00000018   Code   RO          803    i.LCD_WriteData_8bit  lcd_spi_169.o
    0x08001a00   0x00000004   Code   RO          554    i.MemManage_Handler  stm32f10x_it.o
    0x08001a04   0x000000c2   Code   RO          160    i.Mode_array        tim.o
    0x08001ac6   0x00000002   Code   RO          555    i.NMI_Handler       stm32f10x_it.o
    0x08001ac8   0x00000070   Code   RO         1034    i.NVIC_Init         misc.o
    0x08001b38   0x00000014   Code   RO         1035    i.NVIC_PriorityGroupConfig  misc.o
    0x08001b4c   0x00000002   Code   RO          556    i.PendSV_Handler    stm32f10x_it.o
    0x08001b4e   0x00000002   PAD
    0x08001b50   0x00000020   Code   RO         2601    i.RCC_APB1PeriphClockCmd  stm32f10x_rcc.o
    0x08001b70   0x00000020   Code   RO         2603    i.RCC_APB2PeriphClockCmd  stm32f10x_rcc.o
    0x08001b90   0x000000d4   Code   RO         2611    i.RCC_GetClocksFreq  stm32f10x_rcc.o
    0x08001c64   0x00000018   Code   RO         3080    i.SPI_Cmd           stm32f10x_spi.o
    0x08001c7c   0x0000003c   Code   RO         3093    i.SPI_Init          stm32f10x_spi.o
    0x08001cb8   0x000001d8   Code   RO          804    i.SPI_LCD_Init      lcd_spi_169.o
    0x08001e90   0x00000002   Code   RO          557    i.SVC_Handler       stm32f10x_it.o
    0x08001e92   0x00000002   PAD
    0x08001e94   0x00000164   Code   RO          405    i.S_go              motor.o
    0x08001ff8   0x00000008   Code   RO          697    i.SetSysClock       system_stm32f10x.o
    0x08002000   0x000000e0   Code   RO          698    i.SetSysClockTo72   system_stm32f10x.o
    0x080020e0   0x00000002   Code   RO          558    i.SysTick_Handler   stm32f10x_it.o
    0x080020e2   0x00000002   PAD
    0x080020e4   0x00000060   Code   RO          700    i.SystemInit        system_stm32f10x.o
    0x08002144   0x00000108   Code   RO          492    i.TIM6_IRQHandler   main.o
    0x0800224c   0x00000068   Code   RO          493    i.TIM8_UP_IRQHandler  main.o
    0x080022b4   0x00000068   Code   RO          161    i.TIMER6_Init       tim.o
    0x0800231c   0x0000010c   Code   RO          162    i.TIME_8_PWM_Init   tim.o
    0x08002428   0x00000018   Code   RO         3223    i.TIM_ARRPreloadConfig  stm32f10x_tim.o
    0x08002440   0x00000006   Code   RO         3230    i.TIM_ClearITPendingBit  stm32f10x_tim.o
    0x08002446   0x00000018   Code   RO         3235    i.TIM_Cmd           stm32f10x_tim.o
    0x0800245e   0x0000001e   Code   RO         3237    i.TIM_CtrlPWMOutputs  stm32f10x_tim.o
    0x0800247c   0x00000022   Code   RO         3256    i.TIM_GetITStatus   stm32f10x_tim.o
    0x0800249e   0x00000012   Code   RO         3260    i.TIM_ITConfig      stm32f10x_tim.o
    0x080024b0   0x00000098   Code   RO         3264    i.TIM_OC1Init       stm32f10x_tim.o
    0x08002548   0x00000012   Code   RO         3267    i.TIM_OC1PreloadConfig  stm32f10x_tim.o
    0x0800255a   0x00000002   PAD
    0x0800255c   0x000000a4   Code   RO         3269    i.TIM_OC2Init       stm32f10x_tim.o
    0x08002600   0x0000001a   Code   RO         3272    i.TIM_OC2PreloadConfig  stm32f10x_tim.o
    0x0800261a   0x00000002   PAD
    0x0800261c   0x000000a0   Code   RO         3274    i.TIM_OC3Init       stm32f10x_tim.o
    0x080026bc   0x00000012   Code   RO         3277    i.TIM_OC3PreloadConfig  stm32f10x_tim.o
    0x080026ce   0x00000002   PAD
    0x080026d0   0x0000007c   Code   RO         3279    i.TIM_OC4Init       stm32f10x_tim.o
    0x0800274c   0x0000001a   Code   RO         3281    i.TIM_OC4PreloadConfig  stm32f10x_tim.o
    0x08002766   0x00000002   PAD
    0x08002768   0x000000a4   Code   RO         3306    i.TIM_TimeBaseInit  stm32f10x_tim.o
    0x0800280c   0x00000200   Code   RO          260    i.UART4_IRQHandler  blue.o
    0x08002a0c   0x00000098   Code   RO          289    i.USART1_IRQHandler  usart_3.o
    0x08002aa4   0x00000088   Code   RO            5    i.USART2_IRQHandler  uart_2.o
    0x08002b2c   0x00000088   Code   RO          290    i.USART3_IRQHandler  usart_3.o
    0x08002bb4   0x00000012   Code   RO         3767    i.USART_ClearFlag   stm32f10x_usart.o
    0x08002bc6   0x0000001e   Code   RO         3768    i.USART_ClearITPendingBit  stm32f10x_usart.o
    0x08002be4   0x00000018   Code   RO         3771    i.USART_Cmd         stm32f10x_usart.o
    0x08002bfc   0x0000001a   Code   RO         3774    i.USART_GetFlagStatus  stm32f10x_usart.o
    0x08002c16   0x00000054   Code   RO         3775    i.USART_GetITStatus  stm32f10x_usart.o
    0x08002c6a   0x0000004a   Code   RO         3777    i.USART_ITConfig    stm32f10x_usart.o
    0x08002cb4   0x000000d8   Code   RO         3778    i.USART_Init        stm32f10x_usart.o
    0x08002d8c   0x0000000a   Code   RO         3785    i.USART_ReceiveData  stm32f10x_usart.o
    0x08002d96   0x00000008   Code   RO         3788    i.USART_SendData    stm32f10x_usart.o
    0x08002d9e   0x00000002   PAD
    0x08002da0   0x00000054   Code   RO          261    i.USART_SendString  blue.o
    0x08002df4   0x00000004   Code   RO          559    i.UsageFault_Handler  stm32f10x_it.o
    0x08002df8   0x00000028   Code   RO         4243    i.__0sprintf        mc_w.l(printfa.o)
    0x08002e20   0x0000000e   Code   RO         4362    i.__scatterload_copy  mc_w.l(handlers.o)
    0x08002e2e   0x00000002   Code   RO         4363    i.__scatterload_null  mc_w.l(handlers.o)
    0x08002e30   0x0000000e   Code   RO         4364    i.__scatterload_zeroinit  mc_w.l(handlers.o)
    0x08002e3e   0x00000002   PAD
    0x08002e40   0x00000184   Code   RO         4248    i._fp_digits        mc_w.l(printfa.o)
    0x08002fc4   0x000006dc   Code   RO         4249    i._printf_core      mc_w.l(printfa.o)
    0x080036a0   0x00000024   Code   RO         4250    i._printf_post_padding  mc_w.l(printfa.o)
    0x080036c4   0x0000002e   Code   RO         4251    i._printf_pre_padding  mc_w.l(printfa.o)
    0x080036f2   0x0000000a   Code   RO         4253    i._sputc            mc_w.l(printfa.o)
    0x080036fc   0x00000040   Code   RO          198    i.delay_init        delay.o
    0x0800373c   0x0000003c   Code   RO          200    i.delay_ms          delay.o
    0x08003778   0x00000130   Code   RO          406    i.dir_control       motor.o
    0x080038a8   0x0000012c   Code   RO          291    i.get_host_cmd      usart_3.o
    0x080039d4   0x00000144   Code   RO          408    i.gui_0_yaw         motor.o
    0x08003b18   0x00000aa8   Code   RO          494    i.main              main.o
    0x080045c0   0x00000068   Code   RO          409    i.motion_control    motor.o
    0x08004628   0x000001f0   Code   RO          410    i.pos_cal           motor.o
    0x08004818   0x000001bc   Code   RO          411    i.pos_compensate    motor.o
    0x080049d4   0x00000080   Code   RO          412    i.pos_motion_control  motor.o
    0x08004a54   0x0000005c   Code   RO          731    i.read_axis         24cxx.o
    0x08004ab0   0x00000144   Code   RO          413    i.spin              motor.o
    0x08004bf4   0x00000178   Code   RO          414    i.to_axis           motor.o
    0x08004d6c   0x000000a8   Code   RO          233    i.uart_1_init       usart_init.o
    0x08004e14   0x000000cc   Code   RO          234    i.uart_4_Init       usart_init.o
    0x08004ee0   0x000000b0   Code   RO          235    i.usart_3_Init      usart_init.o
    0x08004f90   0x00008764   Data   RO          759    .constdata          lcd_fonts.o
    0x0800d6f4   0x00000040   Data   RO         4358    .constdata          mc_w.l(ctype_c.o)
    0x0800d734   0x00000113   Data   RO          496    .conststring        main.o
    0x0800d847   0x00000001   PAD
    0x0800d848   0x00000020   Data   RO         4360    Region$$Table       anon$$obj.o


    Execution Region RW_IRAM1 (Base: 0x20000000, Size: 0x00000f20, Max: 0x0000c000, ABSOLUTE, COMPRESSED[0x000000d0])

    Base Addr    Size         Type   Attr      Idx    E Section Name        Object

    0x20000000   0x0000000b   Data   RW            8    .data               uart_2.o
    0x2000000b   0x00000001   PAD
    0x2000000c   0x00000004   Data   RW          202    .data               delay.o
    0x20000010   0x00000009   Data   RW          263    .data               blue.o
    0x20000019   0x00000002   Data   RW          293    .data               usart_3.o
    0x2000001b   0x00000001   PAD
    0x2000001c   0x00000024   Data   RW          415    .data               motor.o
    0x20000040   0x0000008c   Data   RW          497    .data               main.o
    0x200000cc   0x00000078   Data   RW          760    .data               lcd_fonts.o
    0x20000144   0x00000008   Data   RW          806    .data               lcd_spi_169.o
    0x2000014c   0x00000014   Data   RW         2631    .data               stm32f10x_rcc.o
    0x20000160   0x0000011e   Zero   RW            7    .bss                uart_2.o
    0x2000027e   0x0000001e   Zero   RW          262    .bss                blue.o
    0x2000029c   0x00000028   Zero   RW          292    .bss                usart_3.o
    0x200002c4   0x0000004a   Zero   RW          495    .bss                main.o
    0x2000030e   0x00000002   PAD
    0x20000310   0x00000810   Zero   RW          805    .bss                lcd_spi_169.o
    0x20000b20   0x00000400   Zero   RW         1027    STACK               startup_stm32f10x_hd.o


==============================================================================

Image component sizes


      Code (inc. data)   RO Data    RW Data    ZI Data      Debug   Object Name

        92          6          0          0          0        612   24cxx.o
       596         58          0          9         30       2152   blue.o
       124         12          0          4          0       1200   delay.o
         0          0      34660        120          0       2081   lcd_fonts.o
      2030        158          0          8       2064     217449   lcd_spi_169.o
      3096        346        275        140         74       4774   main.o
       132         22          0          0          0       1511   misc.o
      2856        286          0         36          0       8879   motor.o
        36          8        304          0       1024        780   startup_stm32f10x_hd.o
       430          6          0          0          0       3834   stm32f10x_gpio.o
        26          0          0          0          0      54242   stm32f10x_it.o
       276         32          0         20          0       4394   stm32f10x_rcc.o
        84          0          0          0          0       2109   stm32f10x_spi.o
       988         92          0          0          0       9766   stm32f10x_tim.o
       490          6          0          0          0       7297   stm32f10x_usart.o
         4          0          0          0          0        443   sys.o
       328         28          0          0          0       1841   system_stm32f10x.o
       666         22          0          0          0       2981   tim.o
       408         42          0         11        286     249769   uart_2.o
       588         60          0          2         40       1791   usart_3.o
       548         30          0          0          0       2211   usart_init.o

    ----------------------------------------------------------------------
     13818       1214      35272        352       3520     580116   Object Totals
         0          0         32          0          0          0   (incl. Generated)
        20          0          1          2          2          0   (incl. Padding)

    ----------------------------------------------------------------------

      Code (inc. data)   RO Data    RW Data    ZI Data      Debug   Library Member Name

        56          8          0          0          0         84   __0sscanf.o
        86          0          0          0          0          0   __dczerorl2.o
        28          0          0          0          0         68   _chval.o
       812          4          0          0          0        112   _scanf.o
       332          0          0          0          0         96   _scanf_int.o
       224          0          0          0          0         96   _scanf_str.o
        64          0          0          0          0         84   _sgetc.o
        40          6         64          0          0         68   ctype_c.o
         0          0          0          0          0          0   entry.o
         0          0          0          0          0          0   entry10a.o
         0          0          0          0          0          0   entry11a.o
         8          4          0          0          0          0   entry2.o
         4          0          0          0          0          0   entry5.o
         0          0          0          0          0          0   entry7b.o
         0          0          0          0          0          0   entry8b.o
         8          4          0          0          0          0   entry9a.o
        30          0          0          0          0          0   handlers.o
        36          8          0          0          0         68   init.o
        10          0          0          0          0         68   isspace_c.o
         0          0          0          0          0          0   iusefp.o
        30          0          0          0          0         68   llshl.o
        36          0          0          0          0         68   llsshr.o
        32          0          0          0          0         68   llushr.o
      2276         86          0          0          0        520   printfa.o
        40          8          0          0          0         84   scanf_char.o
        28          0          0          0          0         76   strcmp.o
        18          0          0          0          0         68   strcpy.o
        44          0          0          0          0         80   uidiv.o
        98          0          0          0          0         92   uldiv.o
        48          0          0          0          0         68   cdcmple.o
        48          0          0          0          0         68   cdrcmple.o
        20          0          0          0          0         68   cfcmple.o
        20          0          0          0          0         68   cfrcmple.o
        56          0          0          0          0         88   d2f.o
       334          0          0          0          0        148   dadd.o
       222          0          0          0          0        100   ddiv.o
       186          0          0          0          0        176   depilogue.o
        62          0          0          0          0         80   dfixi.o
        48          0          0          0          0         68   dfixul.o
       228          0          0          0          0         96   dmul.o
        38          0          0          0          0         68   f2d.o
       176          0          0          0          0        140   fadd.o
       124          0          0          0          0         88   fdiv.o
       110          0          0          0          0        168   fepilogue.o
        50          0          0          0          0         68   ffixi.o
        18          0          0          0          0         68   fflti.o
        10          0          0          0          0         68   ffltui.o
       100          0          0          0          0         76   fmul.o

    ----------------------------------------------------------------------
      6246        128         64          0          0       3640   Library Totals
         8          0          0          0          0          0   (incl. Padding)

    ----------------------------------------------------------------------

      Code (inc. data)   RO Data    RW Data    ZI Data      Debug   Library Name

      4340        128         64          0          0       1868   mc_w.l
      1898          0          0          0          0       1772   mf_w.l

    ----------------------------------------------------------------------
      6246        128         64          0          0       3640   Library Totals

    ----------------------------------------------------------------------

==============================================================================


      Code (inc. data)   RO Data    RW Data    ZI Data      Debug   

     20064       1342      35336        352       3520     577124   Grand Totals
     20064       1342      35336        208       3520     577124   ELF Image Totals (compressed)
     20064       1342      35336        208          0          0   ROM Totals

==============================================================================

    Total RO  Size (Code + RO Data)                55400 (  54.10kB)
    Total RW  Size (RW Data + ZI Data)              3872 (   3.78kB)
    Total ROM Size (Code + RO Data + RW Data)      55608 (  54.30kB)

==============================================================================

