Component: ARM Compiler 5.06 update 5 (build 528) Tool: armlink [4d35e2]

==============================================================================

Section Cross References

    main.o(i.KeyControlTask) refers to key.o(i.KEY_Scan) for KEY_Scan
    main.o(i.KeyControlTask) refers to armcamera.o(i.ScreenDisplayPicture) for ScreenDisplayPicture
    main.o(i.KeyControlTask) refers to main.o(.data) for SysValue
    main.o(i.KeyControlTask) refers to lcd_image.o(.constdata) for Image_Error_240x280
    main.o(i.OperatingTask) refers to stm32f10x_tim.o(i.TIM_Cmd) for TIM_Cmd
    main.o(i.OperatingTask) refers to armcamera.o(i.ScreenDisplayPicture) for ScreenDisplayPicture
    main.o(i.OperatingTask) refers to armcamera.o(i.SendOrderToCar) for SendOrderToCar
    main.o(i.OperatingTask) refers to armcamera.o(i.ArmClipTakeState) for ArmClipTakeState
    main.o(i.OperatingTask) refers to armcamera.o(i.MotorMotion_Rotate) for MotorMotion_Rotate
    main.o(i.OperatingTask) refers to armcamera.o(i.MotorMotion_Lift) for MotorMotion_Lift
    main.o(i.OperatingTask) refers to armcamera.o(i.IdentifyColorTake) for IdentifyColorTake
    main.o(i.OperatingTask) refers to delay.o(i.delay_ms) for delay_ms
    main.o(i.OperatingTask) refers to armcamera.o(i.MaterialPosition) for MaterialPosition
    main.o(i.OperatingTask) refers to armcamera.o(i.SendRingToCar) for SendRingToCar
    main.o(i.OperatingTask) refers to armcamera.o(i.Ground_PutAction) for Ground_PutAction
    main.o(i.OperatingTask) refers to main.o(.bss) for SysTask
    main.o(i.OperatingTask) refers to main.o(.data) for SysValue
    main.o(i.OperatingTask) refers to lcd_image.o(.constdata) for Image_Start_240x280
    main.o(i.SysDetectTask) refers to led.o(i.Board_LED_Init) for Board_LED_Init
    main.o(i.SysDetectTask) refers to tim.o(i.Tim6_Init) for Tim6_Init
    main.o(i.SysDetectTask) refers to lcd_spi_169.o(i.LCD_Clear) for LCD_Clear
    main.o(i.SysDetectTask) refers to lcd_spi_169.o(i.LCD_SetAsciiFont) for LCD_SetAsciiFont
    main.o(i.SysDetectTask) refers to lcd_spi_169.o(i.LCD_DisplayString) for LCD_DisplayString
    main.o(i.SysDetectTask) refers to main.o(.data) for SysValue
    main.o(i.SysDetectTask) refers to lcd_fonts.o(.data) for ASCII_Font32
    main.o(i.SystemInitialize) refers to misc.o(i.NVIC_PriorityGroupConfig) for NVIC_PriorityGroupConfig
    main.o(i.SystemInitialize) refers to delay.o(i.delay_init) for delay_init
    main.o(i.SystemInitialize) refers to lcd_spi_169.o(i.SPI_LCD_Init) for SPI_LCD_Init
    main.o(i.SystemInitialize) refers to delay.o(i.delay_ms) for delay_ms
    main.o(i.SystemInitialize) refers to lcd_spi_169.o(i.LCD_Clear) for LCD_Clear
    main.o(i.SystemInitialize) refers to lcd_spi_169.o(i.LCD_SetColor) for LCD_SetColor
    main.o(i.SystemInitialize) refers to lcd_spi_169.o(i.LCD_SetAsciiFont) for LCD_SetAsciiFont
    main.o(i.SystemInitialize) refers to lcd_spi_169.o(i.LCD_DisplayString) for LCD_DisplayString
    main.o(i.SystemInitialize) refers to led.o(i.Laser_Init) for Laser_Init
    main.o(i.SystemInitialize) refers to key.o(i.KEY_Init) for KEY_Init
    main.o(i.SystemInitialize) refers to motor.o(i.Motor_Gpio_Enable) for Motor_Gpio_Enable
    main.o(i.SystemInitialize) refers to tim.o(i.Tim8_Init) for Tim8_Init
    main.o(i.SystemInitialize) refers to tim.o(i.Tim1_Init) for Tim1_Init
    main.o(i.SystemInitialize) refers to tim.o(i.TIM3_Init) for TIM3_Init
    main.o(i.SystemInitialize) refers to usart.o(i.USART_Config_2) for USART_Config_2
    main.o(i.SystemInitialize) refers to usart.o(i.UART_Config_4) for UART_Config_4
    main.o(i.SystemInitialize) refers to usart.o(i.USART_Config_3) for USART_Config_3
    main.o(i.SystemInitialize) refers to armcamera.o(i.ScreenDisplayPicture) for ScreenDisplayPicture
    main.o(i.SystemInitialize) refers to tim.o(i.TIM7_Init) for TIM7_Init
    main.o(i.SystemInitialize) refers to espcommand.o(i.ConfigurationEsp8266) for ConfigurationEsp8266
    main.o(i.SystemInitialize) refers to armcamera.o(i.MaterialPosition) for MaterialPosition
    main.o(i.SystemInitialize) refers to main.o(.data) for SysValue
    main.o(i.SystemInitialize) refers to main.o(.bss) for SysTask
    main.o(i.SystemInitialize) refers to lcd_fonts.o(.data) for ASCII_Font16
    main.o(i.SystemInitialize) refers to lcd_image.o(.constdata) for Image_Hello_240x280
    main.o(i.TIM3_IRQHandler) refers to stm32f10x_tim.o(i.TIM_GetITStatus) for TIM_GetITStatus
    main.o(i.TIM3_IRQHandler) refers to stm32f10x_tim.o(i.TIM_ClearITPendingBit) for TIM_ClearITPendingBit
    main.o(i.TIM3_IRQHandler) refers to stm32f10x_tim.o(i.TIM_Cmd) for TIM_Cmd
    main.o(i.TIM3_IRQHandler) refers to main.o(.data) for SysValue
    main.o(i.TIM6_IRQHandler) refers to stm32f10x_tim.o(i.TIM_GetITStatus) for TIM_GetITStatus
    main.o(i.TIM6_IRQHandler) refers to stm32f10x_tim.o(i.TIM_ClearITPendingBit) for TIM_ClearITPendingBit
    main.o(i.TIM6_IRQHandler) refers to lcd_spi_169.o(i.LCD_SetAsciiFont) for LCD_SetAsciiFont
[...]
    ../clib/microlib/printf/printf.c         0x00000000   Number         0  printfa.o ABSOLUTE
    ../clib/microlib/printf/printf.c         0x00000000   Number         0  printfb.o ABSOLUTE
    ../clib/microlib/printf/printf.c         0x00000000   Number         0  printf0.o ABSOLUTE
    ../clib/microlib/printf/printf.c         0x00000000   Number         0  printf1.o ABSOLUTE
    ../clib/microlib/printf/stubs.s          0x00000000   Number         0  stubs.o ABSOLUTE
    ../clib/microlib/stdio/streams.c         0x00000000   Number         0  stdout.o ABSOLUTE
    ../clib/microlib/string/memset.c         0x00000000   Number         0  memseta.o ABSOLUTE
    ../clib/microlib/string/strlen.c         0x00000000   Number         0  strlen.o ABSOLUTE
    ../clib/microlib/string/strstr.c         0x00000000   Number         0  strstr.o ABSOLUTE
    ../clib/microlib/stubs.s                 0x00000000   Number         0  iusefp.o ABSOLUTE
    ../fplib/microlib/d2f.c                  0x00000000   Number         0  d2f.o ABSOLUTE
    ../fplib/microlib/f2d.c                  0x00000000   Number         0  f2d.o ABSOLUTE
    ../fplib/microlib/fpadd.c                0x00000000   Number         0  dadd.o ABSOLUTE
    ../fplib/microlib/fpadd.c                0x00000000   Number         0  fadd.o ABSOLUTE
    ../fplib/microlib/fpdiv.c                0x00000000   Number         0  fdiv.o ABSOLUTE
    ../fplib/microlib/fpdiv.c                0x00000000   Number         0  ddiv.o ABSOLUTE
    ../fplib/microlib/fpepilogue.c           0x00000000   Number         0  fepilogue.o ABSOLUTE
    ../fplib/microlib/fpepilogue.c           0x00000000   Number         0  depilogue.o ABSOLUTE
    ../fplib/microlib/fpfix.c                0x00000000   Number         0  ffixui.o ABSOLUTE
    ../fplib/microlib/fpfix.c                0x00000000   Number         0  dfixi.o ABSOLUTE
    ../fplib/microlib/fpfix.c                0x00000000   Number         0  dfixul.o ABSOLUTE
    ../fplib/microlib/fpflt.c                0x00000000   Number         0  fflti.o ABSOLUTE
    ../fplib/microlib/fpflt.c                0x00000000   Number         0  ffltui.o ABSOLUTE
    ../fplib/microlib/fpflt.c                0x00000000   Number         0  dfltui.o ABSOLUTE
    ../fplib/microlib/fpmul.c                0x00000000   Number         0  fmul.o ABSOLUTE
    ../fplib/microlib/fpmul.c                0x00000000   Number         0  dmul.o ABSOLUTE
    ..\CORE\core_cm3.c                       0x00000000   Number         0  core_cm3.o ABSOLUTE
    ..\CORE\startup_stm32f10x_hd.s           0x00000000   Number         0  startup_stm32f10x_hd.o ABSOLUTE
    ..\HARDWARE\ArmCamera\ArmCamera.c        0x00000000   Number         0  armcamera.o ABSOLUTE
    ..\HARDWARE\ESP8266\EspCommand.c         0x00000000   Number         0  espcommand.o ABSOLUTE
    ..\HARDWARE\KEY\key.c                    0x00000000   Number         0  key.o ABSOLUTE
    ..\HARDWARE\LCD\lcd_fonts.c              0x00000000   Number         0  lcd_fonts.o ABSOLUTE
    ..\HARDWARE\LCD\lcd_image.c              0x00000000   Number         0  lcd_image.o ABSOLUTE
    ..\HARDWARE\LCD\lcd_spi_169.c            0x00000000   Number         0  lcd_spi_169.o ABSOLUTE
    ..\HARDWARE\LED\led.c                    0x00000000   Number         0  led.o ABSOLUTE
    ..\HARDWARE\LobotServo\LobotServoController.c 0x00000000   Number         0  lobotservocontroller.o ABSOLUTE
    ..\HARDWARE\QRcode\fifo.c                0x00000000   Number         0  fifo.o ABSOLUTE
    ..\HARDWARE\RGB\WS2812.c                 0x00000000   Number         0  ws2812.o ABSOLUTE
    ..\HARDWARE\TIM\tim.c                    0x00000000   Number         0  tim.o ABSOLUTE
    ..\HARDWARE\USART\usart.c                0x00000000   Number         0  usart.o ABSOLUTE
    ..\HARDWARE\motor\motor.c                0x00000000   Number         0  motor.o ABSOLUTE
    ..\STM32F10x_FWLib\src\misc.c            0x00000000   Number         0  misc.o ABSOLUTE
    ..\STM32F10x_FWLib\src\stm32f10x_dma.c   0x00000000   Number         0  stm32f10x_dma.o ABSOLUTE
    ..\STM32F10x_FWLib\src\stm32f10x_gpio.c  0x00000000   Number         0  stm32f10x_gpio.o ABSOLUTE
    ..\STM32F10x_FWLib\src\stm32f10x_pwr.c   0x00000000   Number         0  stm32f10x_pwr.o ABSOLUTE
    ..\STM32F10x_FWLib\src\stm32f10x_rcc.c   0x00000000   Number         0  stm32f10x_rcc.o ABSOLUTE
    ..\STM32F10x_FWLib\src\stm32f10x_sdio.c  0x00000000   Number         0  stm32f10x_sdio.o ABSOLUTE
    ..\STM32F10x_FWLib\src\stm32f10x_spi.c   0x00000000   Number         0  stm32f10x_spi.o ABSOLUTE
    ..\STM32F10x_FWLib\src\stm32f10x_tim.c   0x00000000   Number         0  stm32f10x_tim.o ABSOLUTE
    ..\STM32F10x_FWLib\src\stm32f10x_usart.c 0x00000000   Number         0  stm32f10x_usart.o ABSOLUTE
    ..\SYSTEM\delay\delay.c                  0x00000000   Number         0  delay.o ABSOLUTE
    ..\SYSTEM\sys\sys.c                      0x00000000   Number         0  sys.o ABSOLUTE
    ..\\CORE\\core_cm3.c                     0x00000000   Number         0  core_cm3.o ABSOLUTE
    ..\\SYSTEM\\sys\\sys.c                   0x00000000   Number         0  sys.o ABSOLUTE
    cdrcmple.s                               0x00000000   Number         0  cdrcmple.o ABSOLUTE
    cfcmple.s                                0x00000000   Number         0  cfcmple.o ABSOLUTE
    dc.s                                     0x00000000   Number         0  dc.o ABSOLUTE
    handlers.s                               0x00000000   Number         0  handlers.o ABSOLUTE
    init.s                                   0x00000000   Number         0  init.o ABSOLUTE
    main.c                                   0x00000000   Number         0  main.o ABSOLUTE
    stm32f10x_it.c                           0x00000000   Number         0  stm32f10x_it.o ABSOLUTE
    system_stm32f10x.c                       0x00000000   Number         0  system_stm32f10x.o ABSOLUTE
    RESET                                    0x08000000   Section      304  startup_stm32f10x_hd.o(RESET)
    .ARM.Collect$$$$00000000                 0x08000130   Section        0  entry.o(.ARM.Collect$$$$00000000)
    .ARM.Collect$$$$00000001                 0x08000130   Section        4  entry2.o(.ARM.Collect$$$$00000001)
    .ARM.Collect$$$$00000004                 0x08000134   Section        4  entry5.o(.ARM.Collect$$$$00000004)
    .ARM.Collect$$$$00000008                 0x08000138   Section        0  entry7b.o(.ARM.Collect$$$$00000008)
    .ARM.Collect$$$$0000000A                 0x08000138   Section        0  entry8b.o(.ARM.Collect$$$$0000000A)
    .ARM.Collect$$$$0000000B                 0x08000138   Section        8  entry9a.o(.ARM.Collect$$$$0000000B)
    .ARM.Collect$$$$0000000D                 0x08000140   Section        0  entry10a.o(.ARM.Collect$$$$0000000D)
    .ARM.Collect$$$$0000000F                 0x08000140   Section        0  entry11a.o(.ARM.Collect$$$$0000000F)
    .ARM.Collect$$$$00002712                 0x08000140   Section        4  entry2.o(.ARM.Collect$$$$00002712)
    __lit__00000000                          0x08000140   Data           4  entry2.o(.ARM.Collect$$$$00002712)
    .text                                    0x08000144   Section       36  startup_stm32f10x_hd.o(.text)
    .text                                    0x08000168   Section        0  memseta.o(.text)
    .text                                    0x0800018c   Section        0  strstr.o(.text)
    .text                                    0x080001b0   Section        0  strlen.o(.text)
    .text                                    0x080001be   Section        0  fadd.o(.text)
    .text                                    0x0800026e   Section        0  fmul.o(.text)
    .text                                    0x080002d2   Section        0  fdiv.o(.text)
    .text                                    0x0800034e   Section        0  ddiv.o(.text)
    .text                                    0x0800042c   Section        0  fflti.o(.text)
    .text                                    0x0800043e   Section        0  ffltui.o(.text)
    .text                                    0x08000448   Section        0  dfltui.o(.text)
    .text                                    0x08000462   Section        0  dfixi.o(.text)
    .text                                    0x080004a0   Section        0  f2d.o(.text)
    .text                                    0x080004c6   Section        0  d2f.o(.text)
    .text                                    0x08000500   Section       20  cfcmple.o(.text)
    .text                                    0x08000514   Section        0  uidiv.o(.text)
    .text                                    0x08000540   Section        0  uldiv.o(.text)
    .text                                    0x080005a2   Section        0  llushr.o(.text)
    .text                                    0x080005c2   Section        0  iusefp.o(.text)
    .text                                    0x080005c2   Section        0  fepilogue.o(.text)
    .text                                    0x08000630   Section        0  depilogue.o(.text)
    .text                                    0x080006ea   Section        0  dadd.o(.text)
    .text                                    0x08000838   Section        0  dmul.o(.text)
    .text                                    0x0800091c   Section        0  dfixul.o(.text)
    .text                                    0x0800094c   Section       48  cdrcmple.o(.text)
    .text                                    0x0800097c   Section       36  init.o(.text)
    .text                                    0x080009a0   Section        0  llshl.o(.text)
    .text                                    0x080009be   Section        0  llsshr.o(.text)
    .text                                    0x080009e2   Section        0  __dclz77c.o(.text)
    i.Angle_Control                          0x08000a40   Section        0  motor.o(i.Angle_Control)
    i.ArmClipTakeState                       0x08000bbc   Section        0  armcamera.o(i.ArmClipTakeState)
    i.Board_LED_Init                         0x08000c14   Section        0  led.o(i.Board_LED_Init)
    i.BusFault_Handler                       0x08000c5c   Section        0  stm32f10x_it.o(i.BusFault_Handler)
    i.ConfigurationEsp8266                   0x08000c60   Section        0  espcommand.o(i.ConfigurationEsp8266)
    i.DebugMon_Handler                       0x08000cb0   Section        0  stm32f10x_it.o(i.DebugMon_Handler)
    i.ESP8266_JoinWifi                       0x08000cb4   Section        0  espcommand.o(i.ESP8266_JoinWifi)
    i.ESP8266_LinkServe                      0x08000d58   Section        0  espcommand.o(i.ESP8266_LinkServe)
    i.ESP8266_NetMode                        0x08000e2c   Section        0  espcommand.o(i.ESP8266_NetMode)
    i.ESP8266_SelfTest                       0x08000ef8   Section        0  espcommand.o(i.ESP8266_SelfTest)
    i.GPIO_Init                              0x08000f68   Section        0  stm32f10x_gpio.o(i.GPIO_Init)
    i.GPIO_PinRemapConfig                    0x08001080   Section        0  stm32f10x_gpio.o(i.GPIO_PinRemapConfig)
    i.GPIO_ReadInputDataBit                  0x08001110   Section        0  stm32f10x_gpio.o(i.GPIO_ReadInputDataBit)
    i.GPIO_ResetBits                         0x08001122   Section        0  stm32f10x_gpio.o(i.GPIO_ResetBits)
    i.GPIO_SetBits                           0x08001126   Section        0  stm32f10x_gpio.o(i.GPIO_SetBits)
    i.Ground_PutAction                       0x0800112a   Section        0  armcamera.o(i.Ground_PutAction)
    i.HardFault_Handler                      0x08001190   Section        0  stm32f10x_it.o(i.HardFault_Handler)
    i.IdentifyColorTake                      0x08001194   Section        0  armcamera.o(i.IdentifyColorTake)
    i.KEY_Init                               0x080011c0   Section        0  key.o(i.KEY_Init)
    i.KEY_Scan                               0x080011e4   Section        0  key.o(i.KEY_Scan)
    i.KeyControlTask                         0x08001254   Section        0  main.o(i.KeyControlTask)
    i.LCD_Clear                              0x08001290   Section        0  lcd_spi_169.o(i.LCD_Clear)
    i.LCD_ClearRect                          0x08001348   Section        0  lcd_spi_169.o(i.LCD_ClearRect)
    i.LCD_Delay                              0x08001408   Section        0  lcd_spi_169.o(i.LCD_Delay)
    i.LCD_DisplayChar                        0x08001434   Section        0  lcd_spi_169.o(i.LCD_DisplayChar)
    i.LCD_DisplayNumber                      0x08001514   Section        0  lcd_spi_169.o(i.LCD_DisplayNumber)
    i.LCD_DisplayString                      0x08001560   Section        0  lcd_spi_169.o(i.LCD_DisplayString)
    i.LCD_DrawImage                          0x08001598   Section        0  lcd_spi_169.o(i.LCD_DrawImage)
    i.LCD_GPIO_Config                        0x080016cc   Section        0  lcd_spi_169.o(i.LCD_GPIO_Config)
    i.LCD_SPI_Config                         0x08001770   Section        0  lcd_spi_169.o(i.LCD_SPI_Config)
    i.LCD_SetAddress                         0x080017cc   Section        0  lcd_spi_169.o(i.LCD_SetAddress)
    i.LCD_SetAsciiFont                       0x08001848   Section        0  lcd_spi_169.o(i.LCD_SetAsciiFont)
    i.LCD_SetBackColor                       0x08001854   Section        0  lcd_spi_169.o(i.LCD_SetBackColor)
    i.LCD_SetColor                           0x0800187c   Section        0  lcd_spi_169.o(i.LCD_SetColor)
    i.LCD_SetDirection                       0x080018a4   Section        0  lcd_spi_169.o(i.LCD_SetDirection)
    i.LCD_ShowNumMode                        0x0800196c   Section        0  lcd_spi_169.o(i.LCD_ShowNumMode)
    i.LCD_WriteBuff                          0x08001978   Section        0  lcd_spi_169.o(i.LCD_WriteBuff)
    i.LCD_WriteCommand                       0x08001a0c   Section        0  lcd_spi_169.o(i.LCD_WriteCommand)
    i.LCD_WriteData_16bit                    0x08001a58   Section        0  lcd_spi_169.o(i.LCD_WriteData_16bit)
    i.LCD_WriteData_8bit                     0x08001a84   Section        0  lcd_spi_169.o(i.LCD_WriteData_8bit)
    i.Laser_Init                             0x08001a9c   Section        0  led.o(i.Laser_Init)
    i.MaterialPosition                       0x08001ad0   Section        0  armcamera.o(i.MaterialPosition)
    i.MemManage_Handler                      0x08001b24   Section        0  stm32f10x_it.o(i.MemManage_Handler)
    i.MotorMotion_Blue                       0x08001b28   Section        0  armcamera.o(i.MotorMotion_Blue)
    i.MotorMotion_Lift                       0x08001c6c   Section        0  armcamera.o(i.MotorMotion_Lift)
    i.MotorMotion_Rotate                     0x08001dd0   Section        0  armcamera.o(i.MotorMotion_Rotate)
    i.Motor_Gpio_Enable                      0x08001e0c   Section        0  motor.o(i.Motor_Gpio_Enable)
    i.NMI_Handler                            0x08001e70   Section        0  stm32f10x_it.o(i.NMI_Handler)
    i.NVIC_Init                              0x08001e74   Section        0  misc.o(i.NVIC_Init)
    i.NVIC_PriorityGroupConfig               0x08001ee4   Section        0  misc.o(i.NVIC_PriorityGroupConfig)
    i.OperatingTask                          0x08001ef8   Section        0  main.o(i.OperatingTask)
    i.PendSV_Handler                         0x08002138   Section        0  stm32f10x_it.o(i.PendSV_Handler)
    i.RCC_APB1PeriphClockCmd                 0x0800213c   Section        0  stm32f10x_rcc.o(i.RCC_APB1PeriphClockCmd)
    i.RCC_APB1PeriphResetCmd                 0x0800215c   Section        0  stm32f10x_rcc.o(i.RCC_APB1PeriphResetCmd)
    i.RCC_APB2PeriphClockCmd                 0x0800217c   Section        0  stm32f10x_rcc.o(i.RCC_APB2PeriphClockCmd)
    i.RCC_APB2PeriphResetCmd                 0x0800219c   Section        0  stm32f10x_rcc.o(i.RCC_APB2PeriphResetCmd)
    i.RCC_GetClocksFreq                      0x080021bc   Section        0  stm32f10x_rcc.o(i.RCC_GetClocksFreq)
    i.SPI_Cmd                                0x08002290   Section        0  stm32f10x_spi.o(i.SPI_Cmd)
    i.SPI_Init                               0x080022a8   Section        0  stm32f10x_spi.o(i.SPI_Init)
    i.SPI_LCD_Init                           0x080022e4   Section        0  lcd_spi_169.o(i.SPI_LCD_Init)
    i.SVC_Handler                            0x080024bc   Section        0  stm32f10x_it.o(i.SVC_Handler)
    i.S_go                                   0x080024c0   Section        0  motor.o(i.S_go)
    i.ScreenDisplayPicture                   0x08002684   Section        0  armcamera.o(i.ScreenDisplayPicture)
    i.SendEsp8266Cmd                         0x080026a0   Section        0  espcommand.o(i.SendEsp8266Cmd)
    i.SendOrderToCar                         0x08002794   Section        0  armcamera.o(i.SendOrderToCar)
    i.SendRingToCar                          0x080027c0   Section        0  armcamera.o(i.SendRingToCar)
    i.SetSysClock                            0x08002890   Section        0  system_stm32f10x.o(i.SetSysClock)
    SetSysClock                              0x08002891   Thumb Code     8  system_stm32f10x.o(i.SetSysClock)
    i.SetSysClockTo72                        0x08002898   Section        0  system_stm32f10x.o(i.SetSysClockTo72)
    SetSysClockTo72                          0x08002899   Thumb Code   214  system_stm32f10x.o(i.SetSysClockTo72)
    i.SysDetectTask                          0x08002978   Section        0  main.o(i.SysDetectTask)
    i.SysTick_CLKSourceConfig                0x08002a34   Section        0  misc.o(i.SysTick_CLKSourceConfig)
    i.SysTick_Handler                        0x08002a5c   Section        0  stm32f10x_it.o(i.SysTick_Handler)
    i.SystemInit                             0x08002a60   Section        0  system_stm32f10x.o(i.SystemInit)
    i.SystemInitialize                       0x08002ac0   Section        0  main.o(i.SystemInitialize)
    i.TIM3_IRQHandler                        0x08002d58   Section        0  main.o(i.TIM3_IRQHandler)
    i.TIM3_Init                              0x08002db0   Section        0  tim.o(i.TIM3_Init)
    i.TIM6_IRQHandler                        0x08002e10   Section        0  main.o(i.TIM6_IRQHandler)
    i.TIM7_IRQHandler                        0x08002ec0   Section        0  main.o(i.TIM7_IRQHandler)
    i.TIM7_Init                              0x08002ef8   Section        0  tim.o(i.TIM7_Init)
    i.TIM8_UP_IRQHandler                     0x08002f58   Section        0  main.o(i.TIM8_UP_IRQHandler)
    i.TIM_ARRPreloadConfig                   0x08002fc0   Section        0  stm32f10x_tim.o(i.TIM_ARRPreloadConfig)
    i.TIM_ClearITPendingBit                  0x08002fd8   Section        0  stm32f10x_tim.o(i.TIM_ClearITPendingBit)
    i.TIM_Cmd                                0x08002fde   Section        0  stm32f10x_tim.o(i.TIM_Cmd)
    i.TIM_CtrlPWMOutputs                     0x08002ff6   Section        0  stm32f10x_tim.o(i.TIM_CtrlPWMOutputs)
    i.TIM_GetITStatus                        0x08003014   Section        0  stm32f10x_tim.o(i.TIM_GetITStatus)
    i.TIM_ITConfig                           0x08003036   Section        0  stm32f10x_tim.o(i.TIM_ITConfig)
    i.TIM_OC1Init                            0x08003048   Section        0  stm32f10x_tim.o(i.TIM_OC1Init)
    i.TIM_OC1PreloadConfig                   0x080030e0   Section        0  stm32f10x_tim.o(i.TIM_OC1PreloadConfig)
    i.TIM_OC2Init                            0x080030f4   Section        0  stm32f10x_tim.o(i.TIM_OC2Init)
    i.TIM_OC2PreloadConfig                   0x08003198   Section        0  stm32f10x_tim.o(i.TIM_OC2PreloadConfig)
    i.TIM_OC3Init                            0x080031b4   Section        0  stm32f10x_tim.o(i.TIM_OC3Init)
    i.TIM_OC3PreloadConfig                   0x08003254   Section        0  stm32f10x_tim.o(i.TIM_OC3PreloadConfig)
    i.TIM_OC4Init                            0x08003268   Section        0  stm32f10x_tim.o(i.TIM_OC4Init)
    i.TIM_OC4PreloadConfig                   0x080032e4   Section        0  stm32f10x_tim.o(i.TIM_OC4PreloadConfig)
    i.TIM_SetCounter                         0x080032fe   Section        0  stm32f10x_tim.o(i.TIM_SetCounter)
    i.TIM_TimeBaseInit                       0x08003304   Section        0  stm32f10x_tim.o(i.TIM_TimeBaseInit)
    i.TakeRawMaterial                        0x080033a8   Section        0  armcamera.o(i.TakeRawMaterial)
    i.Tcb                                    0x080033ec   Section        0  motor.o(i.Tcb)
    i.Tim1_Init                              0x080033fc   Section        0  tim.o(i.Tim1_Init)
    i.Tim6_Init                              0x080034dc   Section        0  tim.o(i.Tim6_Init)
    i.Tim8_Init                              0x0800353c   Section        0  tim.o(i.Tim8_Init)
    i.UART4_IRQHandler                       0x08003658   Section        0  usart.o(i.UART4_IRQHandler)
    i.UART5_IRQHandler                       0x080036d8   Section        0  usart.o(i.UART5_IRQHandler)
    i.UART_Config_4                          0x08003770   Section        0  usart.o(i.UART_Config_4)
    i.USART1_IRQHandler                      0x08003830   Section        0  usart.o(i.USART1_IRQHandler)
    i.USART2_IRQHandler                      0x08003834   Section        0  usart.o(i.USART2_IRQHandler)
    i.USART3_IRQHandler                      0x080038a8   Section        0  usart.o(i.USART3_IRQHandler)
    i.USART_Cmd                              0x080039b0   Section        0  stm32f10x_usart.o(i.USART_Cmd)
    i.USART_Config_2                         0x080039c8   Section        0  usart.o(i.USART_Config_2)
    i.USART_Config_3                         0x08003a6c   Section        0  usart.o(i.USART_Config_3)
    i.USART_DeInit                           0x08003b18   Section        0  stm32f10x_usart.o(i.USART_DeInit)
    i.USART_GetFlagStatus                    0x08003bb4   Section        0  stm32f10x_usart.o(i.USART_GetFlagStatus)
    i.USART_GetITStatus                      0x08003bce   Section        0  stm32f10x_usart.o(i.USART_GetITStatus)
    i.USART_ITConfig                         0x08003c22   Section        0  stm32f10x_usart.o(i.USART_ITConfig)
    i.USART_Init                             0x08003c6c   Section        0  stm32f10x_usart.o(i.USART_Init)
    i.USART_ReceiveData                      0x08003d44   Section        0  stm32f10x_usart.o(i.USART_ReceiveData)
    i.USART_SendData                         0x08003d4e   Section        0  stm32f10x_usart.o(i.USART_SendData)
    i.UsageFault_Handler                     0x08003d56   Section        0  stm32f10x_it.o(i.UsageFault_Handler)
    i.Usart_SendByte                         0x08003d5a   Section        0  usart.o(i.Usart_SendByte)
    i.Usart_SendString                       0x08003d78   Section        0  usart.o(i.Usart_SendString)
    i.__0sprintf                             0x08003da4   Section        0  printfa.o(i.__0sprintf)
    i.__scatterload_copy                     0x08003dcc   Section       14  handlers.o(i.__scatterload_copy)
    i.__scatterload_null                     0x08003dda   Section        2  handlers.o(i.__scatterload_null)
    i.__scatterload_zeroinit                 0x08003ddc   Section       14  handlers.o(i.__scatterload_zeroinit)
    i._fp_digits                             0x08003dec   Section        0  printfa.o(i._fp_digits)
    _fp_digits                               0x08003ded   Thumb Code   366  printfa.o(i._fp_digits)
    i._printf_core                           0x08003f70   Section        0  printfa.o(i._printf_core)
    _printf_core                             0x08003f71   Thumb Code  1744  printfa.o(i._printf_core)
    i._printf_post_padding                   0x0800464c   Section        0  printfa.o(i._printf_post_padding)
    _printf_post_padding                     0x0800464d   Thumb Code    36  printfa.o(i._printf_post_padding)
    i._printf_pre_padding                    0x08004670   Section        0  printfa.o(i._printf_pre_padding)
    _printf_pre_padding                      0x08004671   Thumb Code    46  printfa.o(i._printf_pre_padding)
    i._sputc                                 0x0800469e   Section        0  printfa.o(i._sputc)
    _sputc                                   0x0800469f   Thumb Code    10  printfa.o(i._sputc)
    i.circle_control                         0x080046a8   Section        0  motor.o(i.circle_control)
    i.delay_init                             0x080046ec   Section        0  delay.o(i.delay_init)
    i.delay_ms                               0x08004730   Section        0  delay.o(i.delay_ms)
    i.dir_control                            0x0800477c   Section        0  motor.o(i.dir_control)
    i.main                                   0x08004880   Section        0  main.o(i.main)
    i.no_angle_control                       0x080048ac   Section        0  motor.o(i.no_angle_control)
    i.step_control                           0x080049d0   Section        0  motor.o(i.step_control)
    .constdata                               0x080049fc   Section    75000  lcd_image.o(.constdata)
    .constdata                               0x08016ef4   Section    26660  lcd_fonts.o(.constdata)
    .constdata                               0x0801d718   Section     1600  motor.o(.constdata)
    .conststring                             0x0801dd58   Section      200  main.o(.conststring)
    .conststring                             0x0801de20   Section       63  espcommand.o(.conststring)
    .data                                    0x20000000   Section      148  main.o(.data)
    TaskCodeStr                              0x20000000   Data          36  main.o(.data)
    TaskCodeNum                              0x20000024   Data          36  main.o(.data)
    TaskString                               0x20000048   Data          60  main.o(.data)
    count                                    0x2000008c   Data           4  main.o(.data)
    step                                     0x20000090   Data           4  main.o(.data)
    .data                                    0x20000094   Section       20  system_stm32f10x.o(.data)
    .data                                    0x200000a8   Section      136  usart.o(.data)
    TaskCodeStr                              0x200000a8   Data          36  usart.o(.data)
    TaskCodeNum                              0x200000cc   Data          36  usart.o(.data)
    TaskString                               0x200000f0   Data          60  usart.o(.data)
    count                                    0x2000012c   Data           1  usart.o(.data)
    U5State                                  0x2000012e   Data           2  usart.o(.data)
    .data                                    0x20000130   Section      140  lcd_spi_169.o(.data)
    TaskCodeStr                              0x20000130   Data          36  lcd_spi_169.o(.data)
    TaskCodeNum                              0x20000154   Data          36  lcd_spi_169.o(.data)
    TaskString                               0x20000178   Data          60  lcd_spi_169.o(.data)
    LCD_AsciiFonts                           0x200001b4   Data           4  lcd_spi_169.o(.data)
    LCD_CHFonts                              0x200001b8   Data           4  lcd_spi_169.o(.data)
    .data                                    0x200001bc   Section      136  key.o(.data)
    TaskCodeStr                              0x200001bc   Data          36  key.o(.data)
    TaskCodeNum                              0x200001e0   Data          36  key.o(.data)
    TaskString                               0x20000204   Data          60  key.o(.data)
    KeyTime                                  0x20000240   Data           4  key.o(.data)
    .data                                    0x20000244   Section      120  lcd_fonts.o(.data)
    .data                                    0x200002bc   Section      552  motor.o(.data)
    TaskCodeStr                              0x200002bc   Data          36  motor.o(.data)
    TaskCodeNum                              0x200002e0   Data          36  motor.o(.data)
    TaskString                               0x20000304   Data          60  motor.o(.data)
    .data                                    0x200004e4   Section      138  armcamera.o(.data)
    TaskString                               0x200004e4   Data          60  armcamera.o(.data)
    TaskCodeStr                              0x20000520   Data          36  armcamera.o(.data)
    TaskCodeNum                              0x20000544   Data          36  armcamera.o(.data)
    TakeCount                                0x2000056c   Data           1  armcamera.o(.data)
    ActionCount                              0x2000056d   Data           1  armcamera.o(.data)
    .data                                    0x20000570   Section      152  espcommand.o(.data)
    TaskCodeStr                              0x20000570   Data          36  espcommand.o(.data)
    TaskCodeNum                              0x20000594   Data          36  espcommand.o(.data)
    TaskString                               0x200005b8   Data          60  espcommand.o(.data)
    .data                                    0x20000608   Section      136  delay.o(.data)
    TaskCodeStr                              0x20000608   Data          36  delay.o(.data)
    TaskCodeNum                              0x2000062c   Data          36  delay.o(.data)
    TaskString                               0x20000650   Data          60  delay.o(.data)
    fac_us                                   0x2000068c   Data           1  delay.o(.data)
    fac_ms                                   0x2000068e   Data           2  delay.o(.data)
    .data                                    0x20000690   Section       20  stm32f10x_rcc.o(.data)
    APBAHBPrescTable                         0x20000690   Data          16  stm32f10x_rcc.o(.data)
    ADCPrescTable                            0x200006a0   Data           4  stm32f10x_rcc.o(.data)
    .bss                                     0x200006a4   Section       16  main.o(.bss)
    .bss                                     0x200006b4   Section     2312  usart.o(.bss)
    .bss                                     0x20000fbc   Section     2064  lcd_spi_169.o(.bss)
    STACK                                    0x200017d0   Section     1024  startup_stm32f10x_hd.o(STACK)

    Global Symbols

    Symbol Name                              Value     Ov Type        Size  Object(Section)

    BuildAttributes$$THM_ISAv4$P$D$K$B$S$PE$A:L22UL41UL21$X:L11$S22US41US21$IEEE1$IW$USESV6$~STKCKD$USESV7$~SHL$OTIME$ROPI$EBA8$MICROLIB$REQ8$PRES8$EABIv2 0x00000000   Number         0  anon$$obj.o ABSOLUTE
    __ARM_use_no_argv                        0x00000000   Number         0  main.o ABSOLUTE
    _printf_a                                0x00000000   Number         0  stubs.o ABSOLUTE
    _printf_c                                0x00000000   Number         0  stubs.o ABSOLUTE
    _printf_charcount                        0x00000000   Number         0  stubs.o ABSOLUTE
    _printf_d                                0x00000000   Number         0  stubs.o ABSOLUTE
    _printf_e                                0x00000000   Number         0  stubs.o ABSOLUTE
    _printf_f                                0x00000000   Number         0  stubs.o ABSOLUTE
    _printf_flags                            0x00000000   Number         0  stubs.o ABSOLUTE
    _printf_fp_dec                           0x00000000   Number         0  stubs.o ABSOLUTE
    _printf_fp_hex                           0x00000000   Number         0  stubs.o ABSOLUTE
    _printf_g                                0x00000000   Number         0  stubs.o ABSOLUTE
    _printf_i                                0x00000000   Number         0  stubs.o ABSOLUTE
    _printf_int_dec                          0x00000000   Number         0  stubs.o ABSOLUTE
    _printf_l                                0x00000000   Number         0  stubs.o ABSOLUTE
    _printf_lc                               0x00000000   Number         0  stubs.o ABSOLUTE
    _printf_ll                               0x00000000   Number         0  stubs.o ABSOLUTE
    _printf_lld                              0x00000000   Number         0  stubs.o ABSOLUTE
    _printf_lli                              0x00000000   Number         0  stubs.o ABSOLUTE
    _printf_llo                              0x00000000   Number         0  stubs.o ABSOLUTE
    _printf_llu                              0x00000000   Number         0  stubs.o ABSOLUTE
    _printf_llx                              0x00000000   Number         0  stubs.o ABSOLUTE
    _printf_longlong_dec                     0x00000000   Number         0  stubs.o ABSOLUTE
    _printf_longlong_hex                     0x00000000   Number         0  stubs.o ABSOLUTE
    _printf_longlong_oct                     0x00000000   Number         0  stubs.o ABSOLUTE
    _printf_ls                               0x00000000   Number         0  stubs.o ABSOLUTE
    _printf_mbtowc                           0x00000000   Number         0  stubs.o ABSOLUTE
    _printf_n                                0x00000000   Number         0  stubs.o ABSOLUTE
    _printf_o                                0x00000000   Number         0  stubs.o ABSOLUTE
    _printf_p                                0x00000000   Number         0  stubs.o ABSOLUTE
    _printf_percent                          0x00000000   Number         0  stubs.o ABSOLUTE
    _printf_pre_padding                      0x00000000   Number         0  stubs.o ABSOLUTE
    _printf_return_value                     0x00000000   Number         0  stubs.o ABSOLUTE
    _printf_s                                0x00000000   Number         0  stubs.o ABSOLUTE
    _printf_sizespec                         0x00000000   Number         0  stubs.o ABSOLUTE
    _printf_str                              0x00000000   Number         0  stubs.o ABSOLUTE
    _printf_truncate_signed                  0x00000000   Number         0  stubs.o ABSOLUTE
    _printf_truncate_unsigned                0x00000000   Number         0  stubs.o ABSOLUTE
    _printf_u                                0x00000000   Number         0  stubs.o ABSOLUTE
    _printf_wc                               0x00000000   Number         0  stubs.o ABSOLUTE
    _printf_wctomb                           0x00000000   Number         0  stubs.o ABSOLUTE
    _printf_widthprec                        0x00000000   Number         0  stubs.o ABSOLUTE
    _printf_x                                0x00000000   Number         0  stubs.o ABSOLUTE
    __cpp_initialize__aeabi_                  - Undefined Weak Reference
    __cxa_finalize                            - Undefined Weak Reference
    _clock_init                               - Undefined Weak Reference
    _microlib_exit                            - Undefined Weak Reference
    __Vectors_Size                           0x00000130   Number         0  startup_stm32f10x_hd.o ABSOLUTE
    __Vectors                                0x08000000   Data           4  startup_stm32f10x_hd.o(RESET)
    __Vectors_End                            0x08000130   Data           0  startup_stm32f10x_hd.o(RESET)
    __main                                   0x08000131   Thumb Code     0  entry.o(.ARM.Collect$$$$00000000)
    _main_stk                                0x08000131   Thumb Code     0  entry2.o(.ARM.Collect$$$$00000001)
    _main_scatterload                        0x08000135   Thumb Code     0  entry5.o(.ARM.Collect$$$$00000004)
    __main_after_scatterload                 0x08000139   Thumb Code     0  entry5.o(.ARM.Collect$$$$00000004)
    _main_clock                              0x08000139   Thumb Code     0  entry7b.o(.ARM.Collect$$$$00000008)
    _main_cpp_init                           0x08000139   Thumb Code     0  entry8b.o(.ARM.Collect$$$$0000000A)
    _main_init                               0x08000139   Thumb Code     0  entry9a.o(.ARM.Collect$$$$0000000B)
    __rt_final_cpp                           0x08000141   Thumb Code     0  entry10a.o(.ARM.Collect$$$$0000000D)
    __rt_final_exit                          0x08000141   Thumb Code     0  entry11a.o(.ARM.Collect$$$$0000000F)
    Reset_Handler                            0x08000145   Thumb Code     8  startup_stm32f10x_hd.o(.text)
    ADC1_2_IRQHandler                        0x0800015f   Thumb Code     0  startup_stm32f10x_hd.o(.text)
    ADC3_IRQHandler                          0x0800015f   Thumb Code     0  startup_stm32f10x_hd.o(.text)
    CAN1_RX1_IRQHandler                      0x0800015f   Thumb Code     0  startup_stm32f10x_hd.o(.text)
    CAN1_SCE_IRQHandler                      0x0800015f   Thumb Code     0  startup_stm32f10x_hd.o(.text)
    DMA1_Channel1_IRQHandler                 0x0800015f   Thumb Code     0  startup_stm32f10x_hd.o(.text)
    DMA1_Channel2_IRQHandler                 0x0800015f   Thumb Code     0  startup_stm32f10x_hd.o(.text)
    DMA1_Channel3_IRQHandler                 0x0800015f   Thumb Code     0  startup_stm32f10x_hd.o(.text)
    DMA1_Channel4_IRQHandler                 0x0800015f   Thumb Code     0  startup_stm32f10x_hd.o(.text)
    DMA1_Channel5_IRQHandler                 0x0800015f   Thumb Code     0  startup_stm32f10x_hd.o(.text)
    DMA1_Channel6_IRQHandler                 0x0800015f   Thumb Code     0  startup_stm32f10x_hd.o(.text)
    DMA1_Channel7_IRQHandler                 0x0800015f   Thumb Code     0  startup_stm32f10x_hd.o(.text)
    DMA2_Channel1_IRQHandler                 0x0800015f   Thumb Code     0  startup_stm32f10x_hd.o(.text)
    DMA2_Channel2_IRQHandler                 0x0800015f   Thumb Code     0  startup_stm32f10x_hd.o(.text)
    DMA2_Channel3_IRQHandler                 0x0800015f   Thumb Code     0  startup_stm32f10x_hd.o(.text)
    DMA2_Channel4_5_IRQHandler               0x0800015f   Thumb Code     0  startup_stm32f10x_hd.o(.text)
    EXTI0_IRQHandler                         0x0800015f   Thumb Code     0  startup_stm32f10x_hd.o(.text)
    EXTI15_10_IRQHandler                     0x0800015f   Thumb Code     0  startup_stm32f10x_hd.o(.text)
    EXTI1_IRQHandler                         0x0800015f   Thumb Code     0  startup_stm32f10x_hd.o(.text)
    EXTI2_IRQHandler                         0x0800015f   Thumb Code     0  startup_stm32f10x_hd.o(.text)
    EXTI3_IRQHandler                         0x0800015f   Thumb Code     0  startup_stm32f10x_hd.o(.text)
    EXTI4_IRQHandler                         0x0800015f   Thumb Code     0  startup_stm32f10x_hd.o(.text)
    EXTI9_5_IRQHandler                       0x0800015f   Thumb Code     0  startup_stm32f10x_hd.o(.text)
    FLASH_IRQHandler                         0x0800015f   Thumb Code     0  startup_stm32f10x_hd.o(.text)
    FSMC_IRQHandler                          0x0800015f   Thumb Code     0  startup_stm32f10x_hd.o(.text)
    I2C1_ER_IRQHandler                       0x0800015f   Thumb Code     0  startup_stm32f10x_hd.o(.text)
    I2C1_EV_IRQHandler                       0x0800015f   Thumb Code     0  startup_stm32f10x_hd.o(.text)
    I2C2_ER_IRQHandler                       0x0800015f   Thumb Code     0  startup_stm32f10x_hd.o(.text)
    I2C2_EV_IRQHandler                       0x0800015f   Thumb Code     0  startup_stm32f10x_hd.o(.text)
    PVD_IRQHandler                           0x0800015f   Thumb Code     0  startup_stm32f10x_hd.o(.text)
    RCC_IRQHandler                           0x0800015f   Thumb Code     0  startup_stm32f10x_hd.o(.text)
    RTCAlarm_IRQHandler                      0x0800015f   Thumb Code     0  startup_stm32f10x_hd.o(.text)
    RTC_IRQHandler                           0x0800015f   Thumb Code     0  startup_stm32f10x_hd.o(.text)
    SDIO_IRQHandler                          0x0800015f   Thumb Code     0  startup_stm32f10x_hd.o(.text)
    SPI1_IRQHandler                          0x0800015f   Thumb Code     0  startup_stm32f10x_hd.o(.text)
    SPI2_IRQHandler                          0x0800015f   Thumb Code     0  startup_stm32f10x_hd.o(.text)
    SPI3_IRQHandler                          0x0800015f   Thumb Code     0  startup_stm32f10x_hd.o(.text)
    TAMPER_IRQHandler                        0x0800015f   Thumb Code     0  startup_stm32f10x_hd.o(.text)
    TIM1_BRK_IRQHandler                      0x0800015f   Thumb Code     0  startup_stm32f10x_hd.o(.text)
    TIM1_CC_IRQHandler                       0x0800015f   Thumb Code     0  startup_stm32f10x_hd.o(.text)
    TIM1_TRG_COM_IRQHandler                  0x0800015f   Thumb Code     0  startup_stm32f10x_hd.o(.text)
    TIM1_UP_IRQHandler                       0x0800015f   Thumb Code     0  startup_stm32f10x_hd.o(.text)
    TIM2_IRQHandler                          0x0800015f   Thumb Code     0  startup_stm32f10x_hd.o(.text)
    TIM4_IRQHandler                          0x0800015f   Thumb Code     0  startup_stm32f10x_hd.o(.text)
    TIM5_IRQHandler                          0x0800015f   Thumb Code     0  startup_stm32f10x_hd.o(.text)
    TIM8_BRK_IRQHandler                      0x0800015f   Thumb Code     0  startup_stm32f10x_hd.o(.text)
    TIM8_CC_IRQHandler                       0x0800015f   Thumb Code     0  startup_stm32f10x_hd.o(.text)
    TIM8_TRG_COM_IRQHandler                  0x0800015f   Thumb Code     0  startup_stm32f10x_hd.o(.text)
    USBWakeUp_IRQHandler                     0x0800015f   Thumb Code     0  startup_stm32f10x_hd.o(.text)
    USB_HP_CAN1_TX_IRQHandler                0x0800015f   Thumb Code     0  startup_stm32f10x_hd.o(.text)
    USB_LP_CAN1_RX0_IRQHandler               0x0800015f   Thumb Code     0  startup_stm32f10x_hd.o(.text)
    WWDG_IRQHandler                          0x0800015f   Thumb Code     0  startup_stm32f10x_hd.o(.text)
    __aeabi_memset                           0x08000169   Thumb Code    14  memseta.o(.text)
    __aeabi_memset4                          0x08000169   Thumb Code     0  memseta.o(.text)
    __aeabi_memset8                          0x08000169   Thumb Code     0  memseta.o(.text)
    __aeabi_memclr                           0x08000177   Thumb Code     4  memseta.o(.text)
    __aeabi_memclr4                          0x08000177   Thumb Code     0  memseta.o(.text)
    __aeabi_memclr8                          0x08000177   Thumb Code     0  memseta.o(.text)
    _memset$wrapper                          0x0800017b   Thumb Code    18  memseta.o(.text)
    strstr                                   0x0800018d   Thumb Code    36  strstr.o(.text)
    strlen                                   0x080001b1   Thumb Code    14  strlen.o(.text)
    __aeabi_fadd                             0x080001bf   Thumb Code   164  fadd.o(.text)
    __aeabi_fsub                             0x08000263   Thumb Code     6  fadd.o(.text)
    __aeabi_frsub                            0x08000269   Thumb Code     6  fadd.o(.text)
    __aeabi_fmul                             0x0800026f   Thumb Code   100  fmul.o(.text)
    __aeabi_fdiv                             0x080002d3   Thumb Code   124  fdiv.o(.text)
    __aeabi_ddiv                             0x0800034f   Thumb Code   222  ddiv.o(.text)
    __aeabi_i2f                              0x0800042d   Thumb Code    18  fflti.o(.text)
    __aeabi_ui2f                             0x0800043f   Thumb Code    10  ffltui.o(.text)
    __aeabi_ui2d                             0x08000449   Thumb Code    26  dfltui.o(.text)
    __aeabi_d2iz                             0x08000463   Thumb Code    62  dfixi.o(.text)
    __aeabi_f2d                              0x080004a1   Thumb Code    38  f2d.o(.text)
    __aeabi_d2f                              0x080004c7   Thumb Code    56  d2f.o(.text)
    __aeabi_cfcmpeq                          0x08000501   Thumb Code     0  cfcmple.o(.text)
    __aeabi_cfcmple                          0x08000501   Thumb Code    20  cfcmple.o(.text)
    __aeabi_uidiv                            0x08000515   Thumb Code     0  uidiv.o(.text)
    __aeabi_uidivmod                         0x08000515   Thumb Code    44  uidiv.o(.text)
    __aeabi_uldivmod                         0x08000541   Thumb Code    98  uldiv.o(.text)
    __aeabi_llsr                             0x080005a3   Thumb Code    32  llushr.o(.text)
    _ll_ushift_r                             0x080005a3   Thumb Code     0  llushr.o(.text)
    __I$use$fp                               0x080005c3   Thumb Code     0  iusefp.o(.text)
    _float_round                             0x080005c3   Thumb Code    18  fepilogue.o(.text)
    _float_epilogue                          0x080005d5   Thumb Code    92  fepilogue.o(.text)
    _double_round                            0x08000631   Thumb Code    30  depilogue.o(.text)
    _double_epilogue                         0x0800064f   Thumb Code   156  depilogue.o(.text)
    __aeabi_dadd                             0x080006eb   Thumb Code   322  dadd.o(.text)
    __aeabi_dsub                             0x0800082d   Thumb Code     6  dadd.o(.text)
    __aeabi_drsub                            0x08000833   Thumb Code     6  dadd.o(.text)
    __aeabi_dmul                             0x08000839   Thumb Code   228  dmul.o(.text)
    __aeabi_d2ulz                            0x0800091d   Thumb Code    48  dfixul.o(.text)
    __aeabi_cdrcmple                         0x0800094d   Thumb Code    48  cdrcmple.o(.text)
    __scatterload                            0x0800097d   Thumb Code    28  init.o(.text)
    __scatterload_rt2                        0x0800097d   Thumb Code     0  init.o(.text)
    __aeabi_llsl                             0x080009a1   Thumb Code    30  llshl.o(.text)
    _ll_shift_l                              0x080009a1   Thumb Code     0  llshl.o(.text)
    __aeabi_lasr                             0x080009bf   Thumb Code    36  llsshr.o(.text)
    _ll_sshift_r                             0x080009bf   Thumb Code     0  llsshr.o(.text)
    __decompress                             0x080009e3   Thumb Code     0  __dclz77c.o(.text)
    __decompress2                            0x080009e3   Thumb Code    94  __dclz77c.o(.text)
    Angle_Control                            0x08000a41   Thumb Code   342  motor.o(i.Angle_Control)
    ArmClipTakeState                         0x08000bbd   Thumb Code    84  armcamera.o(i.ArmClipTakeState)
    Board_LED_Init                           0x08000c15   Thumb Code    68  led.o(i.Board_LED_Init)
    BusFault_Handler                         0x08000c5d   Thumb Code     4  stm32f10x_it.o(i.BusFault_Handler)
    ConfigurationEsp8266                     0x08000c61   Thumb Code    58  espcommand.o(i.ConfigurationEsp8266)
    DebugMon_Handler                         0x08000cb1   Thumb Code     2  stm32f10x_it.o(i.DebugMon_Handler)
    ESP8266_JoinWifi                         0x08000cb5   Thumb Code    98  espcommand.o(i.ESP8266_JoinWifi)
    ESP8266_LinkServe                        0x08000d59   Thumb Code   128  espcommand.o(i.ESP8266_LinkServe)
    ESP8266_NetMode                          0x08000e2d   Thumb Code   128  espcommand.o(i.ESP8266_NetMode)
    ESP8266_SelfTest                         0x08000ef9   Thumb Code    60  espcommand.o(i.ESP8266_SelfTest)
    GPIO_Init                                0x08000f69   Thumb Code   278  stm32f10x_gpio.o(i.GPIO_Init)
    GPIO_PinRemapConfig                      0x08001081   Thumb Code   138  stm32f10x_gpio.o(i.GPIO_PinRemapConfig)
    GPIO_ReadInputDataBit                    0x08001111   Thumb Code    18  stm32f10x_gpio.o(i.GPIO_ReadInputDataBit)
    GPIO_ResetBits                           0x08001123   Thumb Code     4  stm32f10x_gpio.o(i.GPIO_ResetBits)
    GPIO_SetBits                             0x08001127   Thumb Code     4  stm32f10x_gpio.o(i.GPIO_SetBits)
    Ground_PutAction                         0x0800112b   Thumb Code   102  armcamera.o(i.Ground_PutAction)
    HardFault_Handler                        0x08001191   Thumb Code     4  stm32f10x_it.o(i.HardFault_Handler)
    IdentifyColorTake                        0x08001195   Thumb Code    40  armcamera.o(i.IdentifyColorTake)
    KEY_Init                                 0x080011c1   Thumb Code    32  key.o(i.KEY_Init)
    KEY_Scan                                 0x080011e5   Thumb Code   104  key.o(i.KEY_Scan)
    KeyControlTask                           0x08001255   Thumb Code    50  main.o(i.KeyControlTask)
    LCD_Clear                                0x08001291   Thumb Code   170  lcd_spi_169.o(i.LCD_Clear)
    LCD_ClearRect                            0x08001349   Thumb Code   180  lcd_spi_169.o(i.LCD_ClearRect)
    LCD_Delay                                0x08001409   Thumb Code    42  lcd_spi_169.o(i.LCD_Delay)
    LCD_DisplayChar                          0x08001435   Thumb Code   208  lcd_spi_169.o(i.LCD_DisplayChar)
    LCD_DisplayNumber                        0x08001515   Thumb Code    58  lcd_spi_169.o(i.LCD_DisplayNumber)
    LCD_DisplayString                        0x08001561   Thumb Code    48  lcd_spi_169.o(i.LCD_DisplayString)
    LCD_DrawImage                            0x08001599   Thumb Code   298  lcd_spi_169.o(i.LCD_DrawImage)
    LCD_GPIO_Config                          0x080016cd   Thumb Code   154  lcd_spi_169.o(i.LCD_GPIO_Config)
    LCD_SPI_Config                           0x08001771   Thumb Code    88  lcd_spi_169.o(i.LCD_SPI_Config)
    LCD_SetAddress                           0x080017cd   Thumb Code   110  lcd_spi_169.o(i.LCD_SetAddress)
    LCD_SetAsciiFont                         0x08001849   Thumb Code     6  lcd_spi_169.o(i.LCD_SetAsciiFont)
    LCD_SetBackColor                         0x08001855   Thumb Code    36  lcd_spi_169.o(i.LCD_SetBackColor)
    LCD_SetColor                             0x0800187d   Thumb Code    36  lcd_spi_169.o(i.LCD_SetColor)
    LCD_SetDirection                         0x080018a5   Thumb Code   186  lcd_spi_169.o(i.LCD_SetDirection)
    LCD_ShowNumMode                          0x0800196d   Thumb Code     6  lcd_spi_169.o(i.LCD_ShowNumMode)
    LCD_WriteBuff                            0x08001979   Thumb Code   138  lcd_spi_169.o(i.LCD_WriteBuff)
    LCD_WriteCommand                         0x08001a0d   Thumb Code    68  lcd_spi_169.o(i.LCD_WriteCommand)
    LCD_WriteData_16bit                      0x08001a59   Thumb Code    40  lcd_spi_169.o(i.LCD_WriteData_16bit)
    LCD_WriteData_8bit                       0x08001a85   Thumb Code    20  lcd_spi_169.o(i.LCD_WriteData_8bit)
    Laser_Init                               0x08001a9d   Thumb Code    46  led.o(i.Laser_Init)
    MaterialPosition                         0x08001ad1   Thumb Code    78  armcamera.o(i.MaterialPosition)
    MemManage_Handler                        0x08001b25   Thumb Code     4  stm32f10x_it.o(i.MemManage_Handler)
    MotorMotion_Blue                         0x08001b29   Thumb Code   294  armcamera.o(i.MotorMotion_Blue)
    MotorMotion_Lift                         0x08001c6d   Thumb Code   340  armcamera.o(i.MotorMotion_Lift)
    MotorMotion_Rotate                       0x08001dd1   Thumb Code    50  armcamera.o(i.MotorMotion_Rotate)
    Motor_Gpio_Enable                        0x08001e0d   Thumb Code    92  motor.o(i.Motor_Gpio_Enable)
    NMI_Handler                              0x08001e71   Thumb Code     2  stm32f10x_it.o(i.NMI_Handler)
    NVIC_Init                                0x08001e75   Thumb Code   100  misc.o(i.NVIC_Init)
    NVIC_PriorityGroupConfig                 0x08001ee5   Thumb Code    10  misc.o(i.NVIC_PriorityGroupConfig)
    OperatingTask                            0x08001ef9   Thumb Code   538  main.o(i.OperatingTask)
    PendSV_Handler                           0x08002139   Thumb Code     2  stm32f10x_it.o(i.PendSV_Handler)
    RCC_APB1PeriphClockCmd                   0x0800213d   Thumb Code    26  stm32f10x_rcc.o(i.RCC_APB1PeriphClockCmd)
    RCC_APB1PeriphResetCmd                   0x0800215d   Thumb Code    26  stm32f10x_rcc.o(i.RCC_APB1PeriphResetCmd)
    RCC_APB2PeriphClockCmd                   0x0800217d   Thumb Code    26  stm32f10x_rcc.o(i.RCC_APB2PeriphClockCmd)
    RCC_APB2PeriphResetCmd                   0x0800219d   Thumb Code    26  stm32f10x_rcc.o(i.RCC_APB2PeriphResetCmd)
    RCC_GetClocksFreq                        0x080021bd   Thumb Code   192  stm32f10x_rcc.o(i.RCC_GetClocksFreq)
    SPI_Cmd                                  0x08002291   Thumb Code    24  stm32f10x_spi.o(i.SPI_Cmd)
    SPI_Init                                 0x080022a9   Thumb Code    60  stm32f10x_spi.o(i.SPI_Init)
    SPI_LCD_Init                             0x080022e5   Thumb Code   458  lcd_spi_169.o(i.SPI_LCD_Init)
    SVC_Handler                              0x080024bd   Thumb Code     2  stm32f10x_it.o(i.SVC_Handler)
    S_go                                     0x080024c1   Thumb Code   426  motor.o(i.S_go)
    ScreenDisplayPicture                     0x08002685   Thumb Code    26  armcamera.o(i.ScreenDisplayPicture)
    SendEsp8266Cmd                           0x080026a1   Thumb Code   226  espcommand.o(i.SendEsp8266Cmd)
    SendOrderToCar                           0x08002795   Thumb Code    40  armcamera.o(i.SendOrderToCar)
    SendRingToCar                            0x080027c1   Thumb Code   178  armcamera.o(i.SendRingToCar)
    SysDetectTask                            0x08002979   Thumb Code   114  main.o(i.SysDetectTask)
    SysTick_CLKSourceConfig                  0x08002a35   Thumb Code    40  misc.o(i.SysTick_CLKSourceConfig)
    SysTick_Handler                          0x08002a5d   Thumb Code     2  stm32f10x_it.o(i.SysTick_Handler)
    SystemInit                               0x08002a61   Thumb Code    78  system_stm32f10x.o(i.SystemInit)
    SystemInitialize                         0x08002ac1   Thumb Code   444  main.o(i.SystemInitialize)
    TIM3_IRQHandler                          0x08002d59   Thumb Code    76  main.o(i.TIM3_IRQHandler)
    TIM3_Init                                0x08002db1   Thumb Code    90  tim.o(i.TIM3_Init)
    TIM6_IRQHandler                          0x08002e11   Thumb Code   144  main.o(i.TIM6_IRQHandler)
    TIM7_IRQHandler                          0x08002ec1   Thumb Code    46  main.o(i.TIM7_IRQHandler)
    TIM7_Init                                0x08002ef9   Thumb Code    90  tim.o(i.TIM7_Init)
    TIM8_UP_IRQHandler                       0x08002f59   Thumb Code    86  main.o(i.TIM8_UP_IRQHandler)
    TIM_ARRPreloadConfig                     0x08002fc1   Thumb Code    24  stm32f10x_tim.o(i.TIM_ARRPreloadConfig)
    TIM_ClearITPendingBit                    0x08002fd9   Thumb Code     6  stm32f10x_tim.o(i.TIM_ClearITPendingBit)
    TIM_Cmd                                  0x08002fdf   Thumb Code    24  stm32f10x_tim.o(i.TIM_Cmd)
    TIM_CtrlPWMOutputs                       0x08002ff7   Thumb Code    30  stm32f10x_tim.o(i.TIM_CtrlPWMOutputs)
    TIM_GetITStatus                          0x08003015   Thumb Code    34  stm32f10x_tim.o(i.TIM_GetITStatus)
    TIM_ITConfig                             0x08003037   Thumb Code    18  stm32f10x_tim.o(i.TIM_ITConfig)
    TIM_OC1Init                              0x08003049   Thumb Code   132  stm32f10x_tim.o(i.TIM_OC1Init)
    TIM_OC1PreloadConfig                     0x080030e1   Thumb Code    18  stm32f10x_tim.o(i.TIM_OC1PreloadConfig)
    TIM_OC2Init                              0x080030f5   Thumb Code   154  stm32f10x_tim.o(i.TIM_OC2Init)
    TIM_OC2PreloadConfig                     0x08003199   Thumb Code    26  stm32f10x_tim.o(i.TIM_OC2PreloadConfig)
    TIM_OC3Init                              0x080031b5   Thumb Code   150  stm32f10x_tim.o(i.TIM_OC3Init)
    TIM_OC3PreloadConfig                     0x08003255   Thumb Code    18  stm32f10x_tim.o(i.TIM_OC3PreloadConfig)
    TIM_OC4Init                              0x08003269   Thumb Code   114  stm32f10x_tim.o(i.TIM_OC4Init)
    TIM_OC4PreloadConfig                     0x080032e5   Thumb Code    26  stm32f10x_tim.o(i.TIM_OC4PreloadConfig)
    TIM_SetCounter                           0x080032ff   Thumb Code     4  stm32f10x_tim.o(i.TIM_SetCounter)
    TIM_TimeBaseInit                         0x08003305   Thumb Code   122  stm32f10x_tim.o(i.TIM_TimeBaseInit)
    TakeRawMaterial                          0x080033a9   Thumb Code    62  armcamera.o(i.TakeRawMaterial)
    Tcb                                      0x080033ed   Thumb Code    16  motor.o(i.Tcb)
    Tim1_Init                                0x080033fd   Thumb Code   214  tim.o(i.Tim1_Init)
    Tim6_Init                                0x080034dd   Thumb Code    90  tim.o(i.Tim6_Init)
    Tim8_Init                                0x0800353d   Thumb Code   270  tim.o(i.Tim8_Init)
    UART4_IRQHandler                         0x08003659   Thumb Code   120  usart.o(i.UART4_IRQHandler)
    UART5_IRQHandler                         0x080036d9   Thumb Code   140  usart.o(i.UART5_IRQHandler)
    UART_Config_4                            0x08003771   Thumb Code   178  usart.o(i.UART_Config_4)
    USART1_IRQHandler                        0x08003831   Thumb Code     2  usart.o(i.USART1_IRQHandler)
    USART2_IRQHandler                        0x08003835   Thumb Code   100  usart.o(i.USART2_IRQHandler)
    USART3_IRQHandler                        0x080038a9   Thumb Code   246  usart.o(i.USART3_IRQHandler)
    USART_Cmd                                0x080039b1   Thumb Code    24  stm32f10x_usart.o(i.USART_Cmd)
    USART_Config_2                           0x080039c9   Thumb Code   154  usart.o(i.USART_Config_2)
    USART_Config_3                           0x08003a6d   Thumb Code   160  usart.o(i.USART_Config_3)
    USART_DeInit                             0x08003b19   Thumb Code   134  stm32f10x_usart.o(i.USART_DeInit)
    USART_GetFlagStatus                      0x08003bb5   Thumb Code    26  stm32f10x_usart.o(i.USART_GetFlagStatus)
    USART_GetITStatus                        0x08003bcf   Thumb Code    84  stm32f10x_usart.o(i.USART_GetITStatus)
    USART_ITConfig                           0x08003c23   Thumb Code    74  stm32f10x_usart.o(i.USART_ITConfig)
    USART_Init                               0x08003c6d   Thumb Code   210  stm32f10x_usart.o(i.USART_Init)
    USART_ReceiveData                        0x08003d45   Thumb Code    10  stm32f10x_usart.o(i.USART_ReceiveData)
    USART_SendData                           0x08003d4f   Thumb Code     8  stm32f10x_usart.o(i.USART_SendData)
    UsageFault_Handler                       0x08003d57   Thumb Code     4  stm32f10x_it.o(i.UsageFault_Handler)
    Usart_SendByte                           0x08003d5b   Thumb Code    30  usart.o(i.Usart_SendByte)
    Usart_SendString                         0x08003d79   Thumb Code    42  usart.o(i.Usart_SendString)
    __0sprintf                               0x08003da5   Thumb Code    34  printfa.o(i.__0sprintf)
    __1sprintf                               0x08003da5   Thumb Code     0  printfa.o(i.__0sprintf)
    __2sprintf                               0x08003da5   Thumb Code     0  printfa.o(i.__0sprintf)
    __c89sprintf                             0x08003da5   Thumb Code     0  printfa.o(i.__0sprintf)
    sprintf                                  0x08003da5   Thumb Code     0  printfa.o(i.__0sprintf)
    __scatterload_copy                       0x08003dcd   Thumb Code    14  handlers.o(i.__scatterload_copy)
    __scatterload_null                       0x08003ddb   Thumb Code     2  handlers.o(i.__scatterload_null)
    __scatterload_zeroinit                   0x08003ddd   Thumb Code    14  handlers.o(i.__scatterload_zeroinit)
    circle_control                           0x080046a9   Thumb Code    60  motor.o(i.circle_control)
    delay_init                               0x080046ed   Thumb Code    50  delay.o(i.delay_init)
    delay_ms                                 0x08004731   Thumb Code    72  delay.o(i.delay_ms)
    dir_control                              0x0800477d   Thumb Code   252  motor.o(i.dir_control)
    main                                     0x08004881   Thumb Code    40  main.o(i.main)
    no_angle_control                         0x080048ad   Thumb Code   268  motor.o(i.no_angle_control)
    step_control                             0x080049d1   Thumb Code    34  motor.o(i.step_control)
    Image_Hello_240x280                      0x080049fc   Data        8400  lcd_image.o(.constdata)
    Image_Start_240x280                      0x08006acc   Data        8400  lcd_image.o(.constdata)
    Image_123_240x280                        0x08008b9c   Data        4200  lcd_image.o(.constdata)
    Image_132_240x280                        0x08009c04   Data        3600  lcd_image.o(.constdata)
    Image_213_240x280                        0x0800aa14   Data        4200  lcd_image.o(.constdata)
    Image_231_240x280                        0x0800ba7c   Data        4200  lcd_image.o(.constdata)
    Image_312_240x280                        0x0800cae4   Data        4200  lcd_image.o(.constdata)
    Image_321_240x280                        0x0800db4c   Data        4200  lcd_image.o(.constdata)
    Image_add123_240x280                     0x0800ebb4   Data        4200  lcd_image.o(.constdata)
    Image_add132_240x280                     0x0800fc1c   Data        4200  lcd_image.o(.constdata)
    Image_add213_240x280                     0x08010c84   Data        4200  lcd_image.o(.constdata)
    Image_add231_240x280                     0x08011cec   Data        4200  lcd_image.o(.constdata)
    Image_add312_240x280                     0x08012d54   Data        4200  lcd_image.o(.constdata)
    Image_add321_240x280                     0x08013dbc   Data        4200  lcd_image.o(.constdata)
    Image_Error_240x280                      0x08014e24   Data        8400  lcd_image.o(.constdata)
    Chinese_1212                             0x08016ef4   Data         480  lcd_fonts.o(.constdata)
    Chinese_1616                             0x080170d4   Data         640  lcd_fonts.o(.constdata)
    Chinese_2020                             0x08017354   Data        1200  lcd_fonts.o(.constdata)
    Chinese_2424                             0x08017804   Data        4680  lcd_fonts.o(.constdata)
    Chinese_3232                             0x08018a4c   Data        2560  lcd_fonts.o(.constdata)
    ASCII_3216_Table                         0x0801944c   Data        6080  lcd_fonts.o(.constdata)
    ASCII_2412_Table                         0x0801ac0c   Data        4560  lcd_fonts.o(.constdata)
    ASCII_2010_Table                         0x0801bddc   Data        3800  lcd_fonts.o(.constdata)
    ASCII_1608_Table                         0x0801ccb4   Data        1520  lcd_fonts.o(.constdata)
    ASCII_1206_Table                         0x0801d2a4   Data        1140  lcd_fonts.o(.constdata)
    sj_TIM_ARR                               0x0801d718   Data        1600  motor.o(.constdata)
    Region$$Table$$Base                      0x0801de60   Number         0  anon$$obj.o(Region$$Table)
    Region$$Table$$Limit                     0x0801de80   Number         0  anon$$obj.o(Region$$Table)
    SysValue                                 0x20000084   Data           6  main.o(.data)
    SystemCoreClock                          0x20000094   Data           4  system_stm32f10x.o(.data)
    AHBPrescTable                            0x20000098   Data          16  system_stm32f10x.o(.data)
    CH_Font12                                0x20000244   Data          12  lcd_fonts.o(.data)
    CH_Font16                                0x20000250   Data          12  lcd_fonts.o(.data)
    CH_Font20                                0x2000025c   Data          12  lcd_fonts.o(.data)
    CH_Font24                                0x20000268   Data          12  lcd_fonts.o(.data)
    CH_Font32                                0x20000274   Data          12  lcd_fonts.o(.data)
    ASCII_Font32                             0x20000280   Data          12  lcd_fonts.o(.data)
    ASCII_Font24                             0x2000028c   Data          12  lcd_fonts.o(.data)
    ASCII_Font20                             0x20000298   Data          12  lcd_fonts.o(.data)
    ASCII_Font16                             0x200002a4   Data          12  lcd_fonts.o(.data)
    ASCII_Font12                             0x200002b0   Data          12  lcd_fonts.o(.data)
    id_motor                                 0x20000340   Data           1  motor.o(.data)
    motor                                    0x20000344   Data          52  motor.o(.data)
    z_TIM_ARR                                0x20000378   Data         352  motor.o(.data)
    length                                   0x200004d8   Data           4  motor.o(.data)
    sj_length                                0x200004dc   Data           4  motor.o(.data)
    hook_1                                   0x200004e0   Data           4  motor.o(.data)
    HeightNow                                0x20000568   Data           4  armcamera.o(.data)
    WiFiSSID                                 0x200005f4   Data           4  espcommand.o(.data)
    WiFiKey                                  0x200005f8   Data           4  espcommand.o(.data)
    NetMode                                  0x200005fc   Data           4  espcommand.o(.data)
    NetIP                                    0x20000600   Data           4  espcommand.o(.data)
    NetPort                                  0x20000604   Data           4  espcommand.o(.data)
    SysTask                                  0x200006a4   Data          16  main.o(.bss)
    U2Set                                    0x200006b4   Data          62  usart.o(.bss)
    U3Set                                    0x200006f2   Data        2050  usart.o(.bss)
    U4Set                                    0x20000ef4   Data          62  usart.o(.bss)
    U5Set                                    0x20000f32   Data          62  usart.o(.bss)
    UART_RX_BUF                              0x20000f70   Data          16  usart.o(.bss)
    Uart5_RecBuf                             0x20000f80   Data          30  usart.o(.bss)
    Uart5_SenBuf                             0x20000f9e   Data          30  usart.o(.bss)
    LCD_Buff                                 0x20000fbc   Data        2048  lcd_spi_169.o(.bss)
    LCD                                      0x200017bc   Data          16  lcd_spi_169.o(.bss)
    __initial_sp                             0x20001bd0   Data           0  startup_stm32f10x_hd.o(STACK)



==============================================================================

Memory Map of the image

  Image Entry point : 0x08000131

  Load Region LR_IROM1 (Base: 0x08000000, Size: 0x0001e524, Max: 0x00040000, ABSOLUTE, COMPRESSED[0x0001e104])

    Execution Region ER_IROM1 (Exec base: 0x08000000, Load base: 0x08000000, Size: 0x0001de80, Max: 0x00040000, ABSOLUTE)

    Exec Addr    Load Addr    Size         Type   Attr      Idx    E Section Name        Object

    0x08000000   0x08000000   0x00000130   Data   RO         1246    RESET               startup_stm32f10x_hd.o
    0x08000130   0x08000130   0x00000000   Code   RO         2791  * .ARM.Collect$$$$00000000  mc_w.l(entry.o)
    0x08000130   0x08000130   0x00000004   Code   RO         3085    .ARM.Collect$$$$00000001  mc_w.l(entry2.o)
    0x08000134   0x08000134   0x00000004   Code   RO         3088    .ARM.Collect$$$$00000004  mc_w.l(entry5.o)
    0x08000138   0x08000138   0x00000000   Code   RO         3090    .ARM.Collect$$$$00000008  mc_w.l(entry7b.o)
    0x08000138   0x08000138   0x00000000   Code   RO         3092    .ARM.Collect$$$$0000000A  mc_w.l(entry8b.o)
    0x08000138   0x08000138   0x00000008   Code   RO         3093    .ARM.Collect$$$$0000000B  mc_w.l(entry9a.o)
    0x08000140   0x08000140   0x00000000   Code   RO         3095    .ARM.Collect$$$$0000000D  mc_w.l(entry10a.o)
    0x08000140   0x08000140   0x00000000   Code   RO         3097    .ARM.Collect$$$$0000000F  mc_w.l(entry11a.o)
    0x08000140   0x08000140   0x00000004   Code   RO         3086    .ARM.Collect$$$$00002712  mc_w.l(entry2.o)
    0x08000144   0x08000144   0x00000024   Code   RO         1247    .text               startup_stm32f10x_hd.o
    0x08000168   0x08000168   0x00000024   Code   RO         2794    .text               mc_w.l(memseta.o)
    0x0800018c   0x0800018c   0x00000024   Code   RO         2796    .text               mc_w.l(strstr.o)
    0x080001b0   0x080001b0   0x0000000e   Code   RO         2798    .text               mc_w.l(strlen.o)
    0x080001be   0x080001be   0x000000b0   Code   RO         3061    .text               mf_w.l(fadd.o)
    0x0800026e   0x0800026e   0x00000064   Code   RO         3063    .text               mf_w.l(fmul.o)
    0x080002d2   0x080002d2   0x0000007c   Code   RO         3065    .text               mf_w.l(fdiv.o)
    0x0800034e   0x0800034e   0x000000de   Code   RO         3067    .text               mf_w.l(ddiv.o)
    0x0800042c   0x0800042c   0x00000012   Code   RO         3069    .text               mf_w.l(fflti.o)
    0x0800043e   0x0800043e   0x0000000a   Code   RO         3071    .text               mf_w.l(ffltui.o)
    0x08000448   0x08000448   0x0000001a   Code   RO         3073    .text               mf_w.l(dfltui.o)
    0x08000462   0x08000462   0x0000003e   Code   RO         3077    .text               mf_w.l(dfixi.o)
    0x080004a0   0x080004a0   0x00000026   Code   RO         3079    .text               mf_w.l(f2d.o)
    0x080004c6   0x080004c6   0x00000038   Code   RO         3081    .text               mf_w.l(d2f.o)
    0x080004fe   0x080004fe   0x00000002   PAD
    0x08000500   0x08000500   0x00000014   Code   RO         3083    .text               mf_w.l(cfcmple.o)
    0x08000514   0x08000514   0x0000002c   Code   RO         3100    .text               mc_w.l(uidiv.o)
    0x08000540   0x08000540   0x00000062   Code   RO         3102    .text               mc_w.l(uldiv.o)
    0x080005a2   0x080005a2   0x00000020   Code   RO         3104    .text               mc_w.l(llushr.o)
    0x080005c2   0x080005c2   0x00000000   Code   RO         3106    .text               mc_w.l(iusefp.o)
    0x080005c2   0x080005c2   0x0000006e   Code   RO         3107    .text               mf_w.l(fepilogue.o)
    0x08000630   0x08000630   0x000000ba   Code   RO         3109    .text               mf_w.l(depilogue.o)
    0x080006ea   0x080006ea   0x0000014e   Code   RO         3111    .text               mf_w.l(dadd.o)
    0x08000838   0x08000838   0x000000e4   Code   RO         3113    .text               mf_w.l(dmul.o)
    0x0800091c   0x0800091c   0x00000030   Code   RO         3115    .text               mf_w.l(dfixul.o)
    0x0800094c   0x0800094c   0x00000030   Code   RO         3117    .text               mf_w.l(cdrcmple.o)
    0x0800097c   0x0800097c   0x00000024   Code   RO         3119    .text               mc_w.l(init.o)
    0x080009a0   0x080009a0   0x0000001e   Code   RO         3121    .text               mc_w.l(llshl.o)
    0x080009be   0x080009be   0x00000024   Code   RO         3123    .text               mc_w.l(llsshr.o)
    0x080009e2   0x080009e2   0x0000005e   Code   RO         3133    .text               mc_w.l(__dclz77c.o)
    0x08000a40   0x08000a40   0x0000017c   Code   RO          861    i.Angle_Control     motor.o
    0x08000bbc   0x08000bbc   0x00000058   Code   RO          923    i.ArmClipTakeState  armcamera.o
    0x08000c14   0x08000c14   0x00000048   Code   RO          348    i.Board_LED_Init    led.o
    0x08000c5c   0x08000c5c   0x00000004   Code   RO          225    i.BusFault_Handler  stm32f10x_it.o
    0x08000c60   0x08000c60   0x00000050   Code   RO         1117    i.ConfigurationEsp8266  espcommand.o
    0x08000cb0   0x08000cb0   0x00000002   Code   RO          226    i.DebugMon_Handler  stm32f10x_it.o
    0x08000cb2   0x08000cb2   0x00000002   PAD
    0x08000cb4   0x08000cb4   0x000000a4   Code   RO         1119    i.ESP8266_JoinWifi  espcommand.o
    0x08000d58   0x08000d58   0x000000d4   Code   RO         1120    i.ESP8266_LinkServe  espcommand.o
    0x08000e2c   0x08000e2c   0x000000cc   Code   RO         1121    i.ESP8266_NetMode   espcommand.o
    0x08000ef8   0x08000ef8   0x00000070   Code   RO         1122    i.ESP8266_SelfTest  espcommand.o
    0x08000f68   0x08000f68   0x00000116   Code   RO         1293    i.GPIO_Init         stm32f10x_gpio.o
    0x0800107e   0x0800107e   0x00000002   PAD
    0x08001080   0x08001080   0x00000090   Code   RO         1295    i.GPIO_PinRemapConfig  stm32f10x_gpio.o
    0x08001110   0x08001110   0x00000012   Code   RO         1297    i.GPIO_ReadInputDataBit  stm32f10x_gpio.o
    0x08001122   0x08001122   0x00000004   Code   RO         1300    i.GPIO_ResetBits    stm32f10x_gpio.o
    0x08001126   0x08001126   0x00000004   Code   RO         1301    i.GPIO_SetBits      stm32f10x_gpio.o
    0x0800112a   0x0800112a   0x00000066   Code   RO          925    i.Ground_PutAction  armcamera.o
    0x08001190   0x08001190   0x00000004   Code   RO          227    i.HardFault_Handler  stm32f10x_it.o
    0x08001194   0x08001194   0x0000002c   Code   RO          927    i.IdentifyColorTake  armcamera.o
    0x080011c0   0x080011c0   0x00000024   Code   RO          827    i.KEY_Init          key.o
    0x080011e4   0x080011e4   0x00000070   Code   RO          828    i.KEY_Scan          key.o
    0x08001254   0x08001254   0x0000003c   Code   RO            1    i.KeyControlTask    main.o
    0x08001290   0x08001290   0x000000b8   Code   RO          618    i.LCD_Clear         lcd_spi_169.o
    0x08001348   0x08001348   0x000000c0   Code   RO          619    i.LCD_ClearRect     lcd_spi_169.o
    0x08001408   0x08001408   0x0000002a   Code   RO          620    i.LCD_Delay         lcd_spi_169.o
    0x08001432   0x08001432   0x00000002   PAD
    0x08001434   0x08001434   0x000000e0   Code   RO          621    i.LCD_DisplayChar   lcd_spi_169.o
    0x08001514   0x08001514   0x0000004c   Code   RO          624    i.LCD_DisplayNumber  lcd_spi_169.o
    0x08001560   0x08001560   0x00000038   Code   RO          625    i.LCD_DisplayString  lcd_spi_169.o
    0x08001598   0x08001598   0x00000134   Code   RO          629    i.LCD_DrawImage     lcd_spi_169.o
    0x080016cc   0x080016cc   0x000000a4   Code   RO          637    i.LCD_GPIO_Config   lcd_spi_169.o
    0x08001770   0x08001770   0x0000005c   Code   RO          638    i.LCD_SPI_Config    lcd_spi_169.o
    0x080017cc   0x080017cc   0x0000007c   Code   RO          639    i.LCD_SetAddress    lcd_spi_169.o
    0x08001848   0x08001848   0x0000000c   Code   RO          640    i.LCD_SetAsciiFont  lcd_spi_169.o
    0x08001854   0x08001854   0x00000028   Code   RO          641    i.LCD_SetBackColor  lcd_spi_169.o
    0x0800187c   0x0800187c   0x00000028   Code   RO          642    i.LCD_SetColor      lcd_spi_169.o
    0x080018a4   0x080018a4   0x000000c8   Code   RO          643    i.LCD_SetDirection  lcd_spi_169.o
    0x0800196c   0x0800196c   0x0000000c   Code   RO          645    i.LCD_ShowNumMode   lcd_spi_169.o
    0x08001978   0x08001978   0x00000094   Code   RO          646    i.LCD_WriteBuff     lcd_spi_169.o
    0x08001a0c   0x08001a0c   0x0000004c   Code   RO          647    i.LCD_WriteCommand  lcd_spi_169.o
    0x08001a58   0x08001a58   0x0000002c   Code   RO          648    i.LCD_WriteData_16bit  lcd_spi_169.o
    0x08001a84   0x08001a84   0x00000018   Code   RO          649    i.LCD_WriteData_8bit  lcd_spi_169.o
    0x08001a9c   0x08001a9c   0x00000034   Code   RO          349    i.Laser_Init        led.o
    0x08001ad0   0x08001ad0   0x00000054   Code   RO          928    i.MaterialPosition  armcamera.o
    0x08001b24   0x08001b24   0x00000004   Code   RO          228    i.MemManage_Handler  stm32f10x_it.o
    0x08001b28   0x08001b28   0x00000144   Code   RO          929    i.MotorMotion_Blue  armcamera.o
    0x08001c6c   0x08001c6c   0x00000164   Code   RO          930    i.MotorMotion_Lift  armcamera.o
    0x08001dd0   0x08001dd0   0x0000003c   Code   RO          931    i.MotorMotion_Rotate  armcamera.o
    0x08001e0c   0x08001e0c   0x00000064   Code   RO          862    i.Motor_Gpio_Enable  motor.o
    0x08001e70   0x08001e70   0x00000002   Code   RO          229    i.NMI_Handler       stm32f10x_it.o
    0x08001e72   0x08001e72   0x00000002   PAD
    0x08001e74   0x08001e74   0x00000070   Code   RO         1251    i.NVIC_Init         misc.o
    0x08001ee4   0x08001ee4   0x00000014   Code   RO         1252    i.NVIC_PriorityGroupConfig  misc.o
    0x08001ef8   0x08001ef8   0x00000240   Code   RO            2    i.OperatingTask     main.o
    0x08002138   0x08002138   0x00000002   Code   RO          230    i.PendSV_Handler    stm32f10x_it.o
    0x0800213a   0x0800213a   0x00000002   PAD
    0x0800213c   0x0800213c   0x00000020   Code   RO         2377    i.RCC_APB1PeriphClockCmd  stm32f10x_rcc.o
    0x0800215c   0x0800215c   0x00000020   Code   RO         2378    i.RCC_APB1PeriphResetCmd  stm32f10x_rcc.o
    0x0800217c   0x0800217c   0x00000020   Code   RO         2379    i.RCC_APB2PeriphClockCmd  stm32f10x_rcc.o
    0x0800219c   0x0800219c   0x00000020   Code   RO         2380    i.RCC_APB2PeriphResetCmd  stm32f10x_rcc.o
    0x080021bc   0x080021bc   0x000000d4   Code   RO         2387    i.RCC_GetClocksFreq  stm32f10x_rcc.o
    0x08002290   0x08002290   0x00000018   Code   RO         2580    i.SPI_Cmd           stm32f10x_spi.o
    0x080022a8   0x080022a8   0x0000003c   Code   RO         2593    i.SPI_Init          stm32f10x_spi.o
    0x080022e4   0x080022e4   0x000001d8   Code   RO          650    i.SPI_LCD_Init      lcd_spi_169.o
    0x080024bc   0x080024bc   0x00000002   Code   RO          231    i.SVC_Handler       stm32f10x_it.o
    0x080024be   0x080024be   0x00000002   PAD
    0x080024c0   0x080024c0   0x000001c4   Code   RO          863    i.S_go              motor.o
    0x08002684   0x08002684   0x0000001a   Code   RO          932    i.ScreenDisplayPicture  armcamera.o
    0x0800269e   0x0800269e   0x00000002   PAD
    0x080026a0   0x080026a0   0x000000f4   Code   RO         1124    i.SendEsp8266Cmd    espcommand.o
    0x08002794   0x08002794   0x0000002c   Code   RO          934    i.SendOrderToCar    armcamera.o
    0x080027c0   0x080027c0   0x000000d0   Code   RO          935    i.SendRingToCar     armcamera.o
    0x08002890   0x08002890   0x00000008   Code   RO          314    i.SetSysClock       system_stm32f10x.o
    0x08002898   0x08002898   0x000000e0   Code   RO          315    i.SetSysClockTo72   system_stm32f10x.o
    0x08002978   0x08002978   0x000000bc   Code   RO            3    i.SysDetectTask     main.o
    0x08002a34   0x08002a34   0x00000028   Code   RO         1255    i.SysTick_CLKSourceConfig  misc.o
    0x08002a5c   0x08002a5c   0x00000002   Code   RO          232    i.SysTick_Handler   stm32f10x_it.o
    0x08002a5e   0x08002a5e   0x00000002   PAD
    0x08002a60   0x08002a60   0x00000060   Code   RO          317    i.SystemInit        system_stm32f10x.o
    0x08002ac0   0x08002ac0   0x00000298   Code   RO            4    i.SystemInitialize  main.o
    0x08002d58   0x08002d58   0x00000058   Code   RO            5    i.TIM3_IRQHandler   main.o
    0x08002db0   0x08002db0   0x00000060   Code   RO          454    i.TIM3_Init         tim.o
    0x08002e10   0x08002e10   0x000000b0   Code   RO            6    i.TIM6_IRQHandler   main.o
    0x08002ec0   0x08002ec0   0x00000038   Code   RO            7    i.TIM7_IRQHandler   main.o
    0x08002ef8   0x08002ef8   0x00000060   Code   RO          455    i.TIM7_Init         tim.o
    0x08002f58   0x08002f58   0x00000068   Code   RO            8    i.TIM8_UP_IRQHandler  main.o
    0x08002fc0   0x08002fc0   0x00000018   Code   RO         1831    i.TIM_ARRPreloadConfig  stm32f10x_tim.o
    0x08002fd8   0x08002fd8   0x00000006   Code   RO         1838    i.TIM_ClearITPendingBit  stm32f10x_tim.o
    0x08002fde   0x08002fde   0x00000018   Code   RO         1843    i.TIM_Cmd           stm32f10x_tim.o
    0x08002ff6   0x08002ff6   0x0000001e   Code   RO         1845    i.TIM_CtrlPWMOutputs  stm32f10x_tim.o
    0x08003014   0x08003014   0x00000022   Code   RO         1864    i.TIM_GetITStatus   stm32f10x_tim.o
    0x08003036   0x08003036   0x00000012   Code   RO         1868    i.TIM_ITConfig      stm32f10x_tim.o
    0x08003048   0x08003048   0x00000098   Code   RO         1872    i.TIM_OC1Init       stm32f10x_tim.o
    0x080030e0   0x080030e0   0x00000012   Code   RO         1875    i.TIM_OC1PreloadConfig  stm32f10x_tim.o
    0x080030f2   0x080030f2   0x00000002   PAD
    0x080030f4   0x080030f4   0x000000a4   Code   RO         1877    i.TIM_OC2Init       stm32f10x_tim.o
    0x08003198   0x08003198   0x0000001a   Code   RO         1880    i.TIM_OC2PreloadConfig  stm32f10x_tim.o
    0x080031b2   0x080031b2   0x00000002   PAD
    0x080031b4   0x080031b4   0x000000a0   Code   RO         1882    i.TIM_OC3Init       stm32f10x_tim.o
    0x08003254   0x08003254   0x00000012   Code   RO         1885    i.TIM_OC3PreloadConfig  stm32f10x_tim.o
    0x08003266   0x08003266   0x00000002   PAD
    0x08003268   0x08003268   0x0000007c   Code   RO         1887    i.TIM_OC4Init       stm32f10x_tim.o
    0x080032e4   0x080032e4   0x0000001a   Code   RO         1889    i.TIM_OC4PreloadConfig  stm32f10x_tim.o
    0x080032fe   0x080032fe   0x00000004   Code   RO         1908    i.TIM_SetCounter    stm32f10x_tim.o
    0x08003302   0x08003302   0x00000002   PAD
    0x08003304   0x08003304   0x000000a4   Code   RO         1914    i.TIM_TimeBaseInit  stm32f10x_tim.o
    0x080033a8   0x080033a8   0x00000044   Code   RO          936    i.TakeRawMaterial   armcamera.o
    0x080033ec   0x080033ec   0x00000010   Code   RO          864    i.Tcb               motor.o
    0x080033fc   0x080033fc   0x000000e0   Code   RO          456    i.Tim1_Init         tim.o
    0x080034dc   0x080034dc   0x00000060   Code   RO          458    i.Tim6_Init         tim.o
    0x0800353c   0x0800353c   0x0000011c   Code   RO          459    i.Tim8_Init         tim.o
    0x08003658   0x08003658   0x00000080   Code   RO          500    i.UART4_IRQHandler  usart.o
    0x080036d8   0x080036d8   0x00000098   Code   RO          501    i.UART5_IRQHandler  usart.o
    0x08003770   0x08003770   0x000000c0   Code   RO          502    i.UART_Config_4     usart.o
    0x08003830   0x08003830   0x00000002   Code   RO          504    i.USART1_IRQHandler  usart.o
    0x08003832   0x08003832   0x00000002   PAD
    0x08003834   0x08003834   0x00000074   Code   RO          505    i.USART2_IRQHandler  usart.o
    0x080038a8   0x080038a8   0x00000108   Code   RO          506    i.USART3_IRQHandler  usart.o
    0x080039b0   0x080039b0   0x00000018   Code   RO         1405    i.USART_Cmd         stm32f10x_usart.o
    0x080039c8   0x080039c8   0x000000a4   Code   RO          508    i.USART_Config_2    usart.o
    0x08003a6c   0x08003a6c   0x000000ac   Code   RO          509    i.USART_Config_3    usart.o
    0x08003b18   0x08003b18   0x0000009c   Code   RO         1407    i.USART_DeInit      stm32f10x_usart.o
    0x08003bb4   0x08003bb4   0x0000001a   Code   RO         1408    i.USART_GetFlagStatus  stm32f10x_usart.o
    0x08003bce   0x08003bce   0x00000054   Code   RO         1409    i.USART_GetITStatus  stm32f10x_usart.o
    0x08003c22   0x08003c22   0x0000004a   Code   RO         1411    i.USART_ITConfig    stm32f10x_usart.o
    0x08003c6c   0x08003c6c   0x000000d8   Code   RO         1412    i.USART_Init        stm32f10x_usart.o
    0x08003d44   0x08003d44   0x0000000a   Code   RO         1419    i.USART_ReceiveData  stm32f10x_usart.o
    0x08003d4e   0x08003d4e   0x00000008   Code   RO         1422    i.USART_SendData    stm32f10x_usart.o
    0x08003d56   0x08003d56   0x00000004   Code   RO          233    i.UsageFault_Handler  stm32f10x_it.o
    0x08003d5a   0x08003d5a   0x0000001e   Code   RO          511    i.Usart_SendByte    usart.o
    0x08003d78   0x08003d78   0x0000002a   Code   RO          512    i.Usart_SendString  usart.o
    0x08003da2   0x08003da2   0x00000002   PAD
    0x08003da4   0x08003da4   0x00000028   Code   RO         3035    i.__0sprintf        mc_w.l(printfa.o)
    0x08003dcc   0x08003dcc   0x0000000e   Code   RO         3127    i.__scatterload_copy  mc_w.l(handlers.o)
    0x08003dda   0x08003dda   0x00000002   Code   RO         3128    i.__scatterload_null  mc_w.l(handlers.o)
    0x08003ddc   0x08003ddc   0x0000000e   Code   RO         3129    i.__scatterload_zeroinit  mc_w.l(handlers.o)
    0x08003dea   0x08003dea   0x00000002   PAD
    0x08003dec   0x08003dec   0x00000184   Code   RO         3040    i._fp_digits        mc_w.l(printfa.o)
    0x08003f70   0x08003f70   0x000006dc   Code   RO         3041    i._printf_core      mc_w.l(printfa.o)
    0x0800464c   0x0800464c   0x00000024   Code   RO         3042    i._printf_post_padding  mc_w.l(printfa.o)
    0x08004670   0x08004670   0x0000002e   Code   RO         3043    i._printf_pre_padding  mc_w.l(printfa.o)
    0x0800469e   0x0800469e   0x0000000a   Code   RO         3045    i._sputc            mc_w.l(printfa.o)
    0x080046a8   0x080046a8   0x00000044   Code   RO          865    i.circle_control    motor.o
    0x080046ec   0x080046ec   0x00000044   Code   RO         1175    i.delay_init        delay.o
    0x08004730   0x08004730   0x0000004c   Code   RO         1176    i.delay_ms          delay.o
    0x0800477c   0x0800477c   0x00000104   Code   RO          866    i.dir_control       motor.o
    0x08004880   0x08004880   0x0000002c   Code   RO            9    i.main              main.o
    0x080048ac   0x080048ac   0x00000124   Code   RO          867    i.no_angle_control  motor.o
    0x080049d0   0x080049d0   0x0000002c   Code   RO          868    i.step_control      motor.o
    0x080049fc   0x080049fc   0x000124f8   Data   RO          604    .constdata          lcd_image.o
    0x08016ef4   0x08016ef4   0x00006824   Data   RO          848    .constdata          lcd_fonts.o
    0x0801d718   0x0801d718   0x00000640   Data   RO          869    .constdata          motor.o
    0x0801dd58   0x0801dd58   0x000000c8   Data   RO           11    .conststring        main.o
    0x0801de20   0x0801de20   0x0000003f   Data   RO         1125    .conststring        espcommand.o
    0x0801de5f   0x0801de5f   0x00000001   PAD
    0x0801de60   0x0801de60   0x00000020   Data   RO         3125    Region$$Table       anon$$obj.o


    Execution Region RW_IRAM1 (Exec base: 0x20000000, Load base: 0x0801de80, Size: 0x00001bd0, Max: 0x0000c000, ABSOLUTE, COMPRESSED[0x00000284])

    Exec Addr    Load Addr    Size         Type   Attr      Idx    E Section Name        Object

    0x20000000   COMPRESSED   0x00000094   Data   RW           12    .data               main.o
    0x20000094   COMPRESSED   0x00000014   Data   RW          318    .data               system_stm32f10x.o
    0x200000a8   COMPRESSED   0x00000088   Data   RW          516    .data               usart.o
    0x20000130   COMPRESSED   0x0000008c   Data   RW          653    .data               lcd_spi_169.o
    0x200001bc   COMPRESSED   0x00000088   Data   RW          830    .data               key.o
    0x20000244   COMPRESSED   0x00000078   Data   RW          849    .data               lcd_fonts.o
    0x200002bc   COMPRESSED   0x00000228   Data   RW          871    .data               motor.o
    0x200004e4   COMPRESSED   0x0000008a   Data   RW          939    .data               armcamera.o
    0x2000056e   COMPRESSED   0x00000002   PAD
    0x20000570   COMPRESSED   0x00000098   Data   RW         1126    .data               espcommand.o
    0x20000608   COMPRESSED   0x00000088   Data   RW         1179    .data               delay.o
    0x20000690   COMPRESSED   0x00000014   Data   RW         2407    .data               stm32f10x_rcc.o
    0x200006a4        -       0x00000010   Zero   RW           10    .bss                main.o
    0x200006b4        -       0x00000908   Zero   RW          514    .bss                usart.o
    0x20000fbc        -       0x00000810   Zero   RW          651    .bss                lcd_spi_169.o
    0x200017cc   COMPRESSED   0x00000004   PAD
    0x200017d0        -       0x00000400   Zero   RW         1244    STACK               startup_stm32f10x_hd.o


==============================================================================

Image component sizes


      Code (inc. data)   RO Data    RW Data    ZI Data      Debug   Object Name

      1404        146          0        138          0       9778   armcamera.o
       144         22          0        136          0       1340   delay.o
      1016        318         63        152          0       5289   espcommand.o
       148         12          0        136          0       1398   key.o
         0          0      26660        120          0       2035   lcd_fonts.o
         0          0      75000          0          0       1620   lcd_image.o
      2530        180          0        140       2064      14280   lcd_spi_169.o
       124         10          0          0          0       4049   led.o
      1956        434        200        148         16     270474   main.o
       172         22          0          0          0       2161   misc.o
      1612        122       1600        552          0       7920   motor.o
        36          8        304          0       1024        808   startup_stm32f10x_hd.o
       448          6          0          0          0       4650   stm32f10x_gpio.o
        26          0          0          0          0       3938   stm32f10x_it.o
       340         44          0         20          0       5764   stm32f10x_rcc.o
        84          0          0          0          0       2205   stm32f10x_spi.o
       992         92          0          0          0      10851   stm32f10x_tim.o
       598         28          0          0          0       7008   stm32f10x_usart.o
         0          0          0          0          0         32   sys.o
       328         28          0         20          0       2217   system_stm32f10x.o
       796         42          0          0          0       3660   tim.o
      1262         90          0        136       2312      10199   usart.o

    ----------------------------------------------------------------------
     14044       1604     103860       1700       5420     371676   Object Totals
         0          0         32          0          0          0   (incl. Generated)
        28          0          1          2          4          0   (incl. Padding)

    ----------------------------------------------------------------------

      Code (inc. data)   RO Data    RW Data    ZI Data      Debug   Library Member Name

        94          0          0          0          0          0   __dclz77c.o
         0          0          0          0          0          0   entry.o
         0          0          0          0          0          0   entry10a.o
         0          0          0          0          0          0   entry11a.o
         8          4          0          0          0          0   entry2.o
         4          0          0          0          0          0   entry5.o
         0          0          0          0          0          0   entry7b.o
         0          0          0          0          0          0   entry8b.o
         8          4          0          0          0          0   entry9a.o
        30          0          0          0          0          0   handlers.o
        36          8          0          0          0         68   init.o
         0          0          0          0          0          0   iusefp.o
        30          0          0          0          0         68   llshl.o
        36          0          0          0          0         68   llsshr.o
        32          0          0          0          0         68   llushr.o
        36          0          0          0          0        108   memseta.o
      2276         86          0          0          0        520   printfa.o
        14          0          0          0          0         68   strlen.o
        36          0          0          0          0         80   strstr.o
        44          0          0          0          0         80   uidiv.o
        98          0          0          0          0         92   uldiv.o
        48          0          0          0          0         68   cdrcmple.o
        20          0          0          0          0         68   cfcmple.o
        56          0          0          0          0         88   d2f.o
       334          0          0          0          0        148   dadd.o
       222          0          0          0          0        100   ddiv.o
       186          0          0          0          0        176   depilogue.o
        62          0          0          0          0         80   dfixi.o
        48          0          0          0          0         68   dfixul.o
        26          0          0          0          0         76   dfltui.o
       228          0          0          0          0         96   dmul.o
        38          0          0          0          0         68   f2d.o
       176          0          0          0          0        140   fadd.o
       124          0          0          0          0         88   fdiv.o
       110          0          0          0          0        168   fepilogue.o
        18          0          0          0          0         68   fflti.o
        10          0          0          0          0         68   ffltui.o
       100          0          0          0          0         76   fmul.o

    ----------------------------------------------------------------------
      4592        102          0          0          0       2864   Library Totals
         4          0          0          0          0          0   (incl. Padding)

    ----------------------------------------------------------------------

      Code (inc. data)   RO Data    RW Data    ZI Data      Debug   Library Name

      2782        102          0          0          0       1220   mc_w.l
      1806          0          0          0          0       1644   mf_w.l

    ----------------------------------------------------------------------
      4592        102          0          0          0       2864   Library Totals

    ----------------------------------------------------------------------

==============================================================================


      Code (inc. data)   RO Data    RW Data    ZI Data      Debug   

     18636       1706     103860       1700       5420     366868   Grand Totals
     18636       1706     103860        644       5420     366868   ELF Image Totals (compressed)
     18636       1706     103860        644          0          0   ROM Totals

==============================================================================

    Total RO  Size (Code + RO Data)               122496 ( 119.63kB)
    Total RW  Size (RW Data + ZI Data)              7120 (   6.95kB)
    Total ROM Size (Code + RO Data + RW Data)     123140 ( 120.25kB)

==============================================================================

