<html>
<body>
<pre>
<h1>礦ision Build Log</h1>
<h2>Tool Versions:</h2>
IDE-Version: μVision V5.24.2.0
Copyright (C) 2017 ARM Ltd and ARM Germany GmbH. All rights reserved.
License Information: 111 W, 111, LIC=MPPLD-8XPVW-LQV0Q-NLSKS-YMS3R-6J9XN
 
Tool Versions:
Toolchain:       MDK-ARM Plus  Version: 5.24.1
Toolchain Path:  D:\keli5\ARM\ARMCC\Bin
C Compiler:      Armcc.exe V5.06 update 5 (build 528)
Assembler:       Armasm.exe V5.06 update 5 (build 528)
Linker/Locator:  ArmLink.exe V5.06 update 5 (build 528)
Library Manager: ArmAr.exe V5.06 update 5 (build 528)
Hex Converter:   FromElf.exe V5.06 update 5 (build 528)
CPU DLL:         SARMCM3.DLL V5.24.1
Dialog DLL:      DCM.DLL V1.16.0.0
Target DLL:      STLink\ST-LINKIII-KEIL_SWO.dll V3.0.1.0
Dialog DLL:      TCM.DLL V1.32.0.0
 
<h2>Project:</h2>
C:\Users\W\Desktop\上位机(4min) - 副本 - 副本 - 副本 - 副本\上位机(4min)\USER\RCT6_template.uvprojx
Project File Date:  06/18/2024

<h2>Output:</h2>
*** Using Compiler 'V5.06 update 5 (build 528)', folder: 'D:\keli5\ARM\ARMCC\Bin'
Rebuild target 'RCT6_template'
compiling lcd_fonts.c...
compiling WS2812.c...
compiling motor.c...
compiling main.c...
compiling system_stm32f10x.c...
compiling usart.c...
compiling stm32f10x_it.c...
compiling led.c...
compiling fifo.c...
compiling LobotServoController.c...
compiling lcd_spi_169.c...
compiling ArmCamera.c...
compiling tim.c...
compiling key.c...
compiling lcd_image.c...
compiling EspCommand.c...
assembling startup_stm32f10x_hd.s...
compiling core_cm3.c...
compiling misc.c...
compiling stm32f10x_pwr.c...
compiling stm32f10x_gpio.c...
compiling delay.c...
compiling sys.c...
compiling stm32f10x_sdio.c...
compiling stm32f10x_usart.c...
compiling stm32f10x_rcc.c...
compiling stm32f10x_dma.c...
compiling stm32f10x_tim.c...
compiling stm32f10x_spi.c...
linking...
Program Size: Code=18636 RO-data=103860 RW-data=1700 ZI-data=5420  
FromELF: creating hex file...
"..\OBJ\RCT6_template.axf" - 0 Error(s), 0 Warning(s).

<h2>Software Packages used:</h2>

Package Vendor: Keil
                http://www.keil.com/pack/Keil.STM32F1xx_DFP.2.2.0.pack
                Keil.STM32F1xx_DFP.2.2.0
                STMicroelectronics STM32F1 Series Device Support, Drivers and Examples

<h2>Collection of Component include folders:</h2>
  .\RTE\_RCT6_template
  D:\keli5\ARM\PACK\Keil\STM32F1xx_DFP\2.2.0\Device\Include

<h2>Collection of Component Files used:</h2>
Build Time Elapsed:  00:00:02
</pre>
</body>
</html>
